ÃÊ±âÈ­: results/es/bc_init.npz (hidden=(32, 32), 1827 params)
[gen    1] fit mean=   2.350 max=   8.992 theta=   6.819 accept=0/1 lr=0.0070 alpha>=0.25 (6s)
[gen   15] fit mean=   0.473 max=   8.990 theta=   8.213 accept=11/15 lr=0.0075 alpha>=0.25 (66s)
[gen   30] fit mean=  -6.056 max=   5.943 theta=  -0.090 accept=22/30 lr=0.0073 alpha>=0.25 (133s)
[gen   45] fit mean=   5.723 max=  15.521 theta=   4.231 accept=27/45 lr=0.0025 alpha>=0.25 (198s)
[gen   60] fit mean=  -1.376 max=   8.683 theta=  -1.373 accept=34/60 lr=0.0025 alpha>=0.25 (266s)
[gen   75] fit mean=   3.191 max=   9.363 theta=   8.246 accept=42/75 lr=0.0033 alpha>=0.25 (331s)
[gen   90] fit mean=  -2.481 max=   3.119 theta=   0.720 accept=53/90 lr=0.0040 alpha>=0.25 (396s)
[gen  105] fit mean=  -3.103 max=   1.991 theta=  -0.034 accept=65/105 lr=0.0056 alpha>=0.25 (462s)
[gen  120] fit mean=  -2.719 max=   3.344 theta=  -1.165 accept=73/120 lr=0.0044 alpha>=0.25 (530s)
[gen  135] fit mean=  -4.652 max=   1.756 theta=   3.855 accept=81/135 lr=0.0029 alpha>=0.25 (599s)
[gen  150] fit mean=   0.884 max=   8.683 theta=   4.891 accept=90/150 lr=0.0027 alpha>=0.25 (667s)
[gen  165] fit mean=   0.781 max=   7.938 theta=   8.256 accept=101/165 lr=0.0040 alpha>=0.25 (735s)
[gen  180] fit mean=   2.055 max=  10.634 theta=   8.263 accept=107/180 lr=0.0025 alpha>=0.25 (803s)
[gen  195] fit mean=  -6.681 max=   1.952 theta=  -4.197 accept=112/195 lr=0.0025 alpha>=0.25 (870s)
[gen  210] fit mean=  -1.516 max=   4.432 theta=   0.953 accept=122/210 lr=0.0038 alpha>=0.25 (938s)
[gen  225] fit mean=   3.695 max=   9.533 theta=   8.720 accept=129/225 lr=0.0029 alpha>=0.25 (1006s)
[gen  240] fit mean=  -4.696 max=   3.378 theta=   3.919 accept=135/240 lr=0.0025 alpha>=0.25 (1074s)
[gen  255] fit mean=   1.185 max=   6.574 theta=   6.757 accept=146/255 lr=0.0040 alpha>=0.25 (1140s)
[gen  270] fit mean=   2.452 max=  10.208 theta=   7.485 accept=155/270 lr=0.0025 alpha>=0.25 (1207s)
[gen  285] fit mean=  -0.640 max=   5.705 theta=   5.254 accept=164/285 lr=0.0038 alpha>=0.25 (1274s)
[gen  300] fit mean=   4.566 max=  13.586 theta=   9.914 accept=172/300 lr=0.0025 alpha>=0.25 (1339s)
