ÃÊ±âÈ­: results/es/bc_init.npz (hidden=(32, 32), 1827 params)
[gen    1] fit mean=  -2.755 max=   4.723 theta=   5.202 accept=1/1 lr=0.0100 alpha>=0.25 (6s)
[gen   15] fit mean=   2.057 max=   9.010 theta=   6.967 accept=6/15 lr=0.0025 alpha>=0.25 (68s)
[gen   30] fit mean=  -0.907 max=   7.814 theta=  10.949 accept=16/30 lr=0.0035 alpha>=0.25 (135s)
[gen   45] fit mean=  -1.723 max=   4.013 theta=   1.851 accept=25/45 lr=0.0027 alpha>=0.25 (203s)
[gen   60] fit mean=  -0.642 max=   4.685 theta=   2.714 accept=34/60 lr=0.0025 alpha>=0.25 (272s)
[gen   75] fit mean=  -1.349 max=   5.903 theta=   7.391 accept=44/75 lr=0.0038 alpha>=0.25 (340s)
[gen   90] fit mean=   3.387 max=   8.666 theta=   3.137 accept=54/90 lr=0.0043 alpha>=0.25 (406s)
[gen  105] fit mean=  -6.151 max=  -1.654 theta=  -4.133 accept=54/105 lr=0.0025 alpha>=0.25 (473s)
[gen  120] fit mean=   3.469 max=  14.186 theta=   8.377 accept=61/120 lr=0.0033 alpha>=0.25 (539s)
[gen  135] fit mean=  -3.887 max=   2.157 theta=   0.241 accept=72/135 lr=0.0037 alpha>=0.25 (606s)
[gen  150] fit mean=  -2.035 max=   5.436 theta=  -0.241 accept=81/150 lr=0.0025 alpha>=0.25 (675s)
[gen  165] fit mean=  -7.439 max=   1.463 theta=  -2.143 accept=91/165 lr=0.0030 alpha>=0.25 (741s)
[gen  180] fit mean=   5.026 max=  15.647 theta=  11.985 accept=97/180 lr=0.0029 alpha>=0.25 (809s)
[gen  195] fit mean=  -2.361 max=   3.204 theta=   4.722 accept=104/195 lr=0.0025 alpha>=0.25 (878s)
[gen  210] fit mean=  -4.552 max=   1.170 theta=  -0.811 accept=115/210 lr=0.0033 alpha>=0.25 (947s)
[gen  225] fit mean=  -1.231 max=   9.355 theta=   5.471 accept=121/225 lr=0.0025 alpha>=0.25 (1014s)
[gen  240] fit mean=  -5.610 max=  -0.964 theta=  -1.743 accept=131/240 lr=0.0035 alpha>=0.25 (1081s)
[gen  255] fit mean=  -5.777 max=   1.024 theta=  -0.077 accept=139/255 lr=0.0040 alpha>=0.25 (1148s)
[gen  270] fit mean=   0.952 max=  10.229 theta=   5.725 accept=150/270 lr=0.0045 alpha>=0.25 (1215s)
[gen  285] fit mean=   3.095 max=  11.089 theta=   5.265 accept=160/285 lr=0.0031 alpha>=0.25 (1285s)
[gen  300] fit mean= -10.320 max=  -6.149 theta= -10.805 accept=170/300 lr=0.0044 alpha>=0.25 (1353s)
