ÃÊ±âÈ­: results/es/bc_init.npz (hidden=(32, 32), 1827 params)
[gen    1] fit mean=  -7.039 max=  -2.253 theta=  -4.667 accept=1/1 lr=0.0100 alpha>=0.25 (6s)
[gen   15] fit mean=   1.644 max=  13.576 theta=   8.654 accept=8/15 lr=0.0025 alpha>=0.25 (70s)
[gen   30] fit mean=  -8.741 max=  -0.220 theta=  -0.882 accept=18/30 lr=0.0035 alpha>=0.25 (157s)
[gen   45] fit mean=  -4.964 max=   3.795 theta=  -2.880 accept=30/45 lr=0.0065 alpha>=0.25 (248s)
[gen   60] fit mean=  -2.231 max=   5.404 theta=   2.035 accept=36/60 lr=0.0025 alpha>=0.25 (338s)
[gen   75] fit mean=  -4.227 max=   3.691 theta=   0.899 accept=44/75 lr=0.0025 alpha>=0.25 (435s)
[gen   90] fit mean=   0.565 max=  10.759 theta=   7.838 accept=50/90 lr=0.0025 alpha>=0.25 (535s)
[gen  105] fit mean=  -2.499 max=   5.437 theta=   3.862 accept=59/105 lr=0.0025 alpha>=0.25 (629s)
[gen  120] fit mean=  -6.817 max=  -2.005 theta=  -1.495 accept=68/120 lr=0.0033 alpha>=0.25 (724s)
[gen  135] fit mean=   0.363 max=   8.936 theta=   8.233 accept=78/135 lr=0.0025 alpha>=0.25 (812s)
[gen  150] fit mean=   5.953 max=  14.032 theta=  14.440 accept=85/150 lr=0.0029 alpha>=0.25 (909s)
[gen  165] fit mean=   2.443 max=  14.699 theta=   3.765 accept=95/165 lr=0.0038 alpha>=0.25 (993s)
[gen  180] fit mean=  -2.091 max=   2.933 theta=  -0.099 accept=107/180 lr=0.0060 alpha>=0.25 (1090s)
[gen  195] fit mean=  -4.912 max=   3.622 theta=   1.410 accept=116/195 lr=0.0029 alpha>=0.25 (1182s)
[gen  210] fit mean=   2.426 max=   9.163 theta=   3.277 accept=124/210 lr=0.0029 alpha>=0.25 (1277s)
[gen  225] fit mean=   4.283 max=  13.494 theta=  10.303 accept=134/225 lr=0.0029 alpha>=0.25 (1370s)
[gen  240] fit mean=   1.267 max=   9.407 theta=   5.546 accept=142/240 lr=0.0027 alpha>=0.25 (1465s)
[gen  255] fit mean=  -5.727 max=   0.053 theta=  -0.032 accept=152/255 lr=0.0025 alpha>=0.25 (1560s)
[gen  270] fit mean=   0.308 max=   5.169 theta=   2.138 accept=160/270 lr=0.0025 alpha>=0.25 (1654s)
[gen  285] fit mean=  -3.728 max=  -0.301 theta=  -1.649 accept=170/285 lr=0.0062 alpha>=0.25 (1751s)
[gen  300] fit mean=  -4.810 max=   3.763 theta=   3.454 accept=176/300 lr=0.0029 alpha>=0.25 (1845s)
