ÃÊ±âÈ­: results/es/bc_init.npz (hidden=(32, 32), 1827 params)
[gen    1] fit mean=  -7.648 max=  -1.539 theta=  -5.032 accept=1/1 lr=0.0100 alpha>=0.25 (6s)
[gen   15] fit mean=  -1.381 max=   6.530 theta=  -2.251 accept=12/15 lr=0.0091 alpha>=0.25 (67s)
[gen   30] fit mean=  -3.002 max=   2.510 theta=  -5.053 accept=19/30 lr=0.0033 alpha>=0.25 (136s)
[gen   45] fit mean=  -0.792 max=   6.401 theta=   3.530 accept=26/45 lr=0.0025 alpha>=0.25 (204s)
[gen   60] fit mean=  -1.112 max=  10.325 theta=   5.661 accept=35/60 lr=0.0029 alpha>=0.25 (271s)
[gen   75] fit mean=  -4.783 max=   2.264 theta=  -3.694 accept=43/75 lr=0.0029 alpha>=0.25 (339s)
[gen   90] fit mean=   1.467 max=   7.146 theta=   4.120 accept=54/90 lr=0.0043 alpha>=0.25 (406s)
[gen  105] fit mean=  -1.373 max=   5.093 theta=   5.630 accept=61/105 lr=0.0038 alpha>=0.25 (473s)
[gen  120] fit mean=   2.893 max=   7.851 theta=   6.024 accept=71/120 lr=0.0031 alpha>=0.25 (541s)
[gen  135] fit mean=   6.749 max=  15.784 theta=  13.564 accept=79/135 lr=0.0025 alpha>=0.25 (609s)
[gen  150] fit mean=   1.147 max=   5.015 theta=  -2.126 accept=87/150 lr=0.0029 alpha>=0.25 (677s)
[gen  165] fit mean=   3.337 max=  10.208 theta=   5.518 accept=93/165 lr=0.0025 alpha>=0.25 (746s)
[gen  180] fit mean=   2.852 max=   8.830 theta=   9.230 accept=99/180 lr=0.0029 alpha>=0.25 (816s)
[gen  195] fit mean=  -2.965 max=   8.922 theta=   8.422 accept=107/195 lr=0.0025 alpha>=0.25 (884s)
[gen  210] fit mean=  -0.053 max=   6.581 theta=   3.331 accept=116/210 lr=0.0035 alpha>=0.25 (952s)
[gen  225] fit mean=  -4.490 max=   2.818 theta=  -0.078 accept=127/225 lr=0.0039 alpha>=0.25 (1019s)
[gen  240] fit mean=   0.774 max=   8.925 theta=   0.922 accept=134/240 lr=0.0038 alpha>=0.25 (1087s)
[gen  255] fit mean=   4.518 max=   8.997 theta=   6.592 accept=142/255 lr=0.0029 alpha>=0.25 (1154s)
[gen  270] fit mean=  -3.990 max=   3.111 theta=   0.381 accept=155/270 lr=0.0100 alpha>=0.25 (1222s)
[gen  285] fit mean=   3.521 max=   9.385 theta=   7.340 accept=164/285 lr=0.0031 alpha>=0.25 (1290s)
[gen  300] fit mean=   5.983 max=  14.152 theta=  11.333 accept=171/300 lr=0.0038 alpha>=0.25 (1358s)
