ÃÊ±âÈ­: results/es/bc_init.npz (hidden=(32, 32), 1827 params)
[gen    1] fit mean=  -1.497 max=   6.330 theta=   2.014 accept=0/1 lr=0.0070 alpha>=0.25 (5s)
[gen   15] fit mean=  -7.709 max=  -3.257 theta=  -2.086 accept=8/15 lr=0.0025 alpha>=0.25 (66s)
[gen   30] fit mean=  -0.284 max=   6.076 theta=   4.741 accept=15/30 lr=0.0044 alpha>=0.25 (132s)
[gen   45] fit mean=  -4.005 max=   5.158 theta=  -2.013 accept=23/45 lr=0.0031 alpha>=0.25 (197s)
[gen   60] fit mean=  -4.013 max=   0.491 theta=   1.099 accept=33/60 lr=0.0050 alpha>=0.25 (266s)
[gen   75] fit mean=  -3.014 max=   3.484 theta=   6.953 accept=43/75 lr=0.0035 alpha>=0.25 (336s)
[gen   90] fit mean=  -1.061 max=   6.699 theta=   3.538 accept=48/90 lr=0.0029 alpha>=0.25 (405s)
[gen  105] fit mean=  -0.577 max=   7.881 theta=   6.074 accept=57/105 lr=0.0033 alpha>=0.25 (475s)
[gen  120] fit mean=  -0.086 max=   6.461 theta=   5.511 accept=65/120 lr=0.0040 alpha>=0.25 (545s)
[gen  135] fit mean=  -1.020 max=   7.330 theta=   1.963 accept=75/135 lr=0.0040 alpha>=0.25 (615s)
[gen  150] fit mean=  -2.158 max=   4.015 theta=  -0.634 accept=82/150 lr=0.0025 alpha>=0.25 (687s)
[gen  165] fit mean=   4.262 max=  10.740 theta=  10.095 accept=92/165 lr=0.0040 alpha>=0.25 (755s)
[gen  180] fit mean=   4.045 max=  12.083 theta=   2.244 accept=100/180 lr=0.0025 alpha>=0.25 (823s)
[gen  195] fit mean=  10.191 max=  17.800 theta=  15.877 accept=105/195 lr=0.0025 alpha>=0.25 (891s)
[gen  210] fit mean=   1.524 max=  10.065 theta=   3.907 accept=113/210 lr=0.0033 alpha>=0.25 (960s)
[gen  225] fit mean=   5.421 max=  11.350 theta=  11.763 accept=121/225 lr=0.0025 alpha>=0.25 (1029s)
[gen  240] fit mean=  -2.613 max=   6.635 theta=   7.517 accept=131/240 lr=0.0031 alpha>=0.25 (1099s)
[gen  255] fit mean=   6.117 max=  18.458 theta=  16.070 accept=136/255 lr=0.0025 alpha>=0.25 (1167s)
[gen  270] fit mean=  -0.725 max=   7.602 theta=   6.827 accept=146/270 lr=0.0033 alpha>=0.25 (1233s)
[gen  285] fit mean=  -3.406 max=   0.521 theta=  -4.095 accept=156/285 lr=0.0033 alpha>=0.25 (1302s)
[gen  300] fit mean=   2.401 max=   7.460 theta=   9.290 accept=167/300 lr=0.0047 alpha>=0.25 (1370s)
