ÃÊ±âÈ­: results/es/bc_init.npz (hidden=(32, 32), 1827 params)
[gen    1] fit mean=  -6.978 max=  -0.935 theta=  -4.136 accept=1/1 lr=0.0100 alpha>=0.25 (5s)
[gen   15] fit mean=   2.244 max=   8.921 theta=   4.312 accept=5/15 lr=0.0025 alpha>=0.25 (62s)
[gen   30] fit mean=  -0.541 max=   9.376 theta=   4.839 accept=14/30 lr=0.0025 alpha>=0.25 (159s)
[gen   45] fit mean=  -3.598 max=   2.954 theta=  -0.679 accept=25/45 lr=0.0058 alpha>=0.25 (256s)
[gen   60] fit mean=  -0.212 max=   5.426 theta=   3.534 accept=33/60 lr=0.0025 alpha>=0.25 (353s)
[gen   75] fit mean=   1.288 max=  11.818 theta=  11.445 accept=45/75 lr=0.0046 alpha>=0.25 (450s)
[gen   90] fit mean=  -2.187 max=   5.346 theta=   3.343 accept=51/90 lr=0.0033 alpha>=0.25 (544s)
[gen  105] fit mean=  -1.341 max=   6.807 theta=   2.367 accept=63/105 lr=0.0061 alpha>=0.25 (639s)
[gen  120] fit mean=   3.180 max=  13.134 theta=  11.372 accept=71/120 lr=0.0025 alpha>=0.25 (735s)
[gen  135] fit mean=  -3.561 max=   3.954 theta=   0.649 accept=78/135 lr=0.0025 alpha>=0.25 (813s)
[gen  150] fit mean=  -2.573 max=   5.632 theta=   6.817 accept=86/150 lr=0.0029 alpha>=0.25 (893s)
[gen  165] fit mean=   5.865 max=  12.258 theta=   9.547 accept=96/165 lr=0.0033 alpha>=0.25 (963s)
[gen  180] fit mean=   1.699 max=  10.246 theta=   6.953 accept=104/180 lr=0.0025 alpha>=0.25 (1033s)
[gen  195] fit mean=  -6.069 max=  -0.720 theta=  -2.697 accept=111/195 lr=0.0025 alpha>=0.25 (1107s)
[gen  210] fit mean=   2.538 max=  11.486 theta=   6.650 accept=120/210 lr=0.0025 alpha>=0.25 (1180s)
[gen  225] fit mean=  -2.630 max=   1.534 theta=   1.819 accept=127/225 lr=0.0025 alpha>=0.25 (1253s)
[gen  240] fit mean=   0.232 max=   9.946 theta=   7.911 accept=137/240 lr=0.0025 alpha>=0.25 (1353s)
[gen  255] fit mean=  -1.969 max=   3.720 theta=   0.952 accept=148/255 lr=0.0067 alpha>=0.25 (1458s)
[gen  270] fit mean=  -0.541 max=   9.589 theta=   3.695 accept=156/270 lr=0.0025 alpha>=0.25 (1564s)
[gen  285] fit mean=  -5.148 max=  -0.635 theta=  -1.009 accept=168/285 lr=0.0100 alpha>=0.25 (1674s)
[gen  300] fit mean=  -0.766 max=   5.321 theta=   3.691 accept=175/300 lr=0.0029 alpha>=0.25 (1785s)
