ÃÊ±âÈ­: results/es/bc_init.npz (hidden=(32, 32), 1827 params)
[gen    1] fit mean=   1.848 max=  11.261 theta=   7.812 accept=0/1 lr=0.0070 alpha>=0.25 (6s)
[gen   15] fit mean=  -3.083 max=   5.234 theta=   2.171 accept=9/15 lr=0.0041 alpha>=0.25 (119s)
[gen   30] fit mean=  -2.834 max=   2.364 theta=  -5.488 accept=17/30 lr=0.0040 alpha>=0.25 (328s)
[gen   45] fit mean=  -3.535 max=   7.480 theta=   1.346 accept=29/45 lr=0.0070 alpha>=0.25 (510s)
[gen   60] fit mean=  -1.663 max=   5.036 theta=   0.324 accept=39/60 lr=0.0048 alpha>=0.25 (593s)
[gen   75] fit mean=  -6.294 max=  -0.176 theta=  -1.217 accept=46/75 lr=0.0033 alpha>=0.25 (687s)
[gen   90] fit mean=   0.808 max=  13.531 theta=   9.646 accept=56/90 lr=0.0029 alpha>=0.25 (876s)
[gen  105] fit mean=   0.515 max=  12.143 theta=   6.722 accept=65/105 lr=0.0025 alpha>=0.25 (1069s)
[gen  120] fit mean=   0.433 max=   7.780 theta=   8.538 accept=73/120 lr=0.0050 alpha>=0.25 (1187s)
[gen  135] fit mean=   6.442 max=  16.535 theta=  14.872 accept=85/135 lr=0.0092 alpha>=0.25 (1298s)
[gen  150] fit mean=   4.660 max=  13.920 theta=  11.279 accept=94/150 lr=0.0032 alpha>=0.25 (1411s)
[gen  165] fit mean=   3.807 max=  13.329 theta=   9.890 accept=101/165 lr=0.0025 alpha>=0.25 (1519s)
[gen  180] fit mean=   7.703 max=  19.919 theta=   8.518 accept=113/180 lr=0.0046 alpha>=0.25 (1631s)
[gen  195] fit mean=   2.376 max=  10.121 theta=   5.826 accept=123/195 lr=0.0031 alpha>=0.25 (1713s)
[gen  210] fit mean=   6.510 max=  12.473 theta=   8.565 accept=131/210 lr=0.0029 alpha>=0.25 (1850s)
[gen  225] fit mean=   3.623 max=  11.673 theta=   5.838 accept=136/225 lr=0.0025 alpha>=0.25 (2032s)
[gen  240] fit mean=   1.718 max=   9.853 theta=   9.319 accept=148/240 lr=0.0057 alpha>=0.25 (2111s)
[gen  255] fit mean=   8.917 max=  14.111 theta=  15.055 accept=153/255 lr=0.0025 alpha>=0.25 (2181s)
[gen  270] fit mean=   8.162 max=  15.056 theta=  13.888 accept=161/270 lr=0.0025 alpha>=0.25 (2261s)
[gen  285] fit mean=  -2.473 max=   4.451 theta=  -2.000 accept=170/285 lr=0.0025 alpha>=0.25 (2333s)
[gen  300] fit mean=   2.325 max=  10.112 theta=   7.314 accept=182/300 lr=0.0057 alpha>=0.25 (2413s)
