ÃÊ±âÈ­: results/es/bc_init.npz (hidden=(32, 32), 1827 params)
[gen    1] fit mean=  -2.811 max=   6.442 theta=  -0.612 accept=0/1 lr=0.0070 alpha>=0.25 (5s)
[gen   15] fit mean=  -4.515 max=   2.899 theta=  -1.287 accept=6/15 lr=0.0029 alpha>=0.25 (67s)
[gen   30] fit mean=   1.746 max=   8.571 theta=   4.057 accept=12/30 lr=0.0025 alpha>=0.25 (131s)
[gen   45] fit mean=  -0.826 max=   4.804 theta=   6.016 accept=21/45 lr=0.0033 alpha>=0.25 (198s)
[gen   60] fit mean=  -4.050 max=   3.217 theta=   7.126 accept=29/60 lr=0.0044 alpha>=0.25 (268s)
[gen   75] fit mean=  -6.881 max=  -0.050 theta=  -6.296 accept=41/75 lr=0.0065 alpha>=0.25 (335s)
[gen   90] fit mean=  -4.840 max=   5.261 theta=  -1.512 accept=50/90 lr=0.0027 alpha>=0.25 (400s)
[gen  105] fit mean=   0.940 max=   8.093 theta=   4.284 accept=60/105 lr=0.0033 alpha>=0.25 (469s)
[gen  120] fit mean=   0.803 max=  10.756 theta=   5.378 accept=69/120 lr=0.0035 alpha>=0.25 (537s)
[gen  135] fit mean=  -7.441 max=   0.211 theta=  -7.693 accept=77/135 lr=0.0035 alpha>=0.25 (605s)
[gen  150] fit mean=   7.463 max=  19.740 theta=  18.761 accept=88/150 lr=0.0039 alpha>=0.25 (672s)
[gen  165] fit mean=  -1.222 max=   2.656 theta=   1.040 accept=98/165 lr=0.0033 alpha>=0.25 (741s)
[gen  180] fit mean=  -3.495 max=   1.928 theta=   1.454 accept=106/180 lr=0.0025 alpha>=0.25 (811s)
[gen  195] fit mean=  -2.177 max=   8.691 theta=   6.145 accept=114/195 lr=0.0029 alpha>=0.25 (878s)
[gen  210] fit mean=  -0.758 max=   3.979 theta=   6.355 accept=123/210 lr=0.0033 alpha>=0.25 (945s)
[gen  225] fit mean=  -5.141 max=   3.142 theta=   4.519 accept=130/225 lr=0.0025 alpha>=0.25 (1012s)
[gen  240] fit mean=   0.839 max=  10.780 theta=   4.324 accept=139/240 lr=0.0040 alpha>=0.25 (1081s)
[gen  255] fit mean=   0.369 max=   7.028 theta=   3.755 accept=151/255 lr=0.0076 alpha>=0.25 (1149s)
[gen  270] fit mean=  -2.365 max=   4.321 theta=   3.278 accept=159/270 lr=0.0035 alpha>=0.25 (1217s)
[gen  285] fit mean=   1.476 max=   6.750 theta=   4.118 accept=169/285 lr=0.0031 alpha>=0.25 (1286s)
[gen  300] fit mean=  -1.467 max=   2.846 theta=   2.209 accept=177/300 lr=0.0029 alpha>=0.25 (1354s)
