ÃÊ±âÈ­: results/es/bc_init.npz (hidden=(32, 32), 1827 params)
[gen    1] fit mean=   3.788 max=  13.175 theta=  12.077 accept=0/1 lr=0.0070 alpha>=0.25 (6s)
[gen   15] fit mean=   0.498 max=   9.618 theta=   1.386 accept=8/15 lr=0.0025 alpha>=0.25 (93s)
[gen   30] fit mean=  -4.397 max=   2.034 theta=  -6.119 accept=17/30 lr=0.0028 alpha>=0.25 (189s)
[gen   45] fit mean=   0.588 max=   6.524 theta=   7.547 accept=27/45 lr=0.0033 alpha>=0.25 (287s)
[gen   60] fit mean=   0.677 max=   8.404 theta=   3.760 accept=34/60 lr=0.0033 alpha>=0.25 (384s)
[gen   75] fit mean=   0.798 max=   6.372 theta=   4.940 accept=41/75 lr=0.0029 alpha>=0.25 (483s)
[gen   90] fit mean=   0.478 max=   8.215 theta=   3.983 accept=49/90 lr=0.0029 alpha>=0.25 (576s)
[gen  105] fit mean=   2.216 max=  10.395 theta=  10.172 accept=57/105 lr=0.0033 alpha>=0.25 (672s)
[gen  120] fit mean=  -2.441 max=   3.773 theta=  -2.696 accept=67/120 lr=0.0038 alpha>=0.25 (772s)
[gen  135] fit mean=  -2.829 max=   5.370 theta=   4.803 accept=78/135 lr=0.0042 alpha>=0.25 (866s)
[gen  150] fit mean=   5.707 max=  13.700 theta=   9.236 accept=86/150 lr=0.0025 alpha>=0.25 (964s)
[gen  165] fit mean=  -7.516 max=  -0.462 theta=  -6.156 accept=93/165 lr=0.0029 alpha>=0.25 (1066s)
[gen  180] fit mean=   0.981 max=   7.030 theta=   6.234 accept=105/180 lr=0.0088 alpha>=0.25 (1166s)
[gen  195] fit mean=   3.270 max=  12.324 theta=  11.335 accept=114/195 lr=0.0036 alpha>=0.25 (1263s)
[gen  210] fit mean=  -0.491 max=   6.495 theta=   7.860 accept=122/210 lr=0.0033 alpha>=0.25 (1362s)
[gen  225] fit mean=   3.168 max=  11.894 theta=   6.101 accept=134/225 lr=0.0071 alpha>=0.25 (1461s)
[gen  240] fit mean=  -0.484 max=   5.999 theta=   6.551 accept=144/240 lr=0.0048 alpha>=0.25 (1569s)
[gen  255] fit mean=   9.524 max=  18.376 theta=  18.083 accept=153/255 lr=0.0025 alpha>=0.25 (1681s)
[gen  270] fit mean=   3.392 max=  11.632 theta=   6.538 accept=163/270 lr=0.0029 alpha>=0.25 (1795s)
[gen  285] fit mean=   2.235 max=   7.850 theta=   6.686 accept=169/285 lr=0.0033 alpha>=0.25 (1907s)
[gen  300] fit mean=   3.097 max=   9.779 theta=   5.937 accept=176/300 lr=0.0029 alpha>=0.25 (2016s)
