ÃÊ±âÈ­: results/es/bc_init.npz (hidden=(32, 32), 1827 params)
[gen    1] fit mean=  -4.647 max=   7.523 theta=   4.667 accept=1/1 lr=0.0100 alpha>=0.25 (15s)
[gen   15] fit mean=   0.082 max=   6.749 theta=  10.626 accept=10/15 lr=0.0059 alpha>=0.25 (159s)
[gen   30] fit mean=  -2.800 max=   8.934 theta=   2.637 accept=17/30 lr=0.0025 alpha>=0.25 (231s)
[gen   45] fit mean=  -1.739 max=   4.887 theta=   3.166 accept=26/45 lr=0.0026 alpha>=0.25 (307s)
[gen   60] fit mean=   5.595 max=  13.171 theta=   8.811 accept=35/60 lr=0.0033 alpha>=0.25 (379s)
[gen   75] fit mean=   1.820 max=  10.985 theta=   4.618 accept=44/75 lr=0.0025 alpha>=0.25 (483s)
[gen   90] fit mean=  -5.646 max=  -1.110 theta=   2.075 accept=53/90 lr=0.0033 alpha>=0.25 (664s)
[gen  105] fit mean=  -7.996 max=  -3.147 theta=  -3.224 accept=61/105 lr=0.0038 alpha>=0.25 (809s)
[gen  120] fit mean=   0.800 max=  12.204 theta=  13.442 accept=70/120 lr=0.0025 alpha>=0.25 (990s)
[gen  135] fit mean=   7.635 max=  14.012 theta=  11.130 accept=77/135 lr=0.0038 alpha>=0.25 (1092s)
[gen  150] fit mean=   4.878 max=  12.473 theta=  11.219 accept=86/150 lr=0.0038 alpha>=0.25 (1161s)
[gen  165] fit mean=   0.549 max=   8.341 theta=   3.372 accept=92/165 lr=0.0029 alpha>=0.25 (1230s)
[gen  180] fit mean=   3.729 max=  13.127 theta=  14.357 accept=103/180 lr=0.0033 alpha>=0.25 (1299s)
[gen  195] fit mean=   3.919 max=  12.045 theta=   9.122 accept=114/195 lr=0.0037 alpha>=0.25 (1366s)
[gen  210] fit mean=   1.969 max=   9.118 theta=   9.533 accept=118/210 lr=0.0025 alpha>=0.25 (1435s)
[gen  225] fit mean=   2.313 max=   9.383 theta=  11.554 accept=124/225 lr=0.0033 alpha>=0.25 (1502s)
[gen  240] fit mean=   4.206 max=  11.386 theta=  12.966 accept=130/240 lr=0.0033 alpha>=0.25 (1569s)
[gen  255] fit mean=  -0.367 max=   6.659 theta=   5.759 accept=139/255 lr=0.0025 alpha>=0.25 (1637s)
[gen  270] fit mean=   0.412 max=   7.508 theta=   0.821 accept=145/270 lr=0.0025 alpha>=0.25 (1705s)
[gen  285] fit mean=  -1.816 max=   4.629 theta=   2.704 accept=153/285 lr=0.0029 alpha>=0.25 (1772s)
[gen  300] fit mean=   2.873 max=  15.235 theta=  16.472 accept=161/300 lr=0.0025 alpha>=0.25 (1839s)
