ÃÊ±âÈ­: results/es/bc_init.npz (hidden=(32, 32), 1827 params)
[gen    1] fit mean=   2.558 max=  13.283 theta=   4.626 accept=1/1 lr=0.0100 alpha>=0.25 (15s)
[gen   15] fit mean=  -2.204 max=   4.815 theta=   7.204 accept=11/15 lr=0.0097 alpha>=0.25 (202s)
[gen   30] fit mean=  -5.887 max=   3.239 theta=  -0.745 accept=19/30 lr=0.0025 alpha>=0.25 (315s)
[gen   45] fit mean=  -1.724 max=   6.198 theta=   3.905 accept=28/45 lr=0.0038 alpha>=0.25 (402s)
[gen   60] fit mean=   1.841 max=  11.294 theta=  10.724 accept=40/60 lr=0.0070 alpha>=0.25 (569s)
[gen   75] fit mean=   1.349 max=   9.112 theta=   5.795 accept=50/75 lr=0.0025 alpha>=0.25 (762s)
[gen   90] fit mean=   3.240 max=  11.404 theta=  14.733 accept=57/90 lr=0.0025 alpha>=0.25 (935s)
[gen  105] fit mean=  -0.375 max=   5.394 theta=   4.001 accept=64/105 lr=0.0025 alpha>=0.25 (1078s)
[gen  120] fit mean=   3.040 max=  12.692 theta=   9.235 accept=72/120 lr=0.0031 alpha>=0.25 (1240s)
[gen  135] fit mean=   1.760 max=   9.836 theta=   5.863 accept=83/135 lr=0.0067 alpha>=0.25 (1411s)
[gen  150] fit mean=  -0.634 max=   7.619 theta=   6.120 accept=93/150 lr=0.0047 alpha>=0.25 (1579s)
[gen  165] fit mean=  -2.782 max=   2.766 theta=   3.710 accept=102/165 lr=0.0044 alpha>=0.25 (1747s)
[gen  180] fit mean=   3.431 max=  11.607 theta=  12.170 accept=113/180 lr=0.0050 alpha>=0.25 (1858s)
[gen  195] fit mean=   2.721 max=  14.741 theta=  10.516 accept=117/195 lr=0.0025 alpha>=0.25 (2040s)
[gen  210] fit mean=  -0.644 max=   5.176 theta=   4.451 accept=126/210 lr=0.0033 alpha>=0.25 (2181s)
[gen  225] fit mean=   1.397 max=   8.263 theta=   8.568 accept=135/225 lr=0.0025 alpha>=0.25 (2348s)
[gen  240] fit mean=   2.020 max=   9.201 theta=   9.323 accept=141/240 lr=0.0025 alpha>=0.25 (2525s)
[gen  255] fit mean=  -5.198 max=   1.590 theta=  -2.639 accept=149/255 lr=0.0033 alpha>=0.25 (2674s)
[gen  270] fit mean=  -4.219 max=   0.982 theta=  -0.164 accept=157/270 lr=0.0038 alpha>=0.25 (2751s)
[gen  285] fit mean=  -1.157 max=   4.745 theta=   3.990 accept=165/285 lr=0.0029 alpha>=0.25 (2829s)
[gen  300] fit mean=   8.340 max=  15.574 theta=  17.830 accept=177/300 lr=0.0066 alpha>=0.25 (2957s)
