ÃÊ±âÈ­: results/es/bc_init.npz (hidden=(32, 32), 1827 params)
[gen    1] fit mean=  -2.197 max=   5.552 theta=   1.083 accept=1/1 lr=0.0100 alpha>=0.25 (6s)
[gen   15] fit mean=  -5.796 max=   1.079 theta=  -3.733 accept=10/15 lr=0.0048 alpha>=0.25 (66s)
[gen   30] fit mean=  -3.311 max=   2.988 theta=   0.737 accept=22/30 lr=0.0056 alpha>=0.25 (133s)
[gen   45] fit mean=  -1.075 max=   3.103 theta=   1.175 accept=31/45 lr=0.0025 alpha>=0.25 (208s)
[gen   60] fit mean=  -1.684 max=   6.393 theta=  -2.157 accept=39/60 lr=0.0027 alpha>=0.25 (281s)
[gen   75] fit mean=  -0.113 max=   5.467 theta=   5.645 accept=49/75 lr=0.0031 alpha>=0.25 (350s)
[gen   90] fit mean=  -2.120 max=   5.827 theta=   0.609 accept=55/90 lr=0.0029 alpha>=0.25 (420s)
[gen  105] fit mean=  -1.859 max=   5.194 theta=   2.560 accept=61/105 lr=0.0025 alpha>=0.25 (489s)
[gen  120] fit mean=   4.513 max=  12.412 theta=  11.333 accept=73/120 lr=0.0050 alpha>=0.25 (558s)
[gen  135] fit mean=  -1.523 max=   8.634 theta=   4.315 accept=82/135 lr=0.0044 alpha>=0.25 (628s)
[gen  150] fit mean=   0.463 max=   7.455 theta=   4.326 accept=91/150 lr=0.0029 alpha>=0.25 (709s)
[gen  165] fit mean=  -2.380 max=   3.471 theta=   0.704 accept=99/165 lr=0.0025 alpha>=0.25 (788s)
[gen  180] fit mean=   4.502 max=  10.390 theta=   8.822 accept=105/180 lr=0.0033 alpha>=0.25 (858s)
[gen  195] fit mean=   3.230 max=  10.911 theta=   7.498 accept=110/195 lr=0.0025 alpha>=0.25 (924s)
[gen  210] fit mean=   2.798 max=  16.990 theta=  11.649 accept=120/210 lr=0.0029 alpha>=0.25 (994s)
[gen  225] fit mean=  -1.029 max=   8.436 theta=   2.528 accept=130/225 lr=0.0044 alpha>=0.25 (1062s)
[gen  240] fit mean=  -4.253 max=   4.756 theta=  -2.138 accept=136/240 lr=0.0025 alpha>=0.25 (1131s)
[gen  255] fit mean=   0.048 max=   5.833 theta=   5.507 accept=144/255 lr=0.0025 alpha>=0.25 (1198s)
[gen  270] fit mean=   2.322 max=  10.043 theta=   5.088 accept=153/270 lr=0.0031 alpha>=0.25 (1268s)
[gen  285] fit mean=   8.795 max=  14.371 theta=  11.146 accept=162/285 lr=0.0033 alpha>=0.25 (1337s)
[gen  300] fit mean=   1.350 max=   9.217 theta=   6.784 accept=173/300 lr=0.0037 alpha>=0.25 (1406s)
