ÃÊ±âÈ­: results/es/bc_init.npz (hidden=(32, 32), 1827 params)
[gen    1] fit mean=  -9.907 max=  -5.442 theta=  -7.525 accept=0/1 lr=0.0070 alpha>=0.25 (8s)
[gen   15] fit mean=  -7.398 max=  -2.083 theta=  -3.713 accept=9/15 lr=0.0041 alpha>=0.25 (107s)
[gen   30] fit mean=   1.726 max=  10.537 theta=   7.328 accept=17/30 lr=0.0029 alpha>=0.25 (220s)
[gen   45] fit mean=   0.420 max=  10.137 theta=  11.955 accept=27/45 lr=0.0043 alpha>=0.25 (329s)
[gen   60] fit mean=   1.335 max=   8.798 theta=  10.396 accept=35/60 lr=0.0025 alpha>=0.25 (441s)
[gen   75] fit mean=  -5.070 max=   5.386 theta=   2.540 accept=43/75 lr=0.0025 alpha>=0.25 (542s)
[gen   90] fit mean=  -3.837 max=   5.262 theta=   2.974 accept=52/90 lr=0.0038 alpha>=0.25 (613s)
[gen  105] fit mean=   4.443 max=  11.797 theta=  10.839 accept=61/105 lr=0.0025 alpha>=0.25 (686s)
[gen  120] fit mean=  -2.037 max=   4.535 theta=   5.152 accept=70/120 lr=0.0025 alpha>=0.25 (753s)
[gen  135] fit mean=   3.389 max=  16.341 theta=  15.924 accept=81/135 lr=0.0043 alpha>=0.25 (822s)
[gen  150] fit mean=  -0.516 max=   9.766 theta=   3.418 accept=91/150 lr=0.0029 alpha>=0.25 (900s)
[gen  165] fit mean=   1.790 max=   7.981 theta=   6.265 accept=101/165 lr=0.0031 alpha>=0.25 (981s)
[gen  180] fit mean=   0.508 max=   8.634 theta=   6.642 accept=111/180 lr=0.0027 alpha>=0.25 (1061s)
[gen  195] fit mean=   2.334 max=   9.626 theta=   6.544 accept=120/195 lr=0.0025 alpha>=0.25 (1137s)
[gen  210] fit mean=   4.174 max=   9.111 theta=  11.929 accept=129/210 lr=0.0025 alpha>=0.25 (1213s)
[gen  225] fit mean=   8.503 max=  12.433 theta=  11.955 accept=138/225 lr=0.0025 alpha>=0.25 (1291s)
[gen  240] fit mean=   3.572 max=  12.804 theta=   3.725 accept=149/240 lr=0.0058 alpha>=0.25 (1369s)
[gen  255] fit mean=   0.582 max=   6.803 theta=   9.050 accept=156/255 lr=0.0029 alpha>=0.25 (1449s)
[gen  270] fit mean=   4.275 max=  11.222 theta=  11.668 accept=164/270 lr=0.0029 alpha>=0.25 (1526s)
[gen  285] fit mean=  -0.934 max=   8.100 theta=   6.963 accept=173/285 lr=0.0033 alpha>=0.25 (1604s)
[gen  300] fit mean=   2.114 max=   8.887 theta=   5.538 accept=183/300 lr=0.0058 alpha>=0.25 (1683s)
