ÃÊ±âÈ­: results/es/bc_init.npz (hidden=(32, 32), 1827 params)
[gen    1] fit mean=  -6.693 max=   0.551 theta=  -2.828 accept=0/1 lr=0.0070 alpha>=0.25 (5s)
[gen   15] fit mean=  -1.307 max=   6.302 theta=   4.321 accept=6/15 lr=0.0025 alpha>=0.25 (109s)
[gen   30] fit mean=  -4.695 max=   3.682 theta=  -3.864 accept=15/30 lr=0.0038 alpha>=0.25 (282s)
[gen   45] fit mean=  -8.060 max=  -1.607 theta=  -3.134 accept=22/45 lr=0.0038 alpha>=0.25 (445s)
[gen   60] fit mean=   2.043 max=   5.643 theta=   3.932 accept=32/60 lr=0.0040 alpha>=0.25 (587s)
[gen   75] fit mean=  -2.103 max=   4.241 theta=   3.553 accept=42/75 lr=0.0043 alpha>=0.25 (732s)
[gen   90] fit mean=   0.855 max=   8.431 theta=   6.400 accept=48/90 lr=0.0029 alpha>=0.25 (898s)
[gen  105] fit mean=   6.484 max=  11.736 theta=   8.675 accept=56/105 lr=0.0031 alpha>=0.25 (1063s)
[gen  120] fit mean=  -6.130 max=   0.429 theta=  -3.150 accept=64/120 lr=0.0031 alpha>=0.25 (1231s)
[gen  135] fit mean=  -0.955 max=   5.950 theta=   2.744 accept=75/135 lr=0.0054 alpha>=0.25 (1407s)
[gen  150] fit mean=   2.299 max=   8.080 theta=  17.302 accept=87/150 lr=0.0100 alpha>=0.25 (1527s)
[gen  165] fit mean=  -2.496 max=   3.458 theta=   7.654 accept=97/165 lr=0.0056 alpha>=0.25 (1636s)
[gen  180] fit mean=  -6.394 max=  -2.341 theta=  -4.394 accept=105/180 lr=0.0025 alpha>=0.25 (1739s)
[gen  195] fit mean=  -1.673 max=  10.744 theta=   6.582 accept=115/195 lr=0.0038 alpha>=0.25 (1816s)
[gen  210] fit mean=   0.997 max=   5.261 theta=   5.964 accept=122/210 lr=0.0025 alpha>=0.25 (1897s)
[gen  225] fit mean=  -0.144 max=   5.630 theta=   2.332 accept=132/225 lr=0.0025 alpha>=0.25 (1991s)
[gen  240] fit mean=   6.659 max=  15.449 theta=  10.677 accept=140/240 lr=0.0025 alpha>=0.25 (2071s)
[gen  255] fit mean=   2.730 max=  10.375 theta=   9.493 accept=148/255 lr=0.0033 alpha>=0.25 (2147s)
[gen  270] fit mean=  -3.435 max=   3.076 theta=   0.677 accept=155/270 lr=0.0025 alpha>=0.25 (2222s)
[gen  285] fit mean=  -2.598 max=   3.671 theta=  -1.214 accept=165/285 lr=0.0033 alpha>=0.25 (2302s)
[gen  300] fit mean=   4.898 max=   9.909 theta=  11.066 accept=174/300 lr=0.0029 alpha>=0.25 (2515s)
