ÃÊ±âÈ­: results/es/bc_init.npz (hidden=(32, 32), 1827 params)
[gen    1] fit mean=  -5.115 max=   2.696 theta=  -2.921 accept=1/1 lr=0.0100 alpha>=0.25 (7s)
[gen   15] fit mean=  -0.718 max=   3.824 theta=   1.966 accept=11/15 lr=0.0097 alpha>=0.25 (108s)
[gen   30] fit mean=  -3.980 max=   2.994 theta=   1.179 accept=17/30 lr=0.0025 alpha>=0.25 (221s)
[gen   45] fit mean=  -1.497 max=   9.154 theta=   7.986 accept=26/45 lr=0.0044 alpha>=0.25 (336s)
[gen   60] fit mean=  -3.428 max=   4.266 theta=   3.711 accept=35/60 lr=0.0033 alpha>=0.25 (455s)
[gen   75] fit mean=   7.613 max=  16.952 theta=  14.773 accept=43/75 lr=0.0025 alpha>=0.25 (565s)
[gen   90] fit mean=   1.659 max=   7.873 theta=   8.626 accept=51/90 lr=0.0028 alpha>=0.25 (681s)
[gen  105] fit mean=  -3.758 max=   5.543 theta=  -1.751 accept=61/105 lr=0.0038 alpha>=0.25 (792s)
[gen  120] fit mean=  -4.488 max=   1.322 theta=   1.245 accept=72/120 lr=0.0050 alpha>=0.25 (904s)
[gen  135] fit mean=   0.316 max=   8.363 theta=   9.391 accept=83/135 lr=0.0045 alpha>=0.25 (1009s)
[gen  150] fit mean=  -6.775 max=  -0.661 theta=  -2.281 accept=90/150 lr=0.0025 alpha>=0.25 (1116s)
[gen  165] fit mean=  -6.396 max=   0.913 theta=  -0.880 accept=97/165 lr=0.0025 alpha>=0.25 (1228s)
[gen  180] fit mean=  -1.672 max=   4.726 theta=   0.981 accept=107/180 lr=0.0033 alpha>=0.25 (1328s)
[gen  195] fit mean=  -4.277 max=   0.835 theta=  -1.747 accept=116/195 lr=0.0033 alpha>=0.25 (1424s)
[gen  210] fit mean=   1.158 max=   8.913 theta=   6.330 accept=125/210 lr=0.0044 alpha>=0.25 (1523s)
[gen  225] fit mean=  -0.177 max=   5.289 theta=   4.538 accept=132/225 lr=0.0025 alpha>=0.25 (1621s)
[gen  240] fit mean=  -3.975 max=   1.551 theta=  -3.729 accept=141/240 lr=0.0025 alpha>=0.25 (1720s)
[gen  255] fit mean=   2.999 max=   7.592 theta=   7.561 accept=149/255 lr=0.0029 alpha>=0.25 (1818s)
[gen  270] fit mean=  -1.109 max=   3.061 theta=   2.886 accept=157/270 lr=0.0025 alpha>=0.25 (1918s)
[gen  285] fit mean=   4.818 max=  13.341 theta=   8.294 accept=165/285 lr=0.0029 alpha>=0.25 (2017s)
[gen  300] fit mean=  -3.895 max=   5.175 theta=   8.025 accept=175/300 lr=0.0044 alpha>=0.25 (2115s)
