ÃÊ±âÈ­: results/es/bc_init.npz (hidden=(32, 32), 1827 params)
[gen    1] fit mean=  -3.487 max=   5.396 theta=   5.925 accept=0/1 lr=0.0070 alpha>=0.25 (22s)
[gen   15] fit mean=  -6.787 max=   0.494 theta=  -2.911 accept=6/15 lr=0.0025 alpha>=0.25 (212s)
[gen   30] fit mean=  -4.332 max=   1.228 theta=  -1.779 accept=17/30 lr=0.0040 alpha>=0.25 (339s)
[gen   45] fit mean=   4.120 max=  11.767 theta=  10.780 accept=29/45 lr=0.0073 alpha>=0.25 (426s)
[gen   60] fit mean=   2.844 max=  11.638 theta=   9.881 accept=36/60 lr=0.0033 alpha>=0.25 (512s)
[gen   75] fit mean=  -1.391 max=   7.926 theta=   5.878 accept=42/75 lr=0.0025 alpha>=0.25 (662s)
[gen   90] fit mean=  -1.856 max=   6.528 theta=   4.999 accept=49/90 lr=0.0025 alpha>=0.25 (890s)
[gen  105] fit mean=   4.071 max=  12.052 theta=   8.663 accept=59/105 lr=0.0030 alpha>=0.25 (1082s)
[gen  120] fit mean=   0.403 max=  10.562 theta=   8.782 accept=67/120 lr=0.0025 alpha>=0.25 (1172s)
[gen  135] fit mean=   6.208 max=  14.588 theta=  11.422 accept=76/135 lr=0.0050 alpha>=0.25 (1249s)
[gen  150] fit mean=  -4.353 max=   3.706 theta=   0.182 accept=84/150 lr=0.0038 alpha>=0.25 (1391s)
[gen  165] fit mean=  -4.015 max=   6.141 theta=   4.607 accept=90/165 lr=0.0025 alpha>=0.25 (1502s)
[gen  180] fit mean=   0.529 max=  10.823 theta=   4.374 accept=98/180 lr=0.0025 alpha>=0.25 (1649s)
[gen  195] fit mean=  -3.007 max=   4.268 theta=   1.120 accept=105/195 lr=0.0035 alpha>=0.25 (1808s)
[gen  210] fit mean=  -1.478 max=   4.684 theta=  -0.153 accept=116/210 lr=0.0039 alpha>=0.25 (1991s)
[gen  225] fit mean=  -0.950 max=   4.980 theta=   3.560 accept=125/225 lr=0.0029 alpha>=0.25 (2077s)
[gen  240] fit mean=   5.070 max=  10.315 theta=   8.549 accept=134/240 lr=0.0040 alpha>=0.25 (2271s)
[gen  255] fit mean=  -1.117 max=   4.342 theta=   4.951 accept=144/255 lr=0.0044 alpha>=0.25 (2365s)
[gen  270] fit mean=   8.626 max=  12.967 theta=  12.585 accept=151/270 lr=0.0025 alpha>=0.25 (2591s)
[gen  285] fit mean=   1.777 max=   8.430 theta=   5.433 accept=161/285 lr=0.0040 alpha>=0.25 (2738s)
[gen  300] fit mean=  -4.733 max=   1.711 theta=  -2.521 accept=170/300 lr=0.0038 alpha>=0.25 (2820s)
