ÃÊ±âÈ­: results/es/bc_init.npz (hidden=(32, 32), 1827 params)
[gen    1] fit mean=  -3.419 max=   5.046 theta=  -0.248 accept=0/1 lr=0.0070 alpha>=0.25 (6s)
[gen   15] fit mean=   0.244 max=   7.790 theta=   6.428 accept=5/15 lr=0.0029 alpha>=0.25 (102s)
[gen   30] fit mean=  -6.407 max=   2.369 theta=   2.081 accept=14/30 lr=0.0025 alpha>=0.25 (196s)
[gen   45] fit mean=  -2.365 max=   4.305 theta=   0.407 accept=26/45 lr=0.0047 alpha>=0.25 (281s)
[gen   60] fit mean=   0.888 max=   6.595 theta=   7.384 accept=35/60 lr=0.0025 alpha>=0.25 (351s)
[gen   75] fit mean=  -3.233 max=   6.255 theta=   3.578 accept=44/75 lr=0.0025 alpha>=0.25 (418s)
[gen   90] fit mean=   1.431 max=  10.170 theta=   8.511 accept=54/90 lr=0.0037 alpha>=0.25 (489s)
[gen  105] fit mean=  -2.639 max=   3.690 theta=   4.227 accept=63/105 lr=0.0026 alpha>=0.25 (561s)
[gen  120] fit mean=   2.129 max=  12.340 theta=   9.476 accept=70/120 lr=0.0027 alpha>=0.25 (658s)
[gen  135] fit mean=  -2.905 max=   3.077 theta=  -4.562 accept=77/135 lr=0.0025 alpha>=0.25 (755s)
[gen  150] fit mean=  -0.265 max=   5.401 theta=   0.642 accept=86/150 lr=0.0025 alpha>=0.25 (851s)
[gen  165] fit mean=  -3.620 max=   3.884 theta=   1.654 accept=97/165 lr=0.0050 alpha>=0.25 (950s)
[gen  180] fit mean=  -0.692 max=   5.507 theta=   2.988 accept=105/180 lr=0.0033 alpha>=0.25 (1044s)
[gen  195] fit mean=   3.887 max=  10.476 theta=   8.344 accept=115/195 lr=0.0038 alpha>=0.25 (1141s)
[gen  210] fit mean=   0.129 max=   7.134 theta=   5.840 accept=123/210 lr=0.0033 alpha>=0.25 (1245s)
[gen  225] fit mean=   0.501 max=   7.484 theta=   2.899 accept=131/225 lr=0.0029 alpha>=0.25 (1333s)
[gen  240] fit mean=   5.292 max=  14.839 theta=  10.409 accept=142/240 lr=0.0040 alpha>=0.25 (1410s)
[gen  255] fit mean=  -0.905 max=   4.458 theta=   2.754 accept=152/255 lr=0.0031 alpha>=0.25 (1507s)
[gen  270] fit mean=   3.193 max=  11.937 theta=   6.672 accept=160/270 lr=0.0031 alpha>=0.25 (1608s)
[gen  285] fit mean=   2.889 max=   8.624 theta=   7.899 accept=168/285 lr=0.0028 alpha>=0.25 (1705s)
[gen  300] fit mean=   3.021 max=  12.102 theta=   5.030 accept=177/300 lr=0.0037 alpha>=0.25 (1800s)
