ÃÊ±âÈ­: results/es/bc_init.npz (hidden=(32, 32), 1827 params)
[gen    1] fit mean=   3.231 max=   9.351 theta=   9.507 accept=0/1 lr=0.0070 alpha>=0.25 (7s)
[gen   15] fit mean=  -2.136 max=   7.217 theta=   4.032 accept=9/15 lr=0.0039 alpha>=0.25 (95s)
[gen   30] fit mean=  -3.300 max=   2.827 theta=  -0.537 accept=17/30 lr=0.0025 alpha>=0.25 (191s)
[gen   45] fit mean=   2.638 max=   9.353 theta=   9.728 accept=26/45 lr=0.0050 alpha>=0.25 (285s)
[gen   60] fit mean=  -0.384 max=   6.048 theta=   4.299 accept=33/60 lr=0.0044 alpha>=0.25 (381s)
[gen   75] fit mean=   3.066 max=  11.563 theta=   7.049 accept=41/75 lr=0.0029 alpha>=0.25 (477s)
[gen   90] fit mean=   8.432 max=  15.611 theta=  14.134 accept=48/90 lr=0.0025 alpha>=0.25 (560s)
[gen  105] fit mean=   3.121 max=  11.049 theta=  11.362 accept=55/105 lr=0.0025 alpha>=0.25 (637s)
[gen  120] fit mean=  -4.489 max=   0.996 theta=  -1.452 accept=59/120 lr=0.0025 alpha>=0.25 (708s)
[gen  135] fit mean=   0.392 max=   4.424 theta=   1.484 accept=70/135 lr=0.0035 alpha>=0.25 (775s)
[gen  150] fit mean=   4.823 max=  12.491 theta=  13.455 accept=78/150 lr=0.0029 alpha>=0.25 (845s)
[gen  165] fit mean=  -2.540 max=   1.836 theta=   0.543 accept=87/165 lr=0.0027 alpha>=0.25 (919s)
[gen  180] fit mean=   4.778 max=  14.400 theta=   5.231 accept=92/180 lr=0.0025 alpha>=0.25 (994s)
[gen  195] fit mean=  -1.948 max=   7.111 theta=   4.080 accept=99/195 lr=0.0025 alpha>=0.25 (1058s)
[gen  210] fit mean=   0.495 max=   9.196 theta=   5.437 accept=103/210 lr=0.0025 alpha>=0.25 (1119s)
[gen  225] fit mean=   5.086 max=  12.344 theta=   8.010 accept=113/225 lr=0.0043 alpha>=0.25 (1185s)
[gen  240] fit mean=   5.154 max=  11.900 theta=  13.059 accept=123/240 lr=0.0035 alpha>=0.25 (1247s)
[gen  255] fit mean=   4.830 max=  11.513 theta=  10.757 accept=129/255 lr=0.0025 alpha>=0.25 (1315s)
[gen  270] fit mean=   2.015 max=   9.192 theta=   8.434 accept=138/270 lr=0.0025 alpha>=0.25 (1379s)
[gen  285] fit mean=   3.778 max=  12.727 theta=  11.265 accept=143/285 lr=0.0025 alpha>=0.25 (1445s)
[gen  300] fit mean=  -1.954 max=   4.363 theta=   3.351 accept=149/300 lr=0.0025 alpha>=0.25 (1513s)
