ÃÊ±âÈ­: results/es/bc_init.npz (hidden=(32, 32), 1827 params)
[gen    1] fit mean=  -2.958 max=   3.152 theta=  -3.690 accept=0/1 lr=0.0070 alpha>=0.25 (6s)
[gen   15] fit mean=  -8.104 max=   0.043 theta=  -2.269 accept=9/15 lr=0.0037 alpha>=0.25 (66s)
[gen   30] fit mean=  -2.396 max=   5.681 theta=   3.878 accept=17/30 lr=0.0038 alpha>=0.25 (133s)
[gen   45] fit mean=   2.592 max=   9.653 theta=   7.166 accept=22/45 lr=0.0044 alpha>=0.25 (202s)
[gen   60] fit mean=   2.579 max=   8.170 theta=   7.046 accept=33/60 lr=0.0049 alpha>=0.25 (268s)
[gen   75] fit mean=  -1.918 max=   5.880 theta=   3.545 accept=44/75 lr=0.0042 alpha>=0.25 (335s)
[gen   90] fit mean=  -3.796 max=   1.329 theta=   1.122 accept=53/90 lr=0.0025 alpha>=0.25 (403s)
[gen  105] fit mean=  -0.268 max=   5.563 theta=   6.218 accept=62/105 lr=0.0030 alpha>=0.25 (473s)
[gen  120] fit mean=  -2.118 max=   4.352 theta=   2.262 accept=69/120 lr=0.0029 alpha>=0.25 (544s)
[gen  135] fit mean=   0.755 max=   7.960 theta=   3.286 accept=74/135 lr=0.0025 alpha>=0.25 (613s)
[gen  150] fit mean=   2.447 max=   7.057 theta=   4.452 accept=82/150 lr=0.0029 alpha>=0.25 (681s)
[gen  165] fit mean=   6.721 max=  14.431 theta=  10.924 accept=92/165 lr=0.0026 alpha>=0.25 (748s)
[gen  180] fit mean=   4.744 max=  12.079 theta=   8.488 accept=101/180 lr=0.0029 alpha>=0.25 (818s)
[gen  195] fit mean=   2.447 max=   8.607 theta=   7.401 accept=110/195 lr=0.0033 alpha>=0.25 (883s)
[gen  210] fit mean=   2.205 max=   8.031 theta=   9.704 accept=117/210 lr=0.0025 alpha>=0.25 (950s)
[gen  225] fit mean=  -2.670 max=   3.551 theta=   4.059 accept=129/225 lr=0.0046 alpha>=0.25 (1019s)
[gen  240] fit mean=  -3.717 max=   2.442 theta=   0.956 accept=140/240 lr=0.0054 alpha>=0.25 (1089s)
[gen  255] fit mean=   1.615 max=  10.067 theta=   2.543 accept=147/255 lr=0.0025 alpha>=0.25 (1156s)
[gen  270] fit mean=  -1.720 max=   5.886 theta=   3.519 accept=155/270 lr=0.0025 alpha>=0.25 (1227s)
[gen  285] fit mean=   0.828 max=   7.795 theta=   5.872 accept=164/285 lr=0.0044 alpha>=0.25 (1296s)
[gen  300] fit mean=  -2.264 max=   5.302 theta=   1.210 accept=173/300 lr=0.0058 alpha>=0.25 (1364s)
