ÃÊ±âÈ­: results/es/bc_init.npz (hidden=(32, 32), 1827 params)
[gen    1] fit mean=  -0.778 max=  12.778 alpha>=0.25 (4s)
[gen   20] fit mean=  -8.302 max=  -3.492 alpha>=0.25 (64s)
[gen   40] fit mean=  -8.677 max=  -1.189 alpha>=0.25 (114s)
[gen   60] fit mean=  -8.091 max=   2.147 alpha>=0.25 (172s)
[gen   80] fit mean=  -2.861 max=   2.154 alpha>=0.25 (219s)
[gen  100] fit mean=  -2.430 max=  12.146 alpha>=0.25 (292s)
[gen  120] fit mean= -12.046 max=  -4.091 alpha>=0.25 (365s)
[gen  140] fit mean= -11.743 max=  -6.308 alpha>=0.25 (427s)
[gen  160] fit mean= -17.333 max=  -9.471 alpha>=0.25 (484s)
[gen  180] fit mean= -11.671 max=  -7.470 alpha>=0.25 (532s)
[gen  200] fit mean=  -7.127 max=  -3.307 alpha>=0.25 (565s)
[gen  220] fit mean=  -9.410 max=  -6.558 alpha>=0.25 (598s)
[gen  240] fit mean=  -8.935 max=  -3.333 alpha>=0.25 (626s)
[gen  260] fit mean=  -9.893 max=  -3.314 alpha>=0.25 (655s)
[gen  280] fit mean=  -9.073 max=  -3.353 alpha>=0.25 (687s)
[gen  300] fit mean= -13.058 max=  -8.176 alpha>=0.25 (718s)
[gen  320] fit mean=  -7.085 max=  -4.429 alpha>=0.25 (748s)
[gen  340] fit mean= -15.443 max= -15.435 alpha>=0.25 (775s)
[gen  360] fit mean= -13.422 max= -13.418 alpha>=0.25 (806s)
[gen  380] fit mean= -13.555 max= -13.461 alpha>=0.25 (835s)
[gen  400] fit mean= -13.448 max= -12.087 alpha>=0.25 (864s)
