[gen    1] fit mean=  -0.564 max=  16.570 alpha>=0.25 (3s)
[gen   20] fit mean=  -4.271 max=   3.691 alpha>=0.25 (49s)
[gen   40] fit mean= -11.346 max=   2.703 alpha>=0.25 (103s)
[gen   60] fit mean= -14.328 max=  -0.749 alpha>=0.25 (164s)
[gen   80] fit mean=  -7.364 max=   2.131 alpha>=0.25 (227s)
[gen  100] fit mean=  -8.270 max=   3.701 alpha>=0.25 (289s)
[gen  120] fit mean=  -9.909 max=  -5.723 alpha>=0.25 (351s)
[gen  140] fit mean= -12.875 max=   2.083 alpha>=0.25 (407s)
[gen  160] fit mean= -13.658 max=  -7.532 alpha>=0.25 (469s)
[gen  180] fit mean=  -0.135 max=   2.748 alpha>=0.25 (538s)
[gen  200] fit mean=  -2.805 max=   2.057 alpha>=0.25 (613s)
[gen  220] fit mean= -14.094 max=  -8.656 alpha>=0.25 (703s)
[gen  240] fit mean=  -8.634 max=  -7.913 alpha>=0.25 (786s)
[gen  260] fit mean= -11.033 max=   0.368 alpha>=0.25 (863s)
[gen  280] fit mean=  -6.959 max=   7.068 alpha>=0.25 (944s)
[gen  300] fit mean= -12.829 max=  -4.430 alpha>=0.25 (1023s)
[gen  320] fit mean=  -2.275 max=   0.190 alpha>=0.25 (1098s)
[gen  340] fit mean= -13.236 max=  -9.239 alpha>=0.25 (1176s)
[gen  360] fit mean=  -3.202 max=   6.413 alpha>=0.25 (1258s)
[gen  380] fit mean=  -8.474 max=  -3.894 alpha>=0.25 (1335s)
[gen  400] fit mean=  -9.031 max=   6.914 alpha>=0.25 (1414s)
