ÃÊ±âÈ­: results/es/bc_init.npz (hidden=(32, 32), 1827 params)
[gen    1] fit mean=  -4.330 max=   5.255 theta=   1.451 accept=1/1 lr=0.0100 alpha>=0.25 (7s)
[gen   15] fit mean=  -0.519 max=   6.217 theta=   3.136 accept=7/15 lr=0.0025 alpha>=0.25 (77s)
[gen   30] fit mean=  -7.925 max=   1.371 theta=   3.116 accept=14/30 lr=0.0033 alpha>=0.25 (150s)
[gen   45] fit mean=  -1.952 max=   7.543 theta=   4.140 accept=24/45 lr=0.0044 alpha>=0.25 (226s)
[gen   60] fit mean=   3.628 max=  14.068 theta=   8.571 accept=32/60 lr=0.0025 alpha>=0.25 (303s)
[gen   75] fit mean=  -4.273 max=   2.602 theta=   2.854 accept=42/75 lr=0.0047 alpha>=0.25 (378s)
[gen   90] fit mean=   3.181 max=  13.173 theta=   6.073 accept=52/90 lr=0.0032 alpha>=0.25 (456s)
[gen  105] fit mean=  -2.375 max=   8.526 theta=   0.591 accept=63/105 lr=0.0043 alpha>=0.25 (535s)
[gen  120] fit mean=   1.039 max=  13.442 theta=  13.115 accept=70/120 lr=0.0038 alpha>=0.25 (613s)
[gen  135] fit mean=  -1.574 max=  10.628 theta=   0.454 accept=81/135 lr=0.0042 alpha>=0.25 (691s)
[gen  150] fit mean=   0.552 max=   7.642 theta=  12.449 accept=91/150 lr=0.0040 alpha>=0.25 (771s)
[gen  165] fit mean=  -6.932 max=  -2.634 theta=  -5.466 accept=100/165 lr=0.0035 alpha>=0.25 (848s)
[gen  180] fit mean=   0.182 max=   4.676 theta=   2.627 accept=109/180 lr=0.0038 alpha>=0.25 (921s)
[gen  195] fit mean=   7.074 max=  15.242 theta=  14.672 accept=118/195 lr=0.0029 alpha>=0.25 (1019s)
[gen  210] fit mean=  -1.543 max=   9.056 theta=   2.960 accept=128/210 lr=0.0033 alpha>=0.25 (1121s)
[gen  225] fit mean=  -1.754 max=   4.923 theta=   3.804 accept=135/225 lr=0.0025 alpha>=0.25 (1220s)
[gen  240] fit mean=  11.148 max=  25.751 theta=  18.693 accept=145/240 lr=0.0054 alpha>=0.25 (1315s)
[gen  255] fit mean=  -2.684 max=   3.095 theta=   0.683 accept=154/255 lr=0.0044 alpha>=0.25 (1414s)
[gen  270] fit mean=   1.251 max=  16.093 theta=   2.023 accept=163/270 lr=0.0029 alpha>=0.25 (1513s)
[gen  285] fit mean=   3.618 max=   9.047 theta=   8.109 accept=169/285 lr=0.0025 alpha>=0.25 (1611s)
[gen  300] fit mean=   6.788 max=  17.713 theta=  12.829 accept=179/300 lr=0.0035 alpha>=0.25 (1708s)
