[23:12:18] ÎåÄÍ∏∞: ÏãúÎìú 8~19 ÌïôÏäµ
[05:11:07] ÎåÄÍ∏∞: 8ÏãúÎìú ÌååÏù¥ÌîÑÎùºÏù∏(results_auto.md Í∞±Ïã†)
[05:21:07] ÏãúÏûë
[05:21:07] BTO seed 0
[05:39:27] BTO seed 1
[05:58:27] BTO seed 2
[06:24:17] PPO seed 0
[06:37:36] PPO seed 1
[06:51:35] Î≥∏Ïã§Ìóò 20ÏãúÎìú
[08:09:11] main ‚Üê 20ÏãúÎìú (8ÏãúÎìúÎäî main_8seeds)
[08:09:11] Î≥¥Í≥†ÏÑú
C:\Users\User\Desktop\∞¯±∫ªÁ∞¸«–±≥\ª˝µµ¥Î\¥Î»∏\∞¯ªÁª˝µµ≥ÌπÆ∞Ê¡¯¥Î»∏\dfxai\analysis\report.py:161: UserWarning: Tight layout not applied. The bottom and top margins cannot be made large enough to accommodate all Axes decorations.
  fig.tight_layout()
              cond family   score  score_heldout  d_star  fidelity_at_4  viol_total
  RL-s9-b100-a1.00     RL 0.84625         0.9775     6.0       0.943974    0.137238
HYB-s10-b300-a0.75 Hybrid 0.82250         0.8650    17.0       0.886539    0.075418
 HYB-s9-b100-a0.75 Hybrid 0.81375         0.9900    17.0       0.908602    0.130567
HYB-s12-b300-a0.75 Hybrid 0.80125         0.8575    17.0       0.887500    0.055143
  RL-s1-b300-a1.00     RL 0.78500         0.7900    17.0       0.898199    0.066842
 RL-s11-b300-a1.00     RL 0.77625         0.8325     3.0       0.961864    0.048633
 RL-s10-b300-a1.00     RL 0.77000         0.8125    17.0       0.891139    0.084862
 RL-s12-b300-a1.00     RL 0.76875         0.8375     8.0       0.905662    0.051070
 HYB-s1-b300-a0.75 Hybrid 0.76500         0.8650    17.0       0.898389    0.069867
 HYB-s1-b200-a0.75 Hybrid 0.76500         0.8525    17.0       0.881530    0.072566
 HYB-s4-b300-a0.75 Hybrid 0.76125         0.7850    17.0       0.918098    0.048032
HYB-s10-b300-a0.50 Hybrid 0.75625         0.8075    17.0       0.889263    0.074636
  RL-s4-b300-a1.00     RL 0.75500         0.7625     5.0       0.944910    0.038735
 HYB-s5-b100-a0.75 Hybrid 0.75250         0.8125    17.0       0.916045    0.062026
HYB-s11-b300-a0.75 Hybrid 0.75250         0.8125    17.0       0.929126    0.054599
 RL-s19-b300-a1.00     RL 0.74875         0.7975     5.0       0.938349    0.044934
 HYB-s4-b200-a0.75 Hybrid 0.74750         0.8200    17.0       0.925866    0.079629
 RL-s10-b200-a1.00     RL 0.74750         0.7500    17.0       0.918265    0.035218
  RL-s1-b200-a1.00     RL 0.74750         0.7700    17.0       0.918359    0.059146
  RL-s6-b300-a1.00     RL 0.74625         0.7650     5.0       0.947077    0.033056
  RL-s2-b300-a1.00     RL 0.74625         0.7525     6.0       0.923619    0.033457
HYB-s15-b300-a0.75 Hybrid 0.74500         0.7725     5.0       0.949963    0.051046
HYB-s10-b200-a0.75 Hybrid 0.74375         0.7575    17.0       0.915859    0.031315
HYB-s14-b300-a0.75 Hybrid 0.74250         0.8075    17.0       0.899907    0.102805
 HYB-s6-b300-a0.75 Hybrid 0.73875         0.7550     6.0       0.935291    0.036675
  RL-s4-b200-a1.00     RL 0.73750         0.8475     6.0       0.937289    0.098162
 RL-s17-b200-a1.00     RL 0.73625         0.7925     5.0       0.940772    0.046797
 HYB-s9-b100-a0.50 Hybrid 0.73375         0.9225    17.0       0.925995    0.118154
  RL-s3-b300-a1.00     RL 0.73250         0.7475     6.0       0.931472    0.044558
  RL-s5-b100-a1.00     RL 0.73250         0.7950     6.0       0.927793    0.057583
HYB-s19-b300-a0.75 Hybrid 0.73000         0.7375    17.0       0.931359    0.053708
  RL-s9-b200-a1.00     RL 0.73000         0.7775     5.0       0.939258    0.045389
HYB-s16-b100-a0.75 Hybrid 0.72875         0.7325    17.0       0.921201    0.032141
  RL-s0-b300-a1.00     RL 0.72875         0.7375     3.0       0.965788    0.040006
 HYB-s5-b100-a0.50 Hybrid 0.72750         0.8325     9.0       0.923929    0.075617
  RL-s2-b200-a1.00     RL 0.72625         0.7350     7.0       0.925865    0.042616
 RL-s15-b300-a1.00     RL 0.72250         0.7450     4.0       0.958120    0.041922
  RL-s9-b300-a1.00     RL 0.72125         0.7425     4.0       0.952745    0.042098
 HYB-s2-b200-a0.75 Hybrid 0.71875         0.7550    17.0       0.888082    0.050054
 HYB-s2-b100-a0.75 Hybrid 0.71875         0.7675    17.0       0.921886    0.050892
HYB-s12-b200-a0.75 Hybrid 0.71750         0.7575    17.0       0.902996    0.055623
HYB-s15-b100-a0.75 Hybrid 0.71750         0.7875    14.0       0.918091    0.063414
HYB-s16-b200-a0.75 Hybrid 0.71625         0.7600    17.0       0.916773    0.037579
HYB-s17-b200-a0.75 Hybrid 0.71500         0.7625    17.0       0.909901    0.051671
HYB-s16-b300-a0.75 Hybrid 0.71500         0.7725    17.0       0.903035    0.062519
 RL-s15-b100-a1.00     RL 0.71375         0.7900     4.0       0.955069    0.070864
 HYB-s6-b200-a0.75 Hybrid 0.71250         0.7450     5.0       0.936605    0.040999
 RL-s14-b200-a1.00     RL 0.71250         0.7975     9.0       0.903890    0.059725
 HYB-s1-b100-a0.50 Hybrid 0.71000         0.8675    17.0       0.910980    0.094522
HYB-s14-b300-a0.50 Hybrid 0.70750         0.8025    17.0       0.890480    0.082463
 HYB-s0-b300-a0.75 Hybrid 0.70500         0.7075     6.0       0.948565    0.040876
HYB-s13-b300-a0.75 Hybrid 0.70500         0.7075    17.0       0.913883    0.033943
 RL-s14-b300-a1.00     RL 0.70375         0.7825    11.0       0.899633    0.137643
  RL-s3-b200-a1.00     RL 0.70000         0.7300     5.0       0.931192    0.032698
HYB-s12-b300-a0.50 Hybrid 0.70000         0.8175    17.0       0.904763    0.057764
HYB-s17-b300-a0.75 Hybrid 0.70000         0.7350    17.0       0.919595    0.046893
 HYB-s1-b100-a0.75 Hybrid 0.69750         0.8075    17.0       0.921462    0.080745
HYB-s13-b100-a0.75 Hybrid 0.69750         0.7375    10.0       0.917733    0.044316
 HYB-s0-b200-a0.75 Hybrid 0.69750         0.7525    17.0       0.934617    0.047810
 HYB-s1-b300-a0.50 Hybrid 0.69750         0.7625    17.0       0.894025    0.093508
 HYB-s9-b300-a0.75 Hybrid 0.69625         0.7525    17.0       0.916926    0.048285
  RL-s5-b300-a1.00     RL 0.69625         0.7150     5.0       0.944038    0.041892
  RL-s0-b200-a1.00     RL 0.69500         0.7275     4.0       0.952853    0.037491
  RL-s2-b100-a1.00     RL 0.69500         0.7475     6.0       0.929311    0.049115
 HYB-s9-b100-a0.25 Hybrid 0.69375         0.8725    17.0       0.912216    0.102330
 HYB-s1-b200-a0.50 Hybrid 0.69250         0.7875    17.0       0.886193    0.082488
 RL-s13-b100-a1.00     RL 0.69250         0.7475     5.0       0.942460    0.038245
 HYB-s0-b100-a0.75 Hybrid 0.69250         0.8050    17.0       0.902040    0.093286
 HYB-s5-b200-a0.75 Hybrid 0.69125         0.7325    17.0       0.884154    0.044532
HYB-s12-b100-a0.75 Hybrid 0.69125         0.7650     8.0       0.935899    0.042102
HYB-s10-b300-a0.25 Hybrid 0.69125         0.8000    17.0       0.895989    0.076977
  RL-s5-b200-a1.00     RL 0.69125         0.7500     5.0       0.932802    0.045863
HYB-s10-b100-a0.75 Hybrid 0.69000         0.7625    17.0       0.881726    0.058769
 RL-s17-b300-a1.00     RL 0.68875         0.7125     4.0       0.959176    0.038290
HYB-s17-b100-a0.50 Hybrid 0.68875         0.8025     7.0       0.890763    0.063827
 HYB-s5-b300-a0.75 Hybrid 0.68750         0.7025    17.0       0.912755    0.042013
 RL-s11-b100-a1.00     RL 0.68625         0.7150     6.0       0.936887    0.041168
HYB-s14-b200-a0.75 Hybrid 0.68500         0.7650    17.0       0.895695    0.056206
 RL-s13-b300-a1.00     RL 0.68375         0.6925     9.0       0.897207    0.036144
  RL-s7-b300-a1.00     RL 0.68250         0.7175     7.0       0.910577    0.036746
  RL-s6-b100-a1.00     RL 0.68250         0.6825     6.0       0.945325    0.032478
 HYB-s4-b100-a0.75 Hybrid 0.68250         0.7675    11.0       0.922151    0.050335
 RL-s12-b200-a1.00     RL 0.68000         0.7325     9.0       0.910543    0.048672
 HYB-s1-b100-a0.25 Hybrid 0.67875         0.8350    17.0       0.893361    0.101409
 HYB-s1-b300-a0.25 Hybrid 0.67875         0.8025    17.0       0.890527    0.089771
 HYB-s9-b200-a0.75 Hybrid 0.67750         0.7375    17.0       0.881386    0.054292
HYB-s12-b200-a0.25 Hybrid 0.67625         0.8025    17.0       0.901212    0.079357
HYB-s14-b300-a0.25 Hybrid 0.67625         0.8100    17.0       0.895134    0.088898
 HYB-s2-b300-a0.75 Hybrid 0.67625         0.6800    10.0       0.923312    0.034259
HYB-s12-b300-a0.25 Hybrid 0.67375         0.8125    17.0       0.909334    0.068036
HYB-s16-b100-a0.50 Hybrid 0.67375         0.7025    17.0       0.913823    0.041199
HYB-s14-b100-a0.75 Hybrid 0.67250         0.7275    17.0       0.926157    0.046862
 HYB-s2-b100-a0.50 Hybrid 0.67250         0.7825     7.0       0.939738    0.069575
HYB-s18-b100-a0.75 Hybrid 0.67250         0.7500    17.0       0.867188    0.069830
 HYB-s8-b300-a0.75 Hybrid 0.67250         0.7025    17.0       0.891653    0.037921
HYB-s16-b300-a0.50 Hybrid 0.67125         0.7300    17.0       0.894847    0.055403
             BT-v2     BT 0.67125         0.8425     4.0       0.952355    0.100491
HYB-s18-b300-a0.75 Hybrid 0.66875         0.6625    17.0       0.910906    0.035852
 HYB-s5-b100-a0.25 Hybrid 0.66875         0.7875     6.0       0.933689    0.079264
 HYB-s2-b100-a0.25 Hybrid 0.66875         0.8125    17.0       0.925529    0.083781
 HYB-s7-b300-a0.75 Hybrid 0.66875         0.7250    17.0       0.893594    0.041010
  RL-s6-b200-a1.00     RL 0.66625         0.7000     5.0       0.936470    0.039182
 HYB-s3-b300-a0.75 Hybrid 0.66500         0.6950    17.0       0.897065    0.046177
 RL-s12-b100-a1.00     RL 0.66250         0.7125     4.0       0.956960    0.043639
 RL-s16-b200-a1.00     RL 0.66250         0.6600     6.0       0.934249    0.034672
HYB-s12-b200-a0.50 Hybrid 0.66250         0.7775    17.0       0.900220    0.069901
 HYB-s0-b100-a0.50 Hybrid 0.66250         0.7875    17.0       0.908445    0.115635
HYB-s13-b200-a0.75 Hybrid 0.66000         0.6700     8.0       0.919767    0.033246
HYB-s19-b200-a0.75 Hybrid 0.66000         0.6825    17.0       0.913585    0.033930
 HYB-s8-b100-a0.75 Hybrid 0.65875         0.6875    17.0       0.937717    0.036695
   HYB-s0-b0-a0.25 Hybrid 0.65750         0.8300     5.0       0.949784    0.103325
HYB-s14-b200-a0.50 Hybrid 0.65625         0.7450    17.0       0.897502    0.062640
HYB-s15-b100-a0.50 Hybrid 0.65500         0.7550     6.0       0.934486    0.076724
 HYB-s1-b200-a0.25 Hybrid 0.65500         0.7925    17.0       0.910903    0.084639
HYB-s17-b100-a0.25 Hybrid 0.65500         0.7650    17.0       0.910144    0.079839
 HYB-s4-b100-a0.50 Hybrid 0.65500         0.7650    17.0       0.927197    0.065767
HYB-s10-b100-a0.50 Hybrid 0.65375         0.7475    17.0       0.920943    0.083103
HYB-s17-b200-a0.50 Hybrid 0.65375         0.7425    17.0       0.924023    0.059861
HYB-s18-b200-a0.75 Hybrid 0.65250         0.6825    17.0       0.906151    0.043944
HYB-s17-b200-a0.25 Hybrid 0.65125         0.7475    17.0       0.914178    0.079328
HYB-s11-b200-a0.75 Hybrid 0.65000         0.6425    17.0       0.910240    0.036428
  RL-s4-b100-a1.00     RL 0.64750         0.7225     7.0       0.922458    0.038208
HYB-s13-b300-a0.50 Hybrid 0.64750         0.6500     6.0       0.921815    0.038238
  RL-s1-b100-a1.00     RL 0.64750         0.7475    15.0       0.925936    0.065814
 HYB-s4-b200-a0.50 Hybrid 0.64625         0.7375    17.0       0.917908    0.088361
HYB-s14-b100-a0.50 Hybrid 0.64500         0.7150    17.0       0.907779    0.054867
HYB-s12-b100-a0.25 Hybrid 0.64500         0.7575    17.0       0.919208    0.068406
  RL-s8-b100-a1.00     RL 0.64500         0.6550     3.0       0.963400    0.032027
 HYB-s0-b100-a0.25 Hybrid 0.64500         0.8325    17.0       0.922339    0.098414
 HYB-s4-b300-a0.50 Hybrid 0.64500         0.6800    17.0       0.917370    0.064990
 RL-s18-b200-a1.00     RL 0.64375         0.6875     6.0       0.940497    0.038447
HYB-s17-b100-a0.75 Hybrid 0.64375         0.7175    17.0       0.902406    0.051495
  RL-s8-b300-a1.00     RL 0.64250         0.6500     7.0       0.910192    0.040390
 RL-s11-b200-a1.00     RL 0.64250         0.6275     5.0       0.938918    0.033403
HYB-s11-b100-a0.75 Hybrid 0.64125         0.6850    17.0       0.898968    0.042474
HYB-s11-b300-a0.50 Hybrid 0.64125         0.7225    17.0       0.922231    0.073361
 HYB-s7-b200-a0.25 Hybrid 0.64125         0.7650    17.0       0.900882    0.083877
 HYB-s0-b300-a0.25 Hybrid 0.63875         0.7475     5.0       0.947577    0.071867
    RL-s0-b0-a1.00     RL 0.63875         0.8400     2.0       0.974963    0.095566
 HYB-s6-b100-a0.75 Hybrid 0.63875         0.6300    17.0       0.919566    0.029188
HYB-s10-b200-a0.50 Hybrid 0.63875         0.6625    17.0       0.897978    0.047165
 HYB-s6-b300-a0.50 Hybrid 0.63750         0.6725    17.0       0.925306    0.055130
 HYB-s7-b200-a0.75 Hybrid 0.63625         0.7425    17.0       0.888507    0.079680
 HYB-s2-b200-a0.25 Hybrid 0.63625         0.7275    17.0       0.914551    0.078186
   HYB-s0-b0-a0.50 Hybrid 0.63625         0.8275     3.0       0.967729    0.095508
 HYB-s4-b100-a0.25 Hybrid 0.63500         0.7550    17.0       0.916318    0.076271
 HYB-s3-b300-a0.25 Hybrid 0.63500         0.7400    17.0       0.920147    0.074071
 RL-s19-b200-a1.00     RL 0.63500         0.6550     4.0       0.962061    0.031744
 RL-s13-b200-a1.00     RL 0.63375         0.6300     6.0       0.919554    0.029649
HYB-s12-b100-a0.50 Hybrid 0.63375         0.7075    17.0       0.905774    0.066146
 RL-s18-b100-a1.00     RL 0.63375         0.6925    16.0       0.903379    0.066025
 RL-s10-b100-a1.00     RL 0.63375         0.6950     9.0       0.911617    0.056410
 HYB-s8-b300-a0.50 Hybrid 0.63375         0.6925    17.0       0.889921    0.047597
HYB-s15-b300-a0.25 Hybrid 0.63250         0.7375    17.0       0.927250    0.070555
HYB-s13-b100-a0.50 Hybrid 0.63250         0.6750     9.0       0.923758    0.052828
  RL-s0-b100-a1.00     RL 0.63250         0.8150     8.0       0.920467    0.129450
 RL-s14-b100-a1.00     RL 0.63125         0.7075     7.0       0.914196    0.044485
       SHD-s0-b300 Shield 0.63125         0.6325     7.0       0.912807    0.006229
 HYB-s4-b300-a0.25 Hybrid 0.62875         0.7125     7.0       0.918795    0.077705
 RL-s16-b100-a1.00     RL 0.62750         0.6200     6.0       0.927084    0.031043
 RL-s16-b300-a1.00     RL 0.62625         0.7125    17.0       0.899104    0.061899
 HYB-s2-b200-a0.50 Hybrid 0.62625         0.6850    17.0       0.912910    0.063302
  RL-s8-b200-a1.00     RL 0.62500         0.6750     9.0       0.922668    0.038615
 HYB-s0-b200-a0.50 Hybrid 0.62500         0.7000    11.0       0.904451    0.060313
 HYB-s4-b200-a0.25 Hybrid 0.62500         0.7250    17.0       0.918659    0.093848
HYB-s11-b300-a0.25 Hybrid 0.62375         0.7200    17.0       0.886874    0.078576
HYB-s15-b300-a0.50 Hybrid 0.62375         0.6925    17.0       0.923204    0.063707
 HYB-s2-b300-a0.50 Hybrid 0.62375         0.6525    17.0       0.904591    0.058311
 HYB-s0-b300-a0.50 Hybrid 0.62125         0.6425     6.0       0.936095    0.056645
HYB-s13-b200-a0.50 Hybrid 0.62125         0.6525    17.0       0.927609    0.046250
 RL-s17-b100-a1.00     RL 0.62000         0.6900     9.0       0.901907    0.055528
      SHD-s19-b300 Shield 0.62000         0.6575     7.0       0.898157    0.007106
   HYB-s0-b0-a0.75 Hybrid 0.62000         0.8075     3.0       0.966941    0.096337
HYB-s16-b100-a0.25 Hybrid 0.61750         0.6700    17.0       0.923687    0.059577
HYB-s10-b100-a0.25 Hybrid 0.61750         0.7100    17.0       0.921193    0.085485
HYB-s14-b200-a0.25 Hybrid 0.61750         0.7325    17.0       0.916142    0.067994
HYB-s13-b100-a0.25 Hybrid 0.61500         0.6750    17.0       0.937190    0.058812
       SHD-s6-b300 Shield 0.61500         0.6475     6.0       0.928711    0.005830
 HYB-s7-b300-a0.50 Hybrid 0.61500         0.6700    17.0       0.908803    0.056183
 HYB-s6-b200-a0.25 Hybrid 0.61500         0.7050    17.0       0.920483    0.067435
HYB-s15-b100-a0.25 Hybrid 0.61375         0.7300    17.0       0.922249    0.075174
 HYB-s0-b200-a0.25 Hybrid 0.61375         0.7175     5.0       0.932059    0.068152
 HYB-s7-b200-a0.50 Hybrid 0.61375         0.7325    17.0       0.900542    0.075823
HYB-s19-b300-a0.50 Hybrid 0.61375         0.6625    17.0       0.922023    0.051207
 HYB-s6-b300-a0.25 Hybrid 0.61125         0.6775    17.0       0.930278    0.060442
 HYB-s7-b300-a0.25 Hybrid 0.61125         0.7200    17.0       0.921325    0.069592
       BTO-s2-b300    BTO 0.61000         0.8925     3.0       0.978072    0.055714
HYB-s18-b100-a0.50 Hybrid 0.61000         0.7175    17.0       0.903607    0.081992
 HYB-s6-b200-a0.50 Hybrid 0.60875         0.6550    17.0       0.913594    0.050626
 HYB-s2-b300-a0.25 Hybrid 0.60875         0.6675     8.0       0.930830    0.060826
HYB-s16-b300-a0.25 Hybrid 0.60750         0.6875    17.0       0.914939    0.063955
HYB-s14-b100-a0.25 Hybrid 0.60625         0.6700    17.0       0.924404    0.050207
       BTO-s2-b100    BTO 0.60625         0.8925     3.0       0.980099    0.058787
       BTO-s2-b200    BTO 0.60625         0.8925     3.0       0.984430    0.057692
 HYB-s9-b200-a0.25 Hybrid 0.60625         0.7025    17.0       0.930767    0.060070
 HYB-s5-b300-a0.50 Hybrid 0.60375         0.6500    17.0       0.889486    0.057730
HYB-s13-b300-a0.25 Hybrid 0.60250         0.6450     5.0       0.933409    0.055236
       BTO-s1-b300    BTO 0.60125         0.8825     3.0       0.967845    0.058977
 HYB-s8-b200-a0.75 Hybrid 0.60000         0.6225    17.0       0.897096    0.043499
 HYB-s9-b200-a0.50 Hybrid 0.59875         0.6700    17.0       0.914094    0.070728
HYB-s19-b100-a0.75 Hybrid 0.59875         0.7325    17.0       0.863549    0.139855
 HYB-s8-b300-a0.25 Hybrid 0.59750         0.6600    17.0       0.905302    0.058378
 HYB-s6-b100-a0.50 Hybrid 0.59750         0.6450     6.0       0.936433    0.054272
       SHD-s9-b300 Shield 0.59750         0.6325     6.0       0.923112    0.009513
 HYB-s6-b100-a0.25 Hybrid 0.59750         0.6675     6.0       0.926863    0.061983
 RL-s18-b300-a1.00     RL 0.59750         0.6050     9.0       0.932946    0.039566
HYB-s17-b300-a0.50 Hybrid 0.59625         0.6425    17.0       0.915345    0.070203
 HYB-s8-b100-a0.50 Hybrid 0.59625         0.6425    14.0       0.918515    0.061539
HYB-s19-b100-a0.25 Hybrid 0.59500         0.7675     6.0       0.919125    0.106820
HYB-s13-b200-a0.25 Hybrid 0.59375         0.6375     7.0       0.937604    0.053046
       BTO-s0-b300    BTO 0.59375         0.8725     5.0       0.946472    0.054841
       BTO-s1-b100    BTO 0.59250         0.8775     3.0       0.973219    0.057605
      SHD-s11-b300 Shield 0.59250         0.7125    17.0       0.911647    0.008333
HYB-s18-b100-a0.25 Hybrid 0.59125         0.6825    17.0       0.923070    0.078723
 HYB-s9-b300-a0.25 Hybrid 0.59000         0.6650    17.0       0.914206    0.066187
       SHD-s2-b300 Shield 0.58875         0.6225    17.0       0.908676    0.009898
HYB-s16-b200-a0.50 Hybrid 0.58875         0.6300    17.0       0.921876    0.047987
HYB-s18-b300-a0.50 Hybrid 0.58875         0.6275    17.0       0.903467    0.039456
HYB-s16-b200-a0.25 Hybrid 0.58875         0.6775     5.0       0.933451    0.062143
       BTO-s0-b200    BTO 0.58750         0.8800     4.0       0.956317    0.056894
 HYB-s8-b200-a0.50 Hybrid 0.58625         0.6175    17.0       0.888748    0.057329
HYB-s19-b100-a0.50 Hybrid 0.58625         0.7525    17.0       0.882333    0.122228
 HYB-s3-b100-a0.75 Hybrid 0.58625         0.6150    17.0       0.914426    0.042480
       BTO-s0-b100    BTO 0.58375         0.8600     3.0       0.960868    0.061489
HYB-s18-b200-a0.50 Hybrid 0.58375         0.6275    17.0       0.868236    0.050061
HYB-s19-b300-a0.25 Hybrid 0.58250         0.6525    17.0       0.923087    0.067767
 HYB-s5-b300-a0.25 Hybrid 0.58125         0.6500    17.0       0.906154    0.064292
HYB-s17-b300-a0.25 Hybrid 0.58125         0.6625    17.0       0.929222    0.065864
 HYB-s3-b200-a0.75 Hybrid 0.58125         0.6150    17.0       0.901500    0.036499
       SHD-s4-b300 Shield 0.57875         0.6000     7.0       0.907524    0.010330
 HYB-s9-b300-a0.50 Hybrid 0.57875         0.6050    17.0       0.921910    0.060442
       BTO-s1-b200    BTO 0.57750         0.8600     3.0       0.967605    0.054941
HYB-s11-b100-a0.25 Hybrid 0.57750         0.6700    17.0       0.910632    0.057820
       SHD-s7-b300 Shield 0.57750         0.6200     8.0       0.911994    0.008197
HYB-s15-b200-a0.25 Hybrid 0.57750         0.6325    17.0       0.933330    0.058780
HYB-s15-b200-a0.50 Hybrid 0.57625         0.6175     5.0       0.933592    0.051265
 HYB-s8-b200-a0.25 Hybrid 0.57625         0.6350    17.0       0.915268    0.065648
       SHD-s5-b300 Shield 0.57625         0.6100    10.0       0.899351    0.010283
 HYB-s3-b100-a0.25 Hybrid 0.57500         0.6425    17.0       0.887224    0.067372
       SHD-s3-b300 Shield 0.57375         0.6125    17.0       0.896793    0.008582
 HYB-s8-b100-a0.25 Hybrid 0.57375         0.6675     5.0       0.935880    0.059299
 HYB-s5-b200-a0.50 Hybrid 0.57375         0.6075    17.0       0.920788    0.053042
HYB-s15-b200-a0.75 Hybrid 0.57375         0.5800    17.0       0.936620    0.039867
 HYB-s5-b200-a0.25 Hybrid 0.57375         0.6450    17.0       0.922762    0.070407
 HYB-s3-b300-a0.50 Hybrid 0.57125         0.6425    17.0       0.902078    0.059911
HYB-s10-b200-a0.25 Hybrid 0.56500         0.6225    17.0       0.898425    0.051026
HYB-s11-b100-a0.50 Hybrid 0.56375         0.6025    17.0       0.905484    0.053298
HYB-s11-b200-a0.50 Hybrid 0.55875         0.5500    17.0       0.886471    0.053442
      SHD-s15-b300 Shield 0.55750         0.5850     8.0       0.901594    0.010019
HYB-s19-b200-a0.50 Hybrid 0.55750         0.5900    17.0       0.910765    0.046953
 HYB-s7-b100-a0.25 Hybrid 0.55750         0.6425    17.0       0.910621    0.065849
  RL-s3-b100-a1.00     RL 0.54750         0.5925     5.0       0.946713    0.039609
      SHD-s13-b300 Shield 0.54500         0.6025    17.0       0.874910    0.005367
 HYB-s3-b100-a0.50 Hybrid 0.54500         0.6025    17.0       0.923600    0.051648
HYB-s18-b200-a0.25 Hybrid 0.54375         0.5975    17.0       0.927322    0.064870
       SHD-s8-b300 Shield 0.54250         0.5625    12.0       0.884090    0.005086
      SHD-s10-b300 Shield 0.54125         0.6600    17.0       0.833524    0.018002
HYB-s11-b200-a0.25 Hybrid 0.54125         0.5650    17.0       0.934148    0.053571
HYB-s19-b200-a0.25 Hybrid 0.54000         0.5900    17.0       0.924969    0.051586
  RL-s7-b200-a1.00     RL 0.53750         0.6100     9.0       0.910613    0.084541
      SHD-s17-b300 Shield 0.53625         0.5825     7.0       0.907616    0.011342
 RL-s15-b200-a1.00     RL 0.53375         0.5400     4.0       0.956360    0.031816
 HYB-s3-b200-a0.25 Hybrid 0.53375         0.5900    17.0       0.925235    0.053825
 HYB-s3-b200-a0.50 Hybrid 0.53000         0.5700    17.0       0.884695    0.050679
HYB-s18-b300-a0.25 Hybrid 0.52625         0.5600     6.0       0.937268    0.047460
 HYB-s7-b100-a0.50 Hybrid 0.49875         0.5450    17.0       0.896815    0.056138
 RL-s19-b100-a1.00     RL 0.49625         0.6550    17.0       0.861137    0.181088
 HYB-s7-b100-a0.75 Hybrid 0.49000         0.5150    17.0       0.899640    0.035933
       SHD-s1-b300 Shield 0.47250         0.6200    17.0       0.870376    0.010426
      SHD-s16-b300 Shield 0.47250         0.5425    17.0       0.877465    0.007536
      SHD-s12-b300 Shield 0.47125         0.5725    17.0       0.868500    0.011729
  RL-s7-b100-a1.00     RL 0.44875         0.4575    17.0       0.890876    0.037753
      SHD-s18-b300 Shield 0.43875         0.4725    17.0       0.919998    0.007965
   PPO-s0-b1000000    PPO 0.39875         0.3950     5.0       0.939498    0.004546
   PPO-s1-b1500000    PPO 0.39250         0.3875     4.0       0.973000    0.000345
   PPO-s1-b1000000    PPO 0.38375         0.3750     7.0       0.847787    0.000840
    PPO-s1-b500000    PPO 0.38000         0.3750     7.0       0.906575    0.000033
   PPO-s0-b1500000    PPO 0.38000         0.3825     5.0       0.940946    0.007381
    PPO-s0-b500000    PPO 0.37500         0.3650     4.0       0.951879    0.000676
      SHD-s14-b300 Shield 0.34000         0.4475     9.0       0.897588    0.005057
             BT-v3     BT 0.32875         0.5000     5.0       0.940204    0.008046
             BT-v1     BT 0.24125         0.2325     1.0       0.995245    0.004690
C:\Users\User\Desktop\∞¯±∫ªÁ∞¸«–±≥\ª˝µµ¥Î\¥Î»∏\∞¯ªÁª˝µµ≥ÌπÆ∞Ê¡¯¥Î»∏\dfxai\analysis\report.py:161: UserWarning: Tight layout not applied. The bottom and top margins cannot be made large enough to accommodate all Axes decorations.
  fig.tight_layout()
figures written
results/main\paper_figs\fig_overview.png
results/main\paper_figs\fig_learning_curve.png
results/main\paper_figs\fig_budget_sweep.png
results/main\paper_figs\fig_tradeoff_families.png
results/main\paper_figs\fig_traj_BT-v1.png
results/main\paper_figs\fig_traj_BT-v2.png
results/main\paper_figs\fig_traj_BT-v3.png
results/main\paper_figs\fig_traj_PPO-s0-b1500000.png
results/main\paper_figs\fig_traj_pair.png
results/main\paper_figs_ko\fig_overview.png
results/main\paper_figs_ko\fig_learning_curve.png
results/main\paper_figs_ko\fig_budget_sweep.png
results/main\paper_figs_ko\fig_tradeoff_families.png
results/main\paper_figs_ko\fig_traj_BT-v1.png
results/main\paper_figs_ko\fig_traj_BT-v2.png
results/main\paper_figs_ko\fig_traj_BT-v3.png
results/main\paper_figs_ko\fig_traj_PPO-s0-b1500000.png
results/main\paper_figs_ko\fig_traj_pair.png
paper/results_auto.md
results/replay\rep_BT-v1_vs_BT-v3_seed10000.acmi  (137 KB)  timeout  Ω¬¿⁄=π´  120.2s  HP 100:100
results/replay\rep_BT-v2_vs_BT-v3_seed10000.acmi  (139 KB)  timeout  Ω¬¿⁄=√ª  120.2s  HP 100:8
results/replay\rep_BT-v3_vs_BT-v3_seed10000.acmi  (136 KB)  timeout  Ω¬¿⁄=π´  120.2s  HP 100:100
results/replay\rep_RL-alpha-1.00_vs_BT-v3_seed10000.acmi  (133 KB)  timeout  Ω¬¿⁄=»´  120.2s  HP 79:100
[09:10:17] ÏÑ∏Î∞Ä ÏòàÏÇ∞ ÌèâÍ∞Ä
C:\Users\User\Desktop\∞¯±∫ªÁ∞¸«–±≥\ª˝µµ¥Î\¥Î»∏\∞¯ªÁª˝µµ≥ÌπÆ∞Ê¡¯¥Î»∏\dfxai\analysis\report.py:161: UserWarning: Tight layout not applied. The bottom and top margins cannot be made large enough to accommodate all Axes decorations.
  fig.tight_layout()
             cond family  score  score_heldout  d_star  fidelity_at_4  viol_total
 RL-s9-b100-a1.00     RL 0.8375          0.970     6.0       0.943974    0.139794
RL-s10-b250-a1.00     RL 0.8225          0.865    17.0       0.894599    0.066576
RL-s12-b250-a1.00     RL 0.8050          0.880    17.0       0.906029    0.092676
RL-s10-b300-a1.00     RL 0.7900          0.850    17.0       0.891139    0.101696
RL-s13-b275-a1.00     RL 0.7800          0.830    17.0       0.902853    0.059874
RL-s12-b225-a1.00     RL 0.7775          0.850    16.0       0.914744    0.080669
RL-s19-b275-a1.00     RL 0.7725          0.780     5.0       0.947902    0.033355
RL-s11-b300-a1.00     RL 0.7650          0.810     3.0       0.961864    0.054999
RL-s12-b150-a1.00     RL 0.7650          0.815     8.0       0.916284    0.055652
RL-s15-b125-a1.00     RL 0.7625          0.900     5.0       0.941088    0.065074
RL-s10-b200-a1.00     RL 0.7600          0.770    17.0       0.918265    0.037216
RL-s14-b275-a1.00     RL 0.7550          0.810    10.0       0.898790    0.077661
RL-s19-b250-a1.00     RL 0.7550          0.735     5.0       0.941645    0.035271
RL-s19-b300-a1.00     RL 0.7525          0.815     5.0       0.938349    0.046908
RL-s12-b300-a1.00     RL 0.7525          0.830     8.0       0.905662    0.056204
 RL-s9-b175-a1.00     RL 0.7475          0.760     6.0       0.928485    0.072564
RL-s10-b225-a1.00     RL 0.7400          0.760     7.0       0.912092    0.035914
RL-s12-b175-a1.00     RL 0.7400          0.745    17.0       0.907522    0.049264
 RL-s9-b125-a1.00     RL 0.7400          0.800     6.0       0.934321    0.073752
RL-s14-b225-a1.00     RL 0.7375          0.810     8.0       0.906788    0.074618
RL-s18-b150-a1.00     RL 0.7350          0.845     8.0       0.927622    0.087347
RL-s14-b250-a1.00     RL 0.7325          0.750     9.0       0.909266    0.047180
 RL-s9-b250-a1.00     RL 0.7300          0.765     4.0       0.950884    0.049819
RL-s15-b300-a1.00     RL 0.7275          0.740     4.0       0.958120    0.045819
RL-s14-b175-a1.00     RL 0.7225          0.765     6.0       0.920672    0.062270
RL-s17-b200-a1.00     RL 0.7225          0.790     5.0       0.940772    0.050188
RL-s18-b250-a1.00     RL 0.7225          0.740    11.0       0.928002    0.044841
RL-s17-b125-a1.00     RL 0.7225          0.825     7.0       0.919289    0.110290
RL-s13-b250-a1.00     RL 0.7225          0.730     7.0       0.902958    0.051192
 RL-s9-b275-a1.00     RL 0.7200          0.725     4.0       0.958116    0.037398
RL-s13-b225-a1.00     RL 0.7200          0.715     6.0       0.929519    0.050889
 RL-s9-b300-a1.00     RL 0.7200          0.740     4.0       0.952745    0.048346
 RL-s16-b25-a1.00     RL 0.7150          0.925    10.0       0.887372    0.121531
RL-s12-b125-a1.00     RL 0.7150          0.725     7.0       0.912105    0.054129
RL-s13-b125-a1.00     RL 0.7125          0.745     6.0       0.926891    0.042145
 RL-s12-b75-a1.00     RL 0.7125          0.780     6.0       0.941820    0.065388
 RL-s9-b200-a1.00     RL 0.7125          0.755     5.0       0.939258    0.053643
RL-s17-b225-a1.00     RL 0.7100          0.760     5.0       0.934199    0.043979
RL-s15-b100-a1.00     RL 0.7100          0.780     4.0       0.955069    0.074951
RL-s10-b275-a1.00     RL 0.7100          0.760    17.0       0.894565    0.068112
RL-s11-b100-a1.00     RL 0.7100          0.710     6.0       0.936887    0.041822
RL-s17-b150-a1.00     RL 0.7075          0.730     6.0       0.915195    0.051022
 RL-s9-b150-a1.00     RL 0.7050          0.735     6.0       0.930571    0.086255
RL-s16-b150-a1.00     RL 0.7025          0.735     6.0       0.933045    0.046043
RL-s14-b200-a1.00     RL 0.7025          0.785     9.0       0.903890    0.063110
RL-s15-b275-a1.00     RL 0.7000          0.765     6.0       0.941544    0.098834
  RL-s9-b50-a1.00     RL 0.7000          0.820     4.0       0.953800    0.071063
RL-s17-b300-a1.00     RL 0.6975          0.715     4.0       0.959176    0.038912
RL-s14-b300-a1.00     RL 0.6975          0.755    11.0       0.899633    0.138557
RL-s12-b200-a1.00     RL 0.6925          0.745     9.0       0.910543    0.053074
 RL-s13-b75-a1.00     RL 0.6925          0.805     7.0       0.925470    0.062798
RL-s10-b175-a1.00     RL 0.6900          0.725     7.0       0.929927    0.039480
RL-s13-b175-a1.00     RL 0.6900          0.685     6.0       0.925339    0.038307
RL-s18-b225-a1.00     RL 0.6875          0.695     9.0       0.917143    0.041960
 RL-s9-b225-a1.00     RL 0.6875          0.720     4.0       0.958548    0.040130
 RL-s19-b25-a1.00     RL 0.6875          0.890     8.0       0.925841    0.129387
RL-s15-b225-a1.00     RL 0.6875          0.730     4.0       0.952517    0.042366
RL-s19-b175-a1.00     RL 0.6825          0.685     5.0       0.947388    0.041405
RL-s17-b275-a1.00     RL 0.6825          0.755     6.0       0.937986    0.059753
RL-s13-b300-a1.00     RL 0.6800          0.680     9.0       0.897207    0.044851
 RL-s15-b75-a1.00     RL 0.6800          0.780     5.0       0.943331    0.062185
 RL-s15-b50-a1.00     RL 0.6800          0.775     4.0       0.957017    0.075989
RL-s13-b100-a1.00     RL 0.6775          0.715     5.0       0.942460    0.041219
 RL-s8-b275-a1.00     RL 0.6775          0.670     7.0       0.924165    0.037870
RL-s12-b275-a1.00     RL 0.6775          0.715     9.0       0.915323    0.042251
  RL-s8-b50-a1.00     RL 0.6750          0.795     6.0       0.921688    0.086746
RL-s13-b150-a1.00     RL 0.6750          0.680     7.0       0.911946    0.045431
RL-s18-b125-a1.00     RL 0.6725          0.730    17.0       0.917425    0.071900
RL-s16-b200-a1.00     RL 0.6700          0.665     6.0       0.934249    0.036507
RL-s16-b175-a1.00     RL 0.6700          0.670     7.0       0.909610    0.030080
RL-s14-b125-a1.00     RL 0.6700          0.725    10.0       0.905854    0.082203
RL-s17-b250-a1.00     RL 0.6675          0.660     5.0       0.948251    0.043332
 RL-s8-b125-a1.00     RL 0.6650          0.665     4.0       0.961516    0.035030
RL-s18-b175-a1.00     RL 0.6650          0.655     7.0       0.928438    0.050588
 RL-s10-b75-a1.00     RL 0.6625          0.685     8.0       0.910075    0.045758
RL-s16-b275-a1.00     RL 0.6600          0.680     7.0       0.902765    0.042940
RL-s12-b100-a1.00     RL 0.6575          0.680     4.0       0.956960    0.050434
RL-s10-b100-a1.00     RL 0.6575          0.735     9.0       0.911617    0.058863
RL-s18-b200-a1.00     RL 0.6550          0.695     6.0       0.940497    0.038270
RL-s11-b125-a1.00     RL 0.6525          0.670     6.0       0.942448    0.036276
RL-s19-b225-a1.00     RL 0.6525          0.665     5.0       0.949390    0.041010
RL-s11-b275-a1.00     RL 0.6500          0.630     5.0       0.925700    0.030450
RL-s14-b150-a1.00     RL 0.6475          0.660     7.0       0.919526    0.046285
 RL-s12-b50-a1.00     RL 0.6475          0.755     7.0       0.930258    0.067791
RL-s11-b200-a1.00     RL 0.6425          0.630     5.0       0.938918    0.032726
RL-s13-b200-a1.00     RL 0.6400          0.645     6.0       0.919554    0.033935
RL-s16-b125-a1.00     RL 0.6400          0.650     5.0       0.935577    0.045469
RL-s14-b100-a1.00     RL 0.6400          0.705     7.0       0.914196    0.048467
  RL-s8-b75-a1.00     RL 0.6350          0.600     4.0       0.951677    0.037834
 RL-s18-b50-a1.00     RL 0.6350          0.830    17.0       0.773399    0.183658
RL-s16-b100-a1.00     RL 0.6325          0.640     6.0       0.927084    0.035884
RL-s19-b125-a1.00     RL 0.6325          0.625     4.0       0.956957    0.044116
  RL-s9-b25-a1.00     RL 0.6300          0.710     5.0       0.939403    0.069498
RL-s19-b200-a1.00     RL 0.6275          0.630     4.0       0.962061    0.034193
RL-s16-b300-a1.00     RL 0.6275          0.720    17.0       0.899104    0.068560
RL-s11-b175-a1.00     RL 0.6250          0.625     6.0       0.933457    0.039621
RL-s18-b300-a1.00     RL 0.6250          0.610     9.0       0.932946    0.041764
 RL-s8-b200-a1.00     RL 0.6250          0.670     9.0       0.922668    0.045079
 RL-s8-b225-a1.00     RL 0.6225          0.625     7.0       0.925625    0.032244
RL-s19-b150-a1.00     RL 0.6225          0.615     5.0       0.946029    0.035714
RL-s11-b150-a1.00     RL 0.6200          0.580     5.0       0.939246    0.035934
RL-s11-b250-a1.00     RL 0.6200          0.610     7.0       0.920528    0.062909
  RL-s9-b75-a1.00     RL 0.6200          0.690     9.0       0.921157    0.084082
RL-s17-b100-a1.00     RL 0.6200          0.700     9.0       0.901907    0.063838
 RL-s16-b50-a1.00     RL 0.6200          0.650     8.0       0.913366    0.050195
 RL-s8-b300-a1.00     RL 0.6200          0.635     7.0       0.910192    0.046742
 RL-s8-b250-a1.00     RL 0.6175          0.620     8.0       0.905311    0.031076
 RL-s8-b100-a1.00     RL 0.6175          0.610     3.0       0.963400    0.034457
RL-s18-b100-a1.00     RL 0.6100          0.680    16.0       0.903379    0.067639
 RL-s14-b75-a1.00     RL 0.6100          0.655     8.0       0.913548    0.051266
RL-s15-b150-a1.00     RL 0.6050          0.600     4.0       0.961245    0.039032
 RL-s17-b50-a1.00     RL 0.6000          0.630     7.0       0.920611    0.050424
RL-s16-b225-a1.00     RL 0.6000          0.610     7.0       0.926953    0.046859
RL-s15-b175-a1.00     RL 0.5925          0.610     4.0       0.951792    0.046202
 RL-s8-b175-a1.00     RL 0.5925          0.640     4.0       0.951268    0.065649
 RL-s8-b150-a1.00     RL 0.5900          0.665     5.0       0.941870    0.090500
 RL-s11-b25-a1.00     RL 0.5825          0.660    10.0       0.883347    0.064965
 RL-s15-b25-a1.00     RL 0.5775          0.660     7.0       0.916321    0.099865
 RL-s12-b25-a1.00     RL 0.5775          0.615     4.0       0.953065    0.053288
RL-s17-b175-a1.00     RL 0.5750          0.595     5.0       0.927145    0.043487
RL-s16-b250-a1.00     RL 0.5725          0.605     8.0       0.913990    0.053277
RL-s10-b150-a1.00     RL 0.5725          0.545     7.0       0.908506    0.039522
 RL-s10-b50-a1.00     RL 0.5650          0.585     7.0       0.916986    0.036818
RL-s15-b250-a1.00     RL 0.5625          0.560     5.0       0.946167    0.044740
 RL-s19-b75-a1.00     RL 0.5575          0.605     4.0       0.961533    0.046093
RL-s11-b225-a1.00     RL 0.5575          0.515     5.0       0.939685    0.029241
 RL-s14-b50-a1.00     RL 0.5550          0.550     6.0       0.930766    0.050116
RL-s10-b125-a1.00     RL 0.5550          0.700    17.0       0.837912    0.186848
 RL-s18-b75-a1.00     RL 0.5500          0.565     8.0       0.934169    0.042208
 RL-s13-b50-a1.00     RL 0.5500          0.550     5.0       0.946857    0.035734
RL-s15-b200-a1.00     RL 0.5450          0.540     4.0       0.956360    0.034646
 RL-s17-b25-a1.00     RL 0.5000          0.510     6.0       0.930247    0.046375
 RL-s11-b75-a1.00     RL 0.4850          0.530    17.0       0.913656    0.051436
 RL-s16-b75-a1.00     RL 0.4850          0.515     7.0       0.908116    0.033561
  RL-s8-b25-a1.00     RL 0.4825          0.510     2.0       0.976319    0.050277
 RL-s10-b25-a1.00     RL 0.4800          0.465     7.0       0.924198    0.038706
 RL-s13-b25-a1.00     RL 0.4675          0.485     3.0       0.980825    0.048182
RL-s18-b275-a1.00     RL 0.4650          0.480     7.0       0.922065    0.036291
RL-s19-b100-a1.00     RL 0.4600          0.615    17.0       0.861137    0.210175
 RL-s11-b50-a1.00     RL 0.4575          0.490    13.0       0.897371    0.043778
 RL-s18-b25-a1.00     RL 0.4100          0.410     7.0       0.917197    0.046327
 RL-s19-b50-a1.00     RL 0.4000          0.415     3.0       0.970877    0.049435
 RL-s17-b75-a1.00     RL 0.3375          0.470    17.0       0.849483    0.308992
 RL-s14-b25-a1.00     RL 0.3300          0.370    17.0       0.790891    0.051826
             cond  d_star_common  d_star_090_common  d_star_099_common  f4_common  coverage_entropy  coverage_std
  RL-s8-b25-a1.00            6.0                2.0               17.0   0.941689          0.698123      0.242284
  RL-s8-b50-a1.00            6.0                2.0               17.0   0.929451          0.717398      0.274816
  RL-s8-b75-a1.00           17.0                6.0               17.0   0.890171          0.689528      0.266736
 RL-s8-b100-a1.00           10.0                4.0               17.0   0.906194          0.644632      0.230294
 RL-s8-b125-a1.00           17.0                4.0               17.0   0.902254          0.620952      0.225688
 RL-s8-b150-a1.00           17.0                5.0               17.0   0.883602          0.692163      0.289794
 RL-s8-b175-a1.00            5.0                2.0               17.0   0.945307          0.679894      0.232015
 RL-s8-b200-a1.00           17.0                5.0               17.0   0.887648          0.675918      0.246348
 RL-s8-b225-a1.00           17.0                8.0               17.0   0.864928          0.684048      0.230351
 RL-s8-b250-a1.00           17.0                9.0               17.0   0.847437          0.685900      0.234115
 RL-s8-b275-a1.00           17.0                6.0               17.0   0.873961          0.660814      0.215718
 RL-s8-b300-a1.00           17.0                6.0               17.0   0.864902          0.675236      0.222679
  RL-s9-b25-a1.00            6.0                3.0               17.0   0.936996          0.701042      0.245827
  RL-s9-b50-a1.00            6.0                1.0               17.0   0.942758          0.670968      0.237085
  RL-s9-b75-a1.00           17.0                4.0               17.0   0.909407          0.732938      0.305100
 RL-s9-b100-a1.00            5.0                1.0               17.0   0.940434          0.629287      0.232263
 RL-s9-b125-a1.00           10.0                2.0               17.0   0.928796          0.660233      0.250158
 RL-s9-b150-a1.00           17.0                4.0               17.0   0.908171          0.690327      0.261358
 RL-s9-b175-a1.00           12.0                3.0               17.0   0.910739          0.702224      0.261648
 RL-s9-b200-a1.00           16.0                3.0               17.0   0.921413          0.651437      0.231114
 RL-s9-b225-a1.00            9.0                5.0               17.0   0.891047          0.673357      0.243583
 RL-s9-b250-a1.00            6.0                2.0               17.0   0.930682          0.662052      0.224422
 RL-s9-b275-a1.00           17.0                5.0               17.0   0.894947          0.678996      0.227040
 RL-s9-b300-a1.00            8.0                4.0               17.0   0.908096          0.668392      0.224251
 RL-s10-b25-a1.00           17.0                6.0               17.0   0.879417          0.710867      0.248480
 RL-s10-b50-a1.00           17.0                5.0               17.0   0.892442          0.704122      0.255004
 RL-s10-b75-a1.00           17.0                5.0               17.0   0.892930          0.652226      0.235575
RL-s10-b100-a1.00           17.0                8.0               17.0   0.869700          0.704565      0.257579
RL-s10-b125-a1.00           17.0                5.0               17.0   0.887991          0.708017      0.315683
RL-s10-b150-a1.00           17.0               17.0               17.0   0.783606          0.665834      0.279090
RL-s10-b175-a1.00           17.0               17.0               17.0   0.765752          0.678639      0.265968
RL-s10-b200-a1.00           17.0               13.0               17.0   0.790544          0.692392      0.250154
RL-s10-b225-a1.00           17.0                8.0               17.0   0.824780          0.685689      0.247871
RL-s10-b250-a1.00           17.0                7.0               17.0   0.851856          0.687056      0.253318
RL-s10-b275-a1.00           17.0                6.0               17.0   0.875784          0.642119      0.252785
RL-s10-b300-a1.00           17.0                7.0               17.0   0.829840          0.691967      0.262796
 RL-s11-b25-a1.00           17.0                9.0               17.0   0.828568          0.706554      0.267011
 RL-s11-b50-a1.00           17.0               10.0               17.0   0.828136          0.705375      0.266644
 RL-s11-b75-a1.00           17.0               14.0               17.0   0.837886          0.709476      0.276079
RL-s11-b100-a1.00           17.0                6.0               17.0   0.883074          0.693358      0.250045
RL-s11-b125-a1.00           17.0                7.0               17.0   0.893622          0.613003      0.226536
RL-s11-b150-a1.00           17.0               10.0               17.0   0.837967          0.688979      0.258287
RL-s11-b175-a1.00           17.0               17.0               17.0   0.826673          0.688837      0.257045
RL-s11-b200-a1.00           17.0               17.0               17.0   0.830041          0.693012      0.261369
RL-s11-b225-a1.00           17.0               17.0               17.0   0.825739          0.687198      0.255703
RL-s11-b250-a1.00           17.0               17.0               17.0   0.832020          0.703867      0.287487
RL-s11-b275-a1.00           17.0               17.0               17.0   0.837968          0.684027      0.247545
RL-s11-b300-a1.00            8.0                2.0               17.0   0.924613          0.631928      0.226765
 RL-s12-b25-a1.00            7.0                4.0               17.0   0.916274          0.673346      0.226939
 RL-s12-b50-a1.00            7.0                3.0               17.0   0.925689          0.663642      0.232529
 RL-s12-b75-a1.00            8.0                3.0               17.0   0.923638          0.659317      0.234444
RL-s12-b100-a1.00            8.0                4.0               17.0   0.906503          0.634828      0.224153
RL-s12-b125-a1.00           17.0                5.0               17.0   0.894216          0.667827      0.233600
RL-s12-b150-a1.00            8.0                4.0               17.0   0.903810          0.644084      0.229554
RL-s12-b175-a1.00           17.0                7.0               17.0   0.853014          0.671872      0.254323
RL-s12-b200-a1.00           17.0                5.0               17.0   0.885794          0.671055      0.245832
RL-s12-b225-a1.00           17.0                5.0               17.0   0.899718          0.647302      0.247007
RL-s12-b250-a1.00           17.0                5.0               17.0   0.899941          0.626515      0.241815
RL-s12-b275-a1.00           17.0                8.0               17.0   0.813656          0.659817      0.257885
RL-s12-b300-a1.00           17.0                6.0               17.0   0.873112          0.636284      0.248055
 RL-s13-b25-a1.00            8.0                4.0               17.0   0.916827          0.708261      0.261106
 RL-s13-b50-a1.00           17.0                5.0               17.0   0.888534          0.692840      0.234127
 RL-s13-b75-a1.00            7.0                4.0               17.0   0.924076          0.656155      0.226706
RL-s13-b100-a1.00           17.0                5.0               17.0   0.889677          0.668381      0.234266
RL-s13-b125-a1.00           17.0                5.0               17.0   0.899293          0.647655      0.218647
RL-s13-b150-a1.00           17.0                7.0               17.0   0.840100          0.702535      0.242168
RL-s13-b175-a1.00           17.0                8.0               17.0   0.838970          0.675928      0.253010
RL-s13-b200-a1.00           17.0               16.0               17.0   0.783684          0.675883      0.259018
RL-s13-b225-a1.00           17.0                5.0               17.0   0.876000          0.679554      0.258674
RL-s13-b250-a1.00           17.0                8.0               17.0   0.838931          0.642729      0.270081
RL-s13-b275-a1.00           17.0                6.0               17.0   0.876400          0.683181      0.256353
RL-s13-b300-a1.00           17.0               17.0               17.0   0.782168          0.696510      0.248512
 RL-s14-b25-a1.00           17.0                7.0               17.0   0.860850          0.707398      0.260942
 RL-s14-b50-a1.00           17.0                7.0               17.0   0.854019          0.654943      0.235947
 RL-s14-b75-a1.00           17.0                7.0               17.0   0.857823          0.698446      0.231106
RL-s14-b100-a1.00           17.0                7.0               17.0   0.852839          0.697214      0.243150
RL-s14-b125-a1.00           17.0                6.0               17.0   0.868929          0.687558      0.230535
RL-s14-b150-a1.00           17.0                6.0               17.0   0.866059          0.677448      0.220855
RL-s14-b175-a1.00           17.0                6.0               17.0   0.866724          0.683380      0.229339
RL-s14-b200-a1.00           17.0                6.0               17.0   0.857334          0.694708      0.242546
RL-s14-b225-a1.00           17.0                6.0               17.0   0.860051          0.689582      0.251563
RL-s14-b250-a1.00           17.0                6.0               17.0   0.861318          0.678870      0.227701
RL-s14-b275-a1.00           14.0                5.0               17.0   0.885701          0.675352      0.226569
RL-s14-b300-a1.00            9.0                4.0               17.0   0.909786          0.661057      0.235168
 RL-s15-b25-a1.00            6.0                2.0               17.0   0.939012          0.724577      0.281161
 RL-s15-b50-a1.00            6.0                2.0               17.0   0.934782          0.694130      0.252184
 RL-s15-b75-a1.00            6.0                2.0               17.0   0.938305          0.641917      0.244853
RL-s15-b100-a1.00            8.0                2.0               17.0   0.923520          0.716775      0.254502
RL-s15-b125-a1.00            7.0                1.0               17.0   0.931158          0.631259      0.224664
RL-s15-b150-a1.00            6.0                3.0               17.0   0.913780          0.672334      0.237498
RL-s15-b175-a1.00           17.0                5.0               17.0   0.878043          0.681360      0.251301
RL-s15-b200-a1.00            9.0                5.0               17.0   0.894235          0.680803      0.244982
RL-s15-b225-a1.00            8.0                4.0               17.0   0.903353          0.675216      0.235684
RL-s15-b250-a1.00           12.0                5.0               17.0   0.888865          0.682183      0.245610
RL-s15-b275-a1.00            8.0                4.0               17.0   0.905739          0.681882      0.283249
RL-s15-b300-a1.00            7.0                3.0               17.0   0.920406          0.661711      0.238138
 RL-s16-b25-a1.00            5.0                2.0               17.0   0.942945          0.684391      0.252889
 RL-s16-b50-a1.00           17.0                5.0               17.0   0.896983          0.704289      0.251359
 RL-s16-b75-a1.00           17.0               17.0               17.0   0.739534          0.650342      0.241311
RL-s16-b100-a1.00           17.0               11.0               17.0   0.842382          0.679688      0.247298
RL-s16-b125-a1.00           17.0                6.0               17.0   0.876541          0.674359      0.246796
RL-s16-b150-a1.00           17.0                4.0               17.0   0.903331          0.621950      0.239093
RL-s16-b175-a1.00           17.0               11.0               17.0   0.843628          0.688650      0.248209
RL-s16-b200-a1.00           17.0                6.0               17.0   0.868946          0.675386      0.241991
RL-s16-b225-a1.00           17.0                6.0               17.0   0.879081          0.667911      0.235570
RL-s16-b250-a1.00           17.0                7.0               17.0   0.833406          0.675716      0.233362
RL-s16-b275-a1.00           17.0                7.0               17.0   0.847266          0.688558      0.252646
RL-s16-b300-a1.00           17.0                7.0               17.0   0.851527          0.697248      0.260859
 RL-s17-b25-a1.00           10.0                4.0               17.0   0.904948          0.720092      0.254505
 RL-s17-b50-a1.00           17.0                5.0               17.0   0.891790          0.698652      0.252190
 RL-s17-b75-a1.00           17.0                5.0               17.0   0.877048          0.727295      0.326745
RL-s17-b100-a1.00           17.0                5.0               17.0   0.890950          0.678461      0.246270
RL-s17-b125-a1.00            8.0                4.0               17.0   0.912783          0.646309      0.235991
RL-s17-b150-a1.00            9.0                5.0               17.0   0.899638          0.653794      0.229826
RL-s17-b175-a1.00           17.0                5.0               17.0   0.873824          0.645625      0.229843
RL-s17-b200-a1.00            9.0                5.0               17.0   0.895270          0.658226      0.228219
RL-s17-b225-a1.00           17.0                5.0               17.0   0.883820          0.668214      0.235050
RL-s17-b250-a1.00           17.0                9.0               17.0   0.796953          0.681651      0.250615
RL-s17-b275-a1.00           17.0                5.0               17.0   0.876823          0.691845      0.261488
RL-s17-b300-a1.00           11.0                5.0               17.0   0.882748          0.672479      0.233076
 RL-s18-b25-a1.00           17.0                5.0               17.0   0.886500          0.697614      0.269449
 RL-s18-b50-a1.00            5.0                1.0               17.0   0.947124          0.683178      0.303144
 RL-s18-b75-a1.00           11.0                3.0               17.0   0.924897          0.657963      0.232974
RL-s18-b100-a1.00           13.0                4.0               17.0   0.913705          0.699838      0.253036
RL-s18-b125-a1.00           13.0                3.0               17.0   0.917059          0.681132      0.246374
RL-s18-b150-a1.00           11.0                2.0               17.0   0.934026          0.628572      0.236877
RL-s18-b175-a1.00            9.0                3.0               17.0   0.914539          0.633430      0.227708
RL-s18-b200-a1.00           17.0                5.0               17.0   0.893735          0.660948      0.223863
RL-s18-b225-a1.00           10.0                3.0               17.0   0.926493          0.619718      0.206609
RL-s18-b250-a1.00           17.0                4.0               17.0   0.908912          0.648989      0.212244
RL-s18-b275-a1.00           17.0               17.0               17.0   0.637909          0.664937      0.250240
RL-s18-b300-a1.00           17.0               10.0               17.0   0.784266          0.680123      0.252883
 RL-s19-b25-a1.00            4.0                1.0               17.0   0.953503          0.706829      0.265919
 RL-s19-b50-a1.00            9.0                4.0               17.0   0.904617          0.698207      0.257554
 RL-s19-b75-a1.00            7.0                4.0               17.0   0.924415          0.703890      0.246894
RL-s19-b100-a1.00            3.0                1.0               17.0   0.958522          0.741067      0.314774
RL-s19-b125-a1.00            9.0                3.0               17.0   0.927658          0.691927      0.246705
RL-s19-b150-a1.00           17.0                6.0               17.0   0.871856          0.664311      0.253194
RL-s19-b175-a1.00           17.0                8.0               17.0   0.836477          0.678031      0.259488
RL-s19-b200-a1.00           17.0                7.0               17.0   0.872381          0.679619      0.256515
RL-s19-b225-a1.00           17.0               14.0               17.0   0.849932          0.660794      0.249840
RL-s19-b250-a1.00           17.0                5.0               17.0   0.887891          0.679022      0.244154
RL-s19-b275-a1.00           17.0                6.0               17.0   0.885117          0.690347      0.245775
RL-s19-b300-a1.00           17.0                4.0               17.0   0.910027          0.672654      0.240680
[09:51:40] ÎØºÍ∞êÎèÑ
             cond family   score  score_heldout  d_star  fidelity_at_4  viol_total
RL-s12-b300-a1.00     RL 0.82750         0.8900     8.0       0.915073    0.083553
RL-s11-b300-a1.00     RL 0.81625         0.9175     5.0       0.949690    0.104109
 RL-s7-b300-a1.00     RL 0.75375         0.7725     5.0       0.943569    0.080127
RL-s15-b300-a1.00     RL 0.73875         0.7850     4.0       0.955331    0.069343
 RL-s9-b300-a1.00     RL 0.73375         0.7575     2.0       0.970101    0.029876
 RL-s1-b300-a1.00     RL 0.72875         0.8500    17.0       0.898601    0.074531
            BT-v2     BT 0.72750         0.9550     4.0       0.951458    0.143302
 RL-s0-b300-a1.00     RL 0.70875         0.7150     3.0       0.972184    0.027796
 RL-s3-b300-a1.00     RL 0.70125         0.7150     4.0       0.959139    0.029935
RL-s19-b300-a1.00     RL 0.68125         0.7975     4.0       0.956467    0.053679
 RL-s8-b300-a1.00     RL 0.65875         0.6800     5.0       0.947023    0.024173
RL-s14-b300-a1.00     RL 0.62750         0.9675    17.0       0.862168    0.193345
 RL-s5-b300-a1.00     RL 0.62500         0.5850     2.0       0.965534    0.065218
RL-s17-b300-a1.00     RL 0.59750         0.5800     3.0       0.968982    0.029517
 RL-s6-b300-a1.00     RL 0.56875         0.5575     4.0       0.956612    0.036698
RL-s10-b300-a1.00     RL 0.53000         0.5050    17.0       0.879646    0.089346
      BTO-s0-b300    BTO 0.50875         0.9750     3.0       0.959402    0.053999
RL-s13-b300-a1.00     RL 0.50750         0.4250     5.0       0.937250    0.021846
      BTO-s1-b300    BTO 0.50250         0.9850     3.0       0.972345    0.059256
      BTO-s2-b300    BTO 0.50125         0.9750     3.0       0.978985    0.053710
RL-s18-b300-a1.00     RL 0.48500         0.4350     4.0       0.956400    0.030073
RL-s16-b300-a1.00     RL 0.47000         0.4950     9.0       0.909113    0.102233
 RL-s4-b300-a1.00     RL 0.45000         0.4175     5.0       0.944327    0.056813
            BT-v3     BT 0.27250         0.5000     4.0       0.959676    0.007723
            BT-v1     BT 0.24500         0.2375     1.0       0.996221    0.005586
 RL-s2-b300-a1.00     RL 0.22125         0.1725     4.0       0.950837    0.028359
             cond family   score  score_heldout  d_star  fidelity_at_4  viol_total
 RL-s1-b300-a1.00     RL 0.66375         0.7175    17.0       0.898199    0.066842
            BT-v2     BT 0.64625         0.7925     4.0       0.952355    0.100491
      BTO-s2-b300    BTO 0.61375         0.8275     3.0       0.978072    0.055714
      BTO-s0-b300    BTO 0.60875         0.8300     5.0       0.946472    0.054841
RL-s12-b300-a1.00     RL 0.60750         0.7050     8.0       0.905662    0.051070
RL-s10-b300-a1.00     RL 0.59750         0.6675    17.0       0.891139    0.084862
RL-s14-b300-a1.00     RL 0.59250         0.7125    11.0       0.899633    0.137643
      BTO-s1-b300    BTO 0.58750         0.8000     3.0       0.967845    0.058977
RL-s11-b300-a1.00     RL 0.54875         0.5975     3.0       0.961864    0.048633
RL-s16-b300-a1.00     RL 0.53375         0.5825    17.0       0.899104    0.061899
 RL-s4-b300-a1.00     RL 0.53000         0.5625     5.0       0.944910    0.038735
 RL-s7-b300-a1.00     RL 0.51750         0.5450     7.0       0.910577    0.036746
RL-s19-b300-a1.00     RL 0.51625         0.5575     5.0       0.938349    0.044934
RL-s15-b300-a1.00     RL 0.51125         0.5375     4.0       0.958120    0.041922
 RL-s9-b300-a1.00     RL 0.50625         0.5200     4.0       0.952745    0.042098
RL-s18-b300-a1.00     RL 0.50375         0.4950     9.0       0.932946    0.039566
 RL-s3-b300-a1.00     RL 0.50125         0.5100     6.0       0.931472    0.044558
 RL-s0-b300-a1.00     RL 0.49750         0.5000     3.0       0.965788    0.040006
RL-s17-b300-a1.00     RL 0.49750         0.5225     4.0       0.959176    0.038290
 RL-s8-b300-a1.00     RL 0.49625         0.4975     7.0       0.910192    0.040390
 RL-s5-b300-a1.00     RL 0.49375         0.4900     5.0       0.944038    0.041892
 RL-s6-b300-a1.00     RL 0.48875         0.4925     5.0       0.947077    0.033056
 RL-s2-b300-a1.00     RL 0.48375         0.4900     6.0       0.923619    0.033457
RL-s13-b300-a1.00     RL 0.47750         0.4750     9.0       0.897207    0.036144
            BT-v1     BT 0.38625         0.3800     1.0       0.995245    0.004690
            BT-v3     BT 0.35375         0.5000     5.0       0.940204    0.008046
[10:27:05] Ï†ïÏ±Ö ÌíÄ
¡§√• 26∞≥, Ω÷ 325∞≥, ±≥¿¸ 19500»∏
             cond  pool_score  pool_score_vs_rl family
 RL-s4-b300-a1.00    0.583000          0.549561     RL
 RL-s2-b300-a1.00    0.582333          0.531140     RL
 RL-s6-b300-a1.00    0.582000          0.528070     RL
RL-s19-b300-a1.00    0.576667          0.524561     RL
RL-s11-b300-a1.00    0.574333          0.526316     RL
RL-s10-b300-a1.00    0.574000          0.513158     RL
 RL-s0-b300-a1.00    0.566667          0.527632     RL
 RL-s3-b300-a1.00    0.556000          0.510965     RL
 RL-s9-b300-a1.00    0.552000          0.501316     RL
 RL-s1-b300-a1.00    0.550000          0.484211     RL
RL-s15-b300-a1.00    0.550000          0.507456     RL
RL-s12-b300-a1.00    0.549333          0.491667     RL
RL-s17-b300-a1.00    0.534667          0.502632     RL
 RL-s5-b300-a1.00    0.524667          0.479825     RL
RL-s13-b300-a1.00    0.524333          0.473246     RL
RL-s14-b300-a1.00    0.520667          0.467105     RL
 RL-s7-b300-a1.00    0.519333          0.478070     RL
 RL-s8-b300-a1.00    0.513667          0.477632     RL
RL-s16-b300-a1.00    0.500333          0.466667     RL
RL-s18-b300-a1.00    0.477333          0.458772     RL
            BT-v2    0.431667          0.357917     BT
      BTO-s2-b300    0.422667          0.368750    BTO
      BTO-s0-b300    0.397333          0.351667    BTO
      BTO-s1-b300    0.381000          0.325833    BTO
            BT-v3    0.260667          0.266667     BT
            BT-v1    0.195333          0.190000     BT
[10:38:48] Í≥µÌÜµ ÏÉÅÌÉú D*
              cond  d_star_common  d_star_090_common  d_star_099_common  f4_common  coverage_entropy  coverage_std
             BT-v1            3.0                1.0                6.0   0.971779          0.569736      0.331185
             BT-v2            5.0                2.0               17.0   0.943078          0.697332      0.241312
             BT-v3            5.0                3.0               17.0   0.932621          0.720363      0.260698
   HYB-s0-b0-a0.25            4.0                1.0               17.0   0.951897          0.705133      0.240799
   HYB-s0-b0-a0.50            4.0                1.0               17.0   0.961729          0.705885      0.246041
   HYB-s0-b0-a0.75            4.0                1.0               17.0   0.956004          0.719802      0.250459
    RL-s0-b0-a1.00            4.0                1.0               17.0   0.955119          0.709287      0.249798
 HYB-s0-b100-a0.25            5.0                2.0               17.0   0.936589          0.686174      0.229987
 HYB-s0-b100-a0.50            5.0                2.0               17.0   0.935151          0.681592      0.242511
 HYB-s0-b100-a0.75            4.0                1.0               17.0   0.953287          0.644223      0.262089
  RL-s0-b100-a1.00            3.0                1.0               17.0   0.962158          0.651574      0.275892
 HYB-s1-b100-a0.25           17.0                3.0               17.0   0.933182          0.695304      0.239338
 HYB-s1-b100-a0.50           17.0                4.0               17.0   0.913360          0.689418      0.232081
 HYB-s1-b100-a0.75           17.0                1.0               17.0   0.921349          0.670939      0.240684
  RL-s1-b100-a1.00            6.0                1.0               17.0   0.937970          0.664943      0.233154
 HYB-s2-b100-a0.25            6.0                3.0               17.0   0.934640          0.675210      0.221693
 HYB-s2-b100-a0.50            7.0                4.0               17.0   0.919385          0.662333      0.221019
 HYB-s2-b100-a0.75           17.0                3.0               17.0   0.927436          0.631354      0.224382
  RL-s2-b100-a1.00            6.0                3.0               17.0   0.920538          0.638740      0.233185
 HYB-s3-b100-a0.25            9.0                4.0               17.0   0.921662          0.678748      0.237671
 HYB-s3-b100-a0.50           17.0                5.0               17.0   0.881977          0.685821      0.236247
 HYB-s3-b100-a0.75           17.0                6.0               17.0   0.893554          0.690774      0.244775
  RL-s3-b100-a1.00           17.0                5.0               17.0   0.891260          0.680664      0.252734
 HYB-s4-b100-a0.25            5.0                3.0               17.0   0.943262          0.680259      0.220378
 HYB-s4-b100-a0.50            6.0                3.0               17.0   0.927068          0.688239      0.231046
 HYB-s4-b100-a0.75           17.0                3.0               17.0   0.921919          0.659288      0.229337
  RL-s4-b100-a1.00           17.0                4.0               17.0   0.911523          0.662161      0.232841
 HYB-s5-b100-a0.25            6.0                3.0               17.0   0.933158          0.684980      0.227668
 HYB-s5-b100-a0.50            8.0                4.0               17.0   0.930783          0.662548      0.228383
 HYB-s5-b100-a0.75           17.0                4.0               17.0   0.915571          0.662909      0.232558
  RL-s5-b100-a1.00           17.0                5.0               17.0   0.898327          0.674964      0.230117
 HYB-s6-b100-a0.25            5.0                4.0               17.0   0.939490          0.671397      0.223896
 HYB-s6-b100-a0.50           17.0                5.0               17.0   0.892768          0.661868      0.220161
 HYB-s6-b100-a0.75           17.0                4.0               17.0   0.901324          0.647974      0.224135
  RL-s6-b100-a1.00           17.0                5.0               17.0   0.894065          0.667500      0.233569
 HYB-s7-b100-a0.25            5.0                3.0               17.0   0.934649          0.690174      0.234153
 HYB-s7-b100-a0.50           17.0                5.0               17.0   0.896827          0.675785      0.233118
 HYB-s7-b100-a0.75           17.0                6.0               17.0   0.882128          0.680479      0.220333
  RL-s7-b100-a1.00           17.0                6.0               17.0   0.877011          0.699901      0.234823
 HYB-s8-b100-a0.25            6.0                2.0               17.0   0.938282          0.661128      0.217954
 HYB-s8-b100-a0.50           17.0                4.0               17.0   0.904521          0.650488      0.218078
 HYB-s8-b100-a0.75           17.0                3.0               17.0   0.912138          0.634577      0.227920
  RL-s8-b100-a1.00            7.0                3.0               17.0   0.906470          0.644632      0.230294
 HYB-s9-b100-a0.25            5.0                2.0               17.0   0.944812          0.697844      0.239820
 HYB-s9-b100-a0.50           17.0                2.0               17.0   0.930684          0.690374      0.231929
 HYB-s9-b100-a0.75           17.0                1.0               17.0   0.941727          0.655661      0.243332
  RL-s9-b100-a1.00            4.0                1.0               17.0   0.958693          0.629287      0.232263
HYB-s10-b100-a0.25            6.0                3.0               17.0   0.939774          0.688457      0.230466
HYB-s10-b100-a0.50           17.0                5.0               17.0   0.899867          0.673346      0.233984
HYB-s10-b100-a0.75           17.0                5.0               17.0   0.897259          0.683765      0.248114
 RL-s10-b100-a1.00           17.0                7.0               17.0   0.865825          0.704565      0.257579
HYB-s11-b100-a0.25           17.0                4.0               17.0   0.921343          0.681354      0.228294
HYB-s11-b100-a0.50           17.0                5.0               17.0   0.876776          0.675953      0.229916
HYB-s11-b100-a0.75           17.0                8.0               17.0   0.887888          0.702536      0.254059
 RL-s11-b100-a1.00           17.0                6.0               17.0   0.891818          0.693358      0.250045
HYB-s12-b100-a0.25            6.0                2.0               17.0   0.938526          0.683910      0.226174
HYB-s12-b100-a0.50            9.0                4.0               17.0   0.921788          0.682444      0.231910
HYB-s12-b100-a0.75           17.0                2.0               17.0   0.929261          0.645786      0.225143
 RL-s12-b100-a1.00            6.0                3.0               17.0   0.928353          0.634828      0.224153
HYB-s13-b100-a0.25            5.0                3.0               17.0   0.935301          0.661113      0.218254
HYB-s13-b100-a0.50           17.0                4.0               17.0   0.916731          0.650015      0.218168
HYB-s13-b100-a0.75           17.0                5.0               17.0   0.895022          0.651646      0.225275
 RL-s13-b100-a1.00           17.0                6.0               17.0   0.879505          0.668381      0.234266
HYB-s14-b100-a0.25            5.0                4.0               17.0   0.925859          0.700281      0.235447
HYB-s14-b100-a0.50           17.0                5.0               17.0   0.897709          0.689537      0.232301
HYB-s14-b100-a0.75           17.0                7.0               17.0   0.867679          0.693355      0.229315
 RL-s14-b100-a1.00           17.0                7.0               17.0   0.838904          0.697214      0.243150
HYB-s15-b100-a0.25            5.0                2.0               17.0   0.940541          0.694447      0.235342
HYB-s15-b100-a0.50           17.0                4.0               17.0   0.925557          0.683810      0.228618
HYB-s15-b100-a0.75            6.0                2.0               17.0   0.930754          0.692202      0.236890
 RL-s15-b100-a1.00            6.0                2.0               17.0   0.933708          0.716775      0.254502
HYB-s16-b100-a0.25            5.0                3.0               17.0   0.939658          0.680095      0.225775
HYB-s16-b100-a0.50           17.0                4.0               17.0   0.902510          0.643832      0.227640
HYB-s16-b100-a0.75           17.0                7.0               17.0   0.861228          0.669829      0.243048
 RL-s16-b100-a1.00           17.0                9.0               17.0   0.817628          0.679688      0.247298
HYB-s17-b100-a0.25            6.0                4.0               17.0   0.928652          0.679280      0.227390
HYB-s17-b100-a0.50           17.0                4.0               17.0   0.912640          0.672240      0.230651
HYB-s17-b100-a0.75           17.0                5.0               17.0   0.895979          0.671703      0.240790
 RL-s17-b100-a1.00           17.0                6.0               17.0   0.870066          0.678461      0.246270
HYB-s18-b100-a0.25            5.0                2.0               17.0   0.938474          0.671547      0.235968
HYB-s18-b100-a0.50           17.0                4.0               17.0   0.908153          0.705959      0.246720
HYB-s18-b100-a0.75           17.0                4.0               17.0   0.905896          0.692062      0.249180
 RL-s18-b100-a1.00           17.0                5.0               17.0   0.895183          0.699838      0.253036
HYB-s19-b100-a0.25            5.0                2.0               17.0   0.941526          0.705412      0.257045
HYB-s19-b100-a0.50           17.0                4.0               17.0   0.904013          0.695229      0.266925
HYB-s19-b100-a0.75           17.0                2.0               17.0   0.917721          0.726545      0.297898
 RL-s19-b100-a1.00            3.0                1.0               17.0   0.964749          0.741067      0.314774
 HYB-s0-b200-a0.25            5.0                3.0               17.0   0.938533          0.690678      0.226300
 HYB-s0-b200-a0.50            7.0                4.0               17.0   0.910274          0.700259      0.236127
 HYB-s0-b200-a0.75           17.0                4.0               17.0   0.914246          0.698877      0.236611
  RL-s0-b200-a1.00            8.0                3.0               17.0   0.925892          0.719915      0.246622
 HYB-s1-b200-a0.25           17.0                3.0               17.0   0.927482          0.679729      0.229450
 HYB-s1-b200-a0.50           17.0                4.0               17.0   0.909866          0.668776      0.229740
 HYB-s1-b200-a0.75           17.0                4.0               17.0   0.902605          0.643098      0.236892
  RL-s1-b200-a1.00           17.0                5.0               17.0   0.899691          0.657152      0.252864
 HYB-s2-b200-a0.25            6.0                3.0               17.0   0.931566          0.706621      0.242624
 HYB-s2-b200-a0.50           17.0                4.0               17.0   0.915391          0.685524      0.230402
 HYB-s2-b200-a0.75           17.0                5.0               17.0   0.899717          0.677599      0.235863
  RL-s2-b200-a1.00           17.0                5.0               17.0   0.893738          0.679340      0.239019
 HYB-s3-b200-a0.25           17.0                4.0               17.0   0.917656          0.664835      0.230984
 HYB-s3-b200-a0.50           17.0               17.0               17.0   0.878657          0.662653      0.226429
 HYB-s3-b200-a0.75           17.0               17.0               17.0   0.856959          0.680029      0.236327
  RL-s3-b200-a1.00           17.0                7.0               17.0   0.854831          0.681273      0.243820
 HYB-s4-b200-a0.25            5.0                3.0               17.0   0.931048          0.695484      0.237611
 HYB-s4-b200-a0.50           17.0                4.0               17.0   0.908395          0.685284      0.237036
 HYB-s4-b200-a0.75           17.0                3.0               17.0   0.912738          0.682863      0.245576
  RL-s4-b200-a1.00           17.0                4.0               17.0   0.911470          0.694487      0.266041
 HYB-s5-b200-a0.25           12.0                4.0               17.0   0.921817          0.681662      0.235932
 HYB-s5-b200-a0.50           17.0                6.0               17.0   0.865786          0.698518      0.235978
 HYB-s5-b200-a0.75           17.0                6.0               17.0   0.876110          0.684699      0.232599
  RL-s5-b200-a1.00           17.0                6.0               17.0   0.879633          0.689264      0.242045
 HYB-s6-b200-a0.25            6.0                4.0               17.0   0.933861          0.678203      0.227440
 HYB-s6-b200-a0.50           17.0                5.0               17.0   0.891139          0.663414      0.220596
 HYB-s6-b200-a0.75           17.0                5.0               17.0   0.899897          0.651187      0.235422
  RL-s6-b200-a1.00           11.0                5.0               17.0   0.895410          0.653025      0.234542
 HYB-s7-b200-a0.25           17.0                4.0               17.0   0.915908          0.703715      0.240495
 HYB-s7-b200-a0.50           17.0                6.0               17.0   0.874590          0.722271      0.257100
 HYB-s7-b200-a0.75           17.0               17.0               17.0   0.856502          0.714958      0.265903
  RL-s7-b200-a1.00           17.0                9.0               17.0   0.836974          0.716276      0.273277
 HYB-s8-b200-a0.25            6.0                4.0               17.0   0.927883          0.696123      0.236864
 HYB-s8-b200-a0.50           17.0                5.0               17.0   0.894598          0.696173      0.251317
 HYB-s8-b200-a0.75           17.0                5.0               17.0   0.885719          0.694525      0.245756
  RL-s8-b200-a1.00           17.0                8.0               17.0   0.865292          0.675918      0.246348
 HYB-s9-b200-a0.25            5.0                2.0               17.0   0.939301          0.679840      0.227061
 HYB-s9-b200-a0.50           17.0                4.0               17.0   0.916436          0.683629      0.227727
 HYB-s9-b200-a0.75           17.0                3.0               17.0   0.917625          0.665751      0.226058
  RL-s9-b200-a1.00            7.0                3.0               17.0   0.921015          0.651437      0.231114
HYB-s10-b200-a0.25           17.0                4.0               17.0   0.913900          0.670695      0.233316
HYB-s10-b200-a0.50           17.0                7.0               17.0   0.858223          0.672950      0.233575
HYB-s10-b200-a0.75           17.0               17.0               17.0   0.818378          0.668186      0.239333
 RL-s10-b200-a1.00           17.0               17.0               17.0   0.773560          0.692392      0.250154
HYB-s11-b200-a0.25           17.0                4.0               17.0   0.923500          0.667103      0.227562
HYB-s11-b200-a0.50           17.0                7.0               17.0   0.861038          0.703959      0.249211
HYB-s11-b200-a0.75           17.0               17.0               17.0   0.846181          0.697567      0.251705
 RL-s11-b200-a1.00           17.0                7.0               17.0   0.836506          0.693012      0.261369
HYB-s12-b200-a0.25            5.0                3.0               17.0   0.938409          0.681890      0.232870
HYB-s12-b200-a0.50           10.0                4.0               17.0   0.916318          0.677597      0.228219
HYB-s12-b200-a0.75           17.0                5.0               17.0   0.895576          0.675663      0.233564
 RL-s12-b200-a1.00           17.0                5.0               17.0   0.876936          0.671055      0.245832
HYB-s13-b200-a0.25            5.0                3.0               17.0   0.933396          0.671542      0.223494
HYB-s13-b200-a0.50           17.0                5.0               17.0   0.886882          0.690678      0.234487
HYB-s13-b200-a0.75           17.0               17.0               17.0   0.824370          0.690609      0.249426
 RL-s13-b200-a1.00           17.0               17.0               17.0   0.769124          0.675883      0.259018
HYB-s14-b200-a0.25            6.0                4.0               17.0   0.926949          0.691626      0.233588
HYB-s14-b200-a0.50           17.0                5.0               17.0   0.884359          0.692169      0.237328
HYB-s14-b200-a0.75           17.0                7.0               17.0   0.862032          0.694555      0.235846
 RL-s14-b200-a1.00           17.0                7.0               17.0   0.845924          0.694708      0.242546
HYB-s15-b200-a0.25            7.0                4.0               17.0   0.928003          0.667483      0.218423
HYB-s15-b200-a0.50           17.0                4.0               17.0   0.902859          0.659014      0.223226
HYB-s15-b200-a0.75           17.0                4.0               17.0   0.908646          0.661315      0.226605
 RL-s15-b200-a1.00            9.0                5.0               17.0   0.898478          0.680803      0.244982
HYB-s16-b200-a0.25            8.0                4.0               17.0   0.928417          0.660816      0.218462
HYB-s16-b200-a0.50           17.0                6.0               17.0   0.874090          0.683422      0.230726
HYB-s16-b200-a0.75           17.0                7.0               17.0   0.877501          0.652737      0.234368
 RL-s16-b200-a1.00           17.0                6.0               17.0   0.871440          0.675386      0.241991
HYB-s17-b200-a0.25            6.0                4.0               17.0   0.929092          0.670370      0.224029
HYB-s17-b200-a0.50           17.0                5.0               17.0   0.898942          0.665510      0.230529
HYB-s17-b200-a0.75           17.0                5.0               17.0   0.886806          0.647965      0.227655
 RL-s17-b200-a1.00           17.0                5.0               17.0   0.884499          0.658226      0.228219
HYB-s18-b200-a0.25            6.0                4.0               17.0   0.921223          0.685998      0.238135
HYB-s18-b200-a0.50           17.0                6.0               17.0   0.869698          0.705442      0.244781
HYB-s18-b200-a0.75           17.0               17.0               17.0   0.865269          0.684623      0.239214
 RL-s18-b200-a1.00           17.0                7.0               17.0   0.872746          0.660948      0.223863
HYB-s19-b200-a0.25           17.0                4.0               17.0   0.916063          0.684079      0.238564
HYB-s19-b200-a0.50           17.0               17.0               17.0   0.839693          0.702449      0.246571
HYB-s19-b200-a0.75           17.0               17.0               17.0   0.834897          0.682353      0.250598
 RL-s19-b200-a1.00           17.0                8.0               17.0   0.853535          0.679619      0.256515
 HYB-s0-b300-a0.25            6.0                3.0               17.0   0.925889          0.676686      0.218147
 HYB-s0-b300-a0.50           17.0                4.0               17.0   0.911797          0.665593      0.216002
 HYB-s0-b300-a0.75           17.0                3.0               17.0   0.919981          0.651687      0.221494
  RL-s0-b300-a1.00           17.0                3.0               17.0   0.919614          0.669313      0.232603
 HYB-s1-b300-a0.25            6.0                4.0               17.0   0.921741          0.686490      0.238890
 HYB-s1-b300-a0.50           17.0                5.0               17.0   0.890969          0.675176      0.231848
 HYB-s1-b300-a0.75           17.0                5.0               17.0   0.897294          0.640953      0.232260
  RL-s1-b300-a1.00           17.0                5.0               17.0   0.897678          0.652712      0.245120
 HYB-s2-b300-a0.25            6.0                4.0               17.0   0.924131          0.679191      0.227098
 HYB-s2-b300-a0.50           17.0                6.0               17.0   0.866501          0.694216      0.232943
 HYB-s2-b300-a0.75           17.0                7.0               17.0   0.857222          0.672370      0.229929
  RL-s2-b300-a1.00           17.0                6.0               17.0   0.849308          0.678226      0.237044
 HYB-s3-b300-a0.25            5.0                2.0               17.0   0.940019          0.688151      0.238727
 HYB-s3-b300-a0.50           17.0                5.0               17.0   0.888497          0.671201      0.228366
 HYB-s3-b300-a0.75           17.0               17.0               17.0   0.891735          0.639619      0.228249
  RL-s3-b300-a1.00           17.0                5.0               17.0   0.885313          0.651989      0.218919
 HYB-s4-b300-a0.25            6.0                3.0               17.0   0.934746          0.671103      0.227684
 HYB-s4-b300-a0.50           17.0                4.0               17.0   0.907801          0.673229      0.227362
 HYB-s4-b300-a0.75           17.0                5.0               17.0   0.884619          0.678256      0.240555
  RL-s4-b300-a1.00           17.0                5.0               17.0   0.891944          0.670550      0.270712
 HYB-s5-b300-a0.25            6.0                4.0               17.0   0.921901          0.686456      0.230637
 HYB-s5-b300-a0.50           17.0                5.0               17.0   0.891520          0.680260      0.227213
 HYB-s5-b300-a0.75           17.0                5.0               17.0   0.891338          0.668086      0.227076
  RL-s5-b300-a1.00           17.0                4.0               17.0   0.904219          0.673833      0.231558
 HYB-s6-b300-a0.25           17.0                4.0               17.0   0.927003          0.656824      0.220013
 HYB-s6-b300-a0.50           17.0                6.0               17.0   0.875557          0.685483      0.236793
 HYB-s6-b300-a0.75           17.0                6.0               17.0   0.873643          0.675105      0.245575
  RL-s6-b300-a1.00           17.0                6.0               17.0   0.863290          0.655701      0.257780
 HYB-s7-b300-a0.25            6.0                4.0               17.0   0.926685          0.695957      0.239955
 HYB-s7-b300-a0.50           17.0                5.0               17.0   0.889573          0.678479      0.231580
 HYB-s7-b300-a0.75           17.0               17.0               17.0   0.880800          0.680480      0.233504
  RL-s7-b300-a1.00           17.0                6.0               17.0   0.864217          0.684197      0.230047
 HYB-s8-b300-a0.25            7.0                4.0               17.0   0.926673          0.668407      0.217073
 HYB-s8-b300-a0.50           17.0                5.0               17.0   0.888156          0.682129      0.228039
 HYB-s8-b300-a0.75           17.0               17.0               17.0   0.852986          0.659509      0.221519
  RL-s8-b300-a1.00           17.0               17.0               17.0   0.835169          0.675236      0.222679
 HYB-s9-b300-a0.25            7.0                3.0               17.0   0.931407          0.687218      0.229314
 HYB-s9-b300-a0.50           17.0                4.0               17.0   0.911878          0.664308      0.225099
 HYB-s9-b300-a0.75           17.0                4.0               17.0   0.902303          0.646859      0.222372
  RL-s9-b300-a1.00            8.0                4.0               17.0   0.906411          0.668392      0.224251
HYB-s10-b300-a0.25            8.0                4.0               17.0   0.917036          0.675882      0.231883
HYB-s10-b300-a0.50           17.0                6.0               17.0   0.857707          0.690302      0.245006
HYB-s10-b300-a0.75           17.0                7.0               17.0   0.833720          0.703199      0.269404
 RL-s10-b300-a1.00           17.0                7.0               17.0   0.816001          0.691967      0.262796
HYB-s11-b300-a0.25            6.0                3.0               17.0   0.925188          0.695836      0.230715
HYB-s11-b300-a0.50           17.0                4.0               17.0   0.904770          0.679960      0.222313
HYB-s11-b300-a0.75           17.0                4.0               17.0   0.909152          0.644123      0.228099
 RL-s11-b300-a1.00            9.0                4.0               17.0   0.916201          0.631928      0.226765
HYB-s12-b300-a0.25            5.0                3.0               17.0   0.936573          0.675253      0.226971
HYB-s12-b300-a0.50           17.0                4.0               17.0   0.906042          0.661657      0.233607
HYB-s12-b300-a0.75           17.0                5.0               17.0   0.885971          0.636171      0.239783
 RL-s12-b300-a1.00           17.0                8.0               17.0   0.845980          0.636284      0.248055
HYB-s13-b300-a0.25            7.0                4.0               17.0   0.918484          0.672775      0.220311
HYB-s13-b300-a0.50           17.0                5.0               17.0   0.872717          0.683601      0.223420
HYB-s13-b300-a0.75           17.0               17.0               17.0   0.804507          0.694712      0.235925
 RL-s13-b300-a1.00           17.0               17.0               17.0   0.748653          0.696510      0.248512
HYB-s14-b300-a0.25            5.0                3.0               17.0   0.929124          0.675059      0.227897
HYB-s14-b300-a0.50           17.0                4.0               17.0   0.907459          0.662567      0.213740
HYB-s14-b300-a0.75           17.0                5.0               17.0   0.898131          0.658184      0.214160
 RL-s14-b300-a1.00            8.0                4.0               17.0   0.901902          0.661057      0.235168
HYB-s15-b300-a0.25           17.0                3.0               17.0   0.925471          0.664794      0.219533
HYB-s15-b300-a0.50           17.0                4.0               17.0   0.900822          0.665921      0.226388
HYB-s15-b300-a0.75           17.0                3.0               17.0   0.924409          0.640458      0.227851
 RL-s15-b300-a1.00            7.0                3.0               17.0   0.926248          0.661711      0.238138
HYB-s16-b300-a0.25            7.0                3.0               17.0   0.926217          0.690226      0.232509
HYB-s16-b300-a0.50           17.0                5.0               17.0   0.883115          0.694535      0.237960
HYB-s16-b300-a0.75           17.0               14.0               17.0   0.852352          0.703883      0.250724
 RL-s16-b300-a1.00           17.0               17.0               17.0   0.822361          0.697248      0.260859
HYB-s17-b300-a0.25           17.0                4.0               17.0   0.922184          0.667704      0.225873
HYB-s17-b300-a0.50           17.0                6.0               17.0   0.885508          0.669409      0.223548
HYB-s17-b300-a0.75           17.0               17.0               17.0   0.862112          0.676058      0.227804
 RL-s17-b300-a1.00           17.0                6.0               17.0   0.861544          0.672479      0.233076
HYB-s18-b300-a0.25           17.0                4.0               17.0   0.904109          0.674339      0.227385
HYB-s18-b300-a0.50           17.0               17.0               17.0   0.763315          0.683460      0.238095
HYB-s18-b300-a0.75           17.0               17.0               17.0   0.656168          0.681317      0.237017
 RL-s18-b300-a1.00           17.0               17.0               17.0   0.692056          0.680123      0.252883
HYB-s19-b300-a0.25            6.0                3.0               17.0   0.929244          0.682877      0.229082
HYB-s19-b300-a0.50           17.0                5.0               17.0   0.894910          0.669592      0.225450
HYB-s19-b300-a0.75           17.0                7.0               17.0   0.881856          0.669942      0.232211
 RL-s19-b300-a1.00           17.0                5.0               17.0   0.885837          0.672654      0.240680
       BTO-s0-b100            4.0                2.0               17.0   0.955663          0.707873      0.244315
       BTO-s0-b200            5.0                2.0               17.0   0.943963          0.710865      0.249441
       BTO-s0-b300            5.0                2.0               17.0   0.939867          0.711490      0.247645
       BTO-s1-b100            4.0                2.0               17.0   0.956337          0.711758      0.248392
       BTO-s1-b200            4.0                2.0               17.0   0.956871          0.707959      0.243094
       BTO-s1-b300            3.0                2.0               17.0   0.963440          0.708083      0.245494
       BTO-s2-b100            3.0                2.0               17.0   0.971653          0.701904      0.245089
       BTO-s2-b200            3.0                2.0               17.0   0.971166          0.707842      0.241397
       BTO-s2-b300            3.0                2.0               17.0   0.972002          0.704802      0.246613
       SHD-s0-b300           17.0                6.0               17.0   0.865845          0.705329      0.249338
       SHD-s1-b300           17.0                7.0               17.0   0.845545          0.721800      0.287542
       SHD-s2-b300           17.0                8.0               17.0   0.787919          0.678939      0.243220
       SHD-s3-b300           17.0                9.0               17.0   0.826571          0.676209      0.227635
       SHD-s4-b300           17.0                8.0               17.0   0.837268          0.681260      0.281332
       SHD-s5-b300           17.0                7.0               17.0   0.841994          0.682842      0.240834
       SHD-s6-b300           17.0                7.0               17.0   0.803596          0.675840      0.265056
       SHD-s7-b300           17.0                7.0               17.0   0.831124          0.682556      0.238859
       SHD-s8-b300           17.0                9.0               17.0   0.802565          0.678270      0.234975
       SHD-s9-b300           17.0                7.0               17.0   0.834254          0.668578      0.225695
      SHD-s10-b300           17.0                9.0               17.0   0.763311          0.734185      0.344729
      SHD-s11-b300           17.0                6.0               17.0   0.867391          0.697104      0.233236
      SHD-s12-b300           17.0                8.0               17.0   0.826198          0.672962      0.245936
      SHD-s13-b300           17.0               11.0               17.0   0.728553          0.683091      0.251893
      SHD-s14-b300           12.0                6.0               17.0   0.866369          0.703331      0.258153
      SHD-s15-b300           17.0                7.0               17.0   0.848855          0.689104      0.247901
      SHD-s16-b300           17.0               11.0               17.0   0.801835          0.696734      0.246465
      SHD-s17-b300           17.0                8.0               17.0   0.799679          0.681989      0.241218
      SHD-s18-b300           17.0               17.0               17.0   0.636203          0.666044      0.253096
      SHD-s19-b300           17.0                7.0               17.0   0.839518          0.681044      0.238530
    PPO-s0-b500000            6.0                4.0               17.0   0.922888          0.542804      0.263856
   PPO-s0-b1000000            9.0                6.0               17.0   0.832301          0.448345      0.317879
   PPO-s0-b1500000            8.0                5.0               17.0   0.866859          0.465267      0.340072
    PPO-s1-b500000            8.0                5.0               17.0   0.856172          0.523992      0.266326
   PPO-s1-b1000000           12.0                8.0               17.0   0.756997          0.475249      0.259091
   PPO-s1-b1500000            9.0                5.0               17.0   0.869159          0.349006      0.297842
[11:14:02] Í∞ïÍ±¥ÏÑ± Î¨∏ÏÑú
C:\Users\User\anaconda3\Lib\site-packages\statsmodels\regression\mixed_linear_model.py:2237: ConvergenceWarning: The MLE may be on the boundary of the parameter space.
  warnings.warn(msg, ConvergenceWarning)
C:\Users\User\anaconda3\Lib\site-packages\statsmodels\regression\mixed_linear_model.py:2237: ConvergenceWarning: The MLE may be on the boundary of the parameter space.
  warnings.warn(msg, ConvergenceWarning)
C:\Users\User\Desktop\∞¯±∫ªÁ∞¸«–±≥\ª˝µµ¥Î\¥Î»∏\∞¯ªÁª˝µµ≥ÌπÆ∞Ê¡¯¥Î»∏\dfxai\analysis\robustness.py:304: FutureWarning: DataFrameGroupBy.apply operated on the grouping columns. This behavior is deprecated, and in a future version of pandas the grouping columns will be excluded from the operation. Either pass `include_groups=False` to exclude the groupings or explicitly select the grouping columns after groupby to silence this warning.
  peaks = d.groupby("train_seed").apply(lambda x: x.loc[x["d_star"].idxmax(), "budget"])
paper/results_ext.md
[12:23:53] results/es\monitor.html  (27 ckpt evaluated)
[12:23:54] ÏôÑÎ£å
