총 10400회 교전 실행 (조건 26 x 상대 2 x 시드 100 x 진영 2)
저장 완료: results/r9_cl080
             cond family   score  score_heldout  d_star  fidelity_at_4  viol_total
RL-s11-b300-a1.00     RL 0.75375         0.8175     4.0       0.959931    0.037469
 RL-s3-b300-a1.00     RL 0.73375         0.7525     6.0       0.929932    0.023792
 RL-s1-b300-a1.00     RL 0.72500         0.7475    17.0       0.905289    0.048742
RL-s19-b300-a1.00     RL 0.71875         0.7775     5.0       0.946811    0.048707
            BT-v2     BT 0.71250         0.9250     5.0       0.940992    0.128584
 RL-s0-b300-a1.00     RL 0.69750         0.7575     4.0       0.960666    0.023386
 RL-s9-b300-a1.00     RL 0.69500         0.7525     4.0       0.950585    0.029169
RL-s10-b300-a1.00     RL 0.66375         0.7400     8.0       0.887047    0.120859
RL-s15-b300-a1.00     RL 0.65875         0.6925     5.0       0.949523    0.020822
 RL-s6-b300-a1.00     RL 0.65875         0.6700     4.0       0.956060    0.019352
 RL-s4-b300-a1.00     RL 0.65375         0.6750     5.0       0.942484    0.020509
 RL-s2-b300-a1.00     RL 0.65000         0.6800     6.0       0.934433    0.019338
RL-s14-b300-a1.00     RL 0.65000         0.7525    12.0       0.918489    0.178859
RL-s17-b300-a1.00     RL 0.62750         0.6525     4.0       0.967535    0.022958
 RL-s5-b300-a1.00     RL 0.62250         0.6600     4.0       0.957141    0.022015
      BTO-s2-b300    BTO 0.62000         0.9800     3.0       0.969877    0.076371
 RL-s7-b300-a1.00     RL 0.61625         0.6700     6.0       0.941870    0.023612
RL-s12-b300-a1.00     RL 0.60625         0.7375     7.0       0.921919    0.025463
 RL-s8-b300-a1.00     RL 0.59250         0.6075     8.0       0.914629    0.024430
      BTO-s0-b300    BTO 0.58250         0.9425     6.0       0.934444    0.071767
RL-s16-b300-a1.00     RL 0.58125         0.7050     8.0       0.902776    0.074183
      BTO-s1-b300    BTO 0.56625         0.9375     3.0       0.966984    0.110131
RL-s13-b300-a1.00     RL 0.54625         0.5625     5.0       0.934772    0.018483
RL-s18-b300-a1.00     RL 0.40125         0.4525    11.0       0.905462    0.028031
            BT-v3     BT 0.28750         0.5000     4.0       0.955595    0.007189
            BT-v1     BT 0.24250         0.2250     1.0       0.993922    0.003153
