총 10400회 교전 실행 (조건 26 x 상대 2 x 시드 100 x 진영 2)
저장 완료: results/r9_cl120
             cond family   score  score_heldout  d_star  fidelity_at_4  viol_total
RL-s11-b300-a1.00     RL 0.79750         0.8125     5.0       0.942303    0.061226
 RL-s6-b300-a1.00     RL 0.78000         0.7800     5.0       0.936410    0.046559
RL-s10-b300-a1.00     RL 0.77875         0.8450    17.0       0.875693    0.101493
 RL-s2-b300-a1.00     RL 0.77625         0.7600     9.0       0.905497    0.046468
RL-s19-b300-a1.00     RL 0.76750         0.8225     6.0       0.930701    0.052454
RL-s15-b300-a1.00     RL 0.76750         0.7850     5.0       0.948412    0.061200
 RL-s3-b300-a1.00     RL 0.76750         0.7725    17.0       0.906471    0.056813
 RL-s4-b300-a1.00     RL 0.75875         0.7525     6.0       0.942143    0.057697
 RL-s1-b300-a1.00     RL 0.75750         0.7650    17.0       0.892656    0.088062
 RL-s0-b300-a1.00     RL 0.75250         0.7400     7.0       0.925415    0.056181
 RL-s9-b300-a1.00     RL 0.74125         0.7600     4.0       0.954761    0.052188
RL-s13-b300-a1.00     RL 0.73625         0.7350    17.0       0.891257    0.049752
RL-s12-b300-a1.00     RL 0.73375         0.8225    17.0       0.854330    0.079632
 RL-s5-b300-a1.00     RL 0.72250         0.7650     6.0       0.932702    0.067248
RL-s14-b300-a1.00     RL 0.72125         0.8000    17.0       0.885637    0.141165
 RL-s7-b300-a1.00     RL 0.71250         0.7250    17.0       0.914882    0.051068
RL-s17-b300-a1.00     RL 0.70625         0.7050     5.0       0.941762    0.055731
 RL-s8-b300-a1.00     RL 0.68625         0.7175     8.0       0.891030    0.053335
RL-s16-b300-a1.00     RL 0.67250         0.7200    17.0       0.880937    0.073233
RL-s18-b300-a1.00     RL 0.65875         0.6525    10.0       0.922763    0.057236
            BT-v2     BT 0.64625         0.7925     6.0       0.925250    0.122568
      BTO-s2-b300    BTO 0.59625         0.8400     3.0       0.973908    0.076306
      BTO-s0-b300    BTO 0.58250         0.8250     4.0       0.959251    0.081855
      BTO-s1-b300    BTO 0.57500         0.8200     3.0       0.964701    0.077953
            BT-v3     BT 0.35375         0.5000     5.0       0.940605    0.009826
            BT-v1     BT 0.22875         0.2225     1.0       0.994440    0.003846
