총 10400회 교전 실행 (조건 26 x 상대 2 x 시드 100 x 진영 2)
저장 완료: results/r9_lag120
             cond family   score  score_heldout  d_star  fidelity_at_4  viol_total
RL-s10-b300-a1.00     RL 0.77625         0.8250    17.0       0.849447    0.082553
RL-s11-b300-a1.00     RL 0.75125         0.8100     3.0       0.963025    0.045613
 RL-s1-b300-a1.00     RL 0.75000         0.7950    17.0       0.880344    0.065563
RL-s19-b300-a1.00     RL 0.73500         0.7750     5.0       0.942373    0.045552
 RL-s4-b300-a1.00     RL 0.73500         0.7450     6.0       0.941797    0.043119
RL-s12-b300-a1.00     RL 0.71875         0.7700    17.0       0.903203    0.046626
 RL-s9-b300-a1.00     RL 0.70000         0.7225     5.0       0.941561    0.038131
 RL-s6-b300-a1.00     RL 0.69875         0.7050     4.0       0.952601    0.039132
 RL-s3-b300-a1.00     RL 0.68750         0.7000     6.0       0.934462    0.039030
 RL-s0-b300-a1.00     RL 0.68625         0.6750     4.0       0.965393    0.034473
RL-s14-b300-a1.00     RL 0.68375         0.7925    17.0       0.889906    0.122468
 RL-s2-b300-a1.00     RL 0.67625         0.6900     6.0       0.912500    0.034693
RL-s17-b300-a1.00     RL 0.66250         0.6675     5.0       0.944820    0.035713
RL-s15-b300-a1.00     RL 0.66125         0.7000     5.0       0.949081    0.045595
RL-s16-b300-a1.00     RL 0.65625         0.7575     9.0       0.914845    0.056140
 RL-s7-b300-a1.00     RL 0.65625         0.6775     6.0       0.920821    0.034269
            BT-v2     BT 0.64625         0.7925     4.0       0.951522    0.096832
 RL-s5-b300-a1.00     RL 0.64125         0.6625     5.0       0.947194    0.037864
RL-s18-b300-a1.00     RL 0.61750         0.6425    17.0       0.924410    0.047593
RL-s13-b300-a1.00     RL 0.61250         0.6375     8.0       0.905642    0.032789
 RL-s8-b300-a1.00     RL 0.60500         0.6275    15.0       0.901073    0.035619
      BTO-s2-b300    BTO 0.60000         0.8350     3.0       0.984859    0.057361
      BTO-s0-b300    BTO 0.57875         0.8025     4.0       0.954986    0.063467
      BTO-s1-b300    BTO 0.57500         0.8200     3.0       0.975019    0.055117
            BT-v3     BT 0.35375         0.5000     5.0       0.940808    0.008150
            BT-v1     BT 0.30750         0.2950     1.0       0.994839    0.004211
