총 10400회 교전 실행 (조건 26 x 상대 2 x 시드 100 x 진영 2)
저장 완료: results/r9_lag080
             cond family   score  score_heldout  d_star  fidelity_at_4  viol_total
RL-s11-b300-a1.00     RL 0.81625         0.8500     3.0       0.964015    0.052598
 RL-s2-b300-a1.00     RL 0.80000         0.8075     7.0       0.925003    0.037917
 RL-s3-b300-a1.00     RL 0.79875         0.7875     5.0       0.942070    0.041254
 RL-s1-b300-a1.00     RL 0.79750         0.8400    17.0       0.908674    0.073618
RL-s19-b300-a1.00     RL 0.79625         0.8200     5.0       0.947927    0.048588
 RL-s9-b300-a1.00     RL 0.79000         0.8075     4.0       0.959973    0.039712
RL-s12-b300-a1.00     RL 0.78375         0.8525    17.0       0.897430    0.057195
RL-s10-b300-a1.00     RL 0.77000         0.8200    17.0       0.894350    0.090584
 RL-s4-b300-a1.00     RL 0.76875         0.7875     4.0       0.954857    0.040412
 RL-s6-b300-a1.00     RL 0.76625         0.7725     4.0       0.952677    0.038115
RL-s17-b300-a1.00     RL 0.76125         0.7800     4.0       0.969513    0.039424
 RL-s5-b300-a1.00     RL 0.75875         0.7750     5.0       0.942486    0.044354
RL-s15-b300-a1.00     RL 0.75750         0.8100     4.0       0.960846    0.048286
 RL-s0-b300-a1.00     RL 0.74250         0.7450     3.0       0.973777    0.037626
            BT-v2     BT 0.70625         0.9125     4.0       0.954432    0.130804
RL-s14-b300-a1.00     RL 0.70375         0.8075    12.0       0.909235    0.157380
 RL-s7-b300-a1.00     RL 0.69875         0.7250     7.0       0.925567    0.033158
RL-s13-b300-a1.00     RL 0.68250         0.6900     7.0       0.922215    0.034476
RL-s16-b300-a1.00     RL 0.66125         0.7425     9.0       0.912210    0.070338
 RL-s8-b300-a1.00     RL 0.66000         0.6475     7.0       0.919529    0.037679
      BTO-s2-b300    BTO 0.62250         0.9500     4.0       0.958320    0.062287
      BTO-s0-b300    BTO 0.61000         0.9225     5.0       0.914262    0.072066
      BTO-s1-b300    BTO 0.59375         0.9400     5.0       0.933684    0.070107
RL-s18-b300-a1.00     RL 0.55125         0.5875     6.0       0.936049    0.039580
            BT-v3     BT 0.29375         0.5000     5.0       0.947520    0.008533
            BT-v1     BT 0.20000         0.2000     1.0       0.997233    0.004561
