총 10400회 교전 실행 (조건 26 x 상대 2 x 시드 100 x 진영 2)
저장 완료: results/r9_roll180
             cond family   score  score_heldout  d_star  fidelity_at_4  viol_total
RL-s12-b300-a1.00     RL 0.76250         0.8100     8.0       0.918628    0.047632
 RL-s1-b300-a1.00     RL 0.73250         0.7700    13.0       0.931524    0.058558
RL-s19-b300-a1.00     RL 0.72375         0.7250     6.0       0.942822    0.040491
 RL-s2-b300-a1.00     RL 0.71125         0.7150     5.0       0.938583    0.033067
RL-s10-b300-a1.00     RL 0.70375         0.7725     9.0       0.893168    0.072903
 RL-s9-b300-a1.00     RL 0.69500         0.7150     2.0       0.972415    0.038190
RL-s11-b300-a1.00     RL 0.68500         0.7350     2.0       0.973667    0.048399
            BT-v2     BT 0.67625         0.8525     5.0       0.941110    0.109603
 RL-s5-b300-a1.00     RL 0.67375         0.6750     2.0       0.972283    0.035063
 RL-s0-b300-a1.00     RL 0.65500         0.6525     2.0       0.974842    0.034855
 RL-s4-b300-a1.00     RL 0.65125         0.6600     4.0       0.952936    0.042149
 RL-s7-b300-a1.00     RL 0.63375         0.6600     5.0       0.949235    0.032430
RL-s16-b300-a1.00     RL 0.62625         0.6925    10.0       0.912106    0.048518
 RL-s6-b300-a1.00     RL 0.61500         0.6000     4.0       0.957809    0.029972
RL-s14-b300-a1.00     RL 0.61375         0.6950     7.0       0.923096    0.127228
RL-s15-b300-a1.00     RL 0.60750         0.6425     4.0       0.964295    0.042172
      BTO-s2-b300    BTO 0.60500         0.8825     3.0       0.965719    0.060785
RL-s17-b300-a1.00     RL 0.60125         0.6350     4.0       0.958496    0.043253
 RL-s3-b300-a1.00     RL 0.60000         0.6150     4.0       0.957196    0.035797
      BTO-s0-b300    BTO 0.58000         0.8625     5.0       0.929291    0.063252
RL-s13-b300-a1.00     RL 0.57875         0.5700     5.0       0.933665    0.033412
 RL-s8-b300-a1.00     RL 0.56750         0.5725     8.0       0.924178    0.039482
      BTO-s1-b300    BTO 0.55125         0.8250     5.0       0.949562    0.060316
RL-s18-b300-a1.00     RL 0.49000         0.5100    17.0       0.911939    0.040551
            BT-v3     BT 0.32375         0.5000     5.0       0.933280    0.009638
            BT-v1     BT 0.25250         0.2525     1.0       0.992678    0.002970
