총 10400회 교전 실행 (조건 26 x 상대 2 x 시드 100 x 진영 2)
저장 완료: results/r9_roll090
             cond family   score  score_heldout  d_star  fidelity_at_4  viol_total
RL-s10-b300-a1.00     RL 0.69500         0.7800    17.0       0.860316    0.078172
RL-s12-b300-a1.00     RL 0.65625         0.7525     8.0       0.890392    0.042219
 RL-s1-b300-a1.00     RL 0.63500         0.6875    14.0       0.902189    0.054804
RL-s11-b300-a1.00     RL 0.61625         0.6400     3.0       0.958519    0.039688
 RL-s2-b300-a1.00     RL 0.60750         0.6025     7.0       0.923835    0.032693
RL-s14-b300-a1.00     RL 0.59000         0.6325     8.0       0.902219    0.086400
            BT-v2     BT 0.57500         0.6500     5.0       0.947485    0.066236
 RL-s7-b300-a1.00     RL 0.57250         0.5875     5.0       0.936007    0.032525
 RL-s0-b300-a1.00     RL 0.57125         0.5575     6.0       0.938342    0.033870
RL-s19-b300-a1.00     RL 0.57125         0.5700     6.0       0.937831    0.034984
 RL-s4-b300-a1.00     RL 0.57000         0.5900     5.0       0.936476    0.036157
RL-s15-b300-a1.00     RL 0.55875         0.5575     5.0       0.948146    0.034872
 RL-s5-b300-a1.00     RL 0.55875         0.5650     4.0       0.956780    0.035111
 RL-s9-b300-a1.00     RL 0.55750         0.5600     5.0       0.939565    0.035893
      BTO-s2-b300    BTO 0.55750         0.6950     3.0       0.978186    0.047265
RL-s16-b300-a1.00     RL 0.55625         0.5975    13.0       0.894716    0.035635
RL-s13-b300-a1.00     RL 0.55375         0.5825    10.0       0.895063    0.032433
 RL-s6-b300-a1.00     RL 0.55375         0.5475     6.0       0.938688    0.035022
 RL-s3-b300-a1.00     RL 0.55125         0.5575     4.0       0.959361    0.035741
      BTO-s1-b300    BTO 0.52500         0.6625     3.0       0.978140    0.047411
      BTO-s0-b300    BTO 0.51250         0.6300     5.0       0.948263    0.045684
 RL-s8-b300-a1.00     RL 0.50125         0.5050     7.0       0.915001    0.035423
RL-s17-b300-a1.00     RL 0.49625         0.5250     6.0       0.937442    0.035815
RL-s18-b300-a1.00     RL 0.49250         0.4975     8.0       0.912718    0.033721
            BT-v3     BT 0.42500         0.5000     5.0       0.941307    0.006372
            BT-v1     BT 0.39625         0.4125     1.0       0.997423    0.002467
