총 10400회 교전 실행 (조건 26 x 상대 2 x 시드 100 x 진영 2)
저장 완료: results/r9_thr120
             cond family   score  score_heldout  d_star  fidelity_at_4  viol_total
 RL-s1-b300-a1.00     RL 0.78125         0.8150    17.0       0.884928    0.083058
 RL-s6-b300-a1.00     RL 0.77625         0.7925     6.0       0.911018    0.041165
 RL-s3-b300-a1.00     RL 0.76875         0.7875     7.0       0.921591    0.056542
RL-s19-b300-a1.00     RL 0.76250         0.7900    17.0       0.907021    0.062989
RL-s11-b300-a1.00     RL 0.76250         0.8050    17.0       0.919608    0.062487
 RL-s4-b300-a1.00     RL 0.75000         0.7550    17.0       0.917553    0.061753
 RL-s0-b300-a1.00     RL 0.74500         0.7625     6.0       0.937895    0.052911
 RL-s9-b300-a1.00     RL 0.74500         0.7775     6.0       0.934224    0.050926
RL-s10-b300-a1.00     RL 0.74250         0.7950    17.0       0.862250    0.148966
RL-s12-b300-a1.00     RL 0.73125         0.8200    17.0       0.828803    0.060971
 RL-s2-b300-a1.00     RL 0.73000         0.7400     9.0       0.894596    0.045336
RL-s15-b300-a1.00     RL 0.71000         0.7400     6.0       0.926458    0.054376
 RL-s5-b300-a1.00     RL 0.69625         0.7125     6.0       0.930925    0.048005
 RL-s7-b300-a1.00     RL 0.69375         0.7400    17.0       0.876677    0.047397
RL-s17-b300-a1.00     RL 0.67875         0.6825     5.0       0.925342    0.048853
RL-s13-b300-a1.00     RL 0.66625         0.6825    17.0       0.881239    0.044764
RL-s14-b300-a1.00     RL 0.64750         0.7550    17.0       0.880899    0.236534
 RL-s8-b300-a1.00     RL 0.64125         0.6675    17.0       0.875904    0.052800
            BT-v2     BT 0.63875         0.7775     4.0       0.961859    0.117725
RL-s16-b300-a1.00     RL 0.61000         0.6750    17.0       0.883375    0.111548
      BTO-s2-b300    BTO 0.60000         0.8400     3.0       0.979162    0.089101
RL-s18-b300-a1.00     RL 0.59250         0.6275    17.0       0.891628    0.057162
      BTO-s0-b300    BTO 0.58500         0.8150     6.0       0.941544    0.101817
      BTO-s1-b300    BTO 0.56250         0.7975     3.0       0.970107    0.138229
            BT-v3     BT 0.36125         0.5000     4.0       0.955525    0.006840
            BT-v1     BT 0.29375         0.2850     1.0       0.995147    0.003607
