총 10400회 교전 실행 (조건 26 x 상대 2 x 시드 100 x 진영 2)
저장 완료: results/r9_thr080
             cond family   score  score_heldout  d_star  fidelity_at_4  viol_total
 RL-s1-b300-a1.00     RL 0.79250         0.8150    17.0       0.915877    0.074137
RL-s12-b300-a1.00     RL 0.77375         0.8600    17.0       0.887905    0.051398
RL-s11-b300-a1.00     RL 0.76875         0.8125     4.0       0.959972    0.047943
RL-s10-b300-a1.00     RL 0.75375         0.8025    17.0       0.894018    0.071035
RL-s14-b300-a1.00     RL 0.74625         0.8850     7.0       0.912963    0.110383
RL-s15-b300-a1.00     RL 0.73125         0.7825     4.0       0.964253    0.038153
RL-s19-b300-a1.00     RL 0.73000         0.7725    13.0       0.929009    0.039262
 RL-s5-b300-a1.00     RL 0.72750         0.7725     5.0       0.934122    0.037336
 RL-s2-b300-a1.00     RL 0.72500         0.7375     6.0       0.912335    0.029856
 RL-s3-b300-a1.00     RL 0.71000         0.7200    17.0       0.898092    0.033660
 RL-s0-b300-a1.00     RL 0.70375         0.7000     3.0       0.972719    0.027831
 RL-s9-b300-a1.00     RL 0.70125         0.6975     4.0       0.962508    0.029893
 RL-s6-b300-a1.00     RL 0.69500         0.6750     5.0       0.948129    0.030350
 RL-s4-b300-a1.00     RL 0.68625         0.6800     5.0       0.944708    0.036920
RL-s13-b300-a1.00     RL 0.68500         0.7025     7.0       0.897357    0.029711
            BT-v2     BT 0.68125         0.8625     4.0       0.958209    0.108167
 RL-s7-b300-a1.00     RL 0.67000         0.6850     7.0       0.928053    0.032660
RL-s17-b300-a1.00     RL 0.66250         0.6825     4.0       0.960579    0.033597
RL-s16-b300-a1.00     RL 0.63125         0.7000     9.0       0.901649    0.051357
 RL-s8-b300-a1.00     RL 0.63000         0.6575    16.0       0.904652    0.030046
      BTO-s2-b300    BTO 0.56625         0.9200     3.0       0.973311    0.037834
      BTO-s1-b300    BTO 0.56125         0.8700     4.0       0.960218    0.039333
      BTO-s0-b300    BTO 0.54375         0.8700     4.0       0.965369    0.043498
RL-s18-b300-a1.00     RL 0.54125         0.5425     7.0       0.935964    0.033906
            BT-v3     BT 0.31875         0.5000     5.0       0.947886    0.008256
            BT-v1     BT 0.13500         0.1300     1.0       0.989055    0.004825
