총 12400회 교전 실행 (조건 31 x 상대 2 x 시드 100 x 진영 2)


     JSBSim Flight Dynamics Model v1.3.1 May 17 2026 14:26:04
            [JSBSim-ML v2.0]

JSBSim startup beginning ...



     JSBSim Flight Dynamics Model v1.3.1 May 17 2026 14:26:04
            [JSBSim-ML v2.0]

JSBSim startup beginning ...



     JSBSim Flight Dynamics Model v1.3.1 May 17 2026 14:26:04
            [JSBSim-ML v2.0]

JSBSim startup beginning ...



     JSBSim Flight Dynamics Model v1.3.1 May 17 2026 14:26:04
            [JSBSim-ML v2.0]

JSBSim startup beginning ...

저장 완료: results/sixdof_main
              cond   family   score  score_heldout  d_star  fidelity_at_4  viol_total
             BT-v2       BT 0.64375         0.7875     3.0       0.972011    0.643573
       BTO-s2-b300      BTO 0.64125         0.8600     3.0       0.970014    0.523925
       BTO-s0-b300      BTO 0.57625         0.7700     4.0       0.967892    0.525715
       BTO-s1-b300      BTO 0.56625         0.7750     3.0       0.966445    0.523568
       RES-s0-b200 Residual 0.51000         0.5750     4.0       0.952465    0.345812
      GATE-s1-b200    Gated 0.50875         0.5350     2.0       0.966625    0.300717
HYB-s11-b300-a0.50   Hybrid 0.47625         0.4950     3.0       0.962265    0.282324
  RL-s9-b300-a1.00       RL 0.46750         0.4950     2.0       0.977336    0.186138
  RL-s0-b300-a1.00       RL 0.45375         0.4525     2.0       0.973758    0.034175
  RL-s1-b300-a1.00       RL 0.43750         0.5000     6.0       0.931571    0.323223
 RL-s11-b300-a1.00       RL 0.43625         0.4325     3.0       0.971005    0.214610
 RL-s19-b300-a1.00       RL 0.43375         0.4400     4.0       0.957921    0.140232
 RL-s15-b300-a1.00       RL 0.43250         0.4900     3.0       0.965746    0.167517
  RL-s4-b300-a1.00       RL 0.42500         0.4325     4.0       0.953048    0.055627
  RL-s6-b300-a1.00       RL 0.40750         0.4325     5.0       0.947212    0.195784
 RL-s17-b300-a1.00       RL 0.40625         0.4175     3.0       0.962249    0.039277
  RL-s7-b300-a1.00       RL 0.39875         0.4025     4.0       0.951659    0.162067
  RL-s5-b300-a1.00       RL 0.39375         0.4025     2.0       0.975835    0.033969
  RL-s3-b300-a1.00       RL 0.38750         0.4050     1.0       0.983325    0.120957
  RL-s2-b300-a1.00       RL 0.38625         0.3850     5.0       0.936597    0.108671
 RL-s10-b300-a1.00       RL 0.37250         0.3400     8.0       0.898133    0.334836
      SHD-s11-b300   Shield 0.36625         0.4000     5.0       0.944275    0.137677
             BT-v1       BT 0.36125         0.3550     1.0       0.997211    0.002155
 RL-s16-b300-a1.00       RL 0.35750         0.3625     5.0       0.948045    0.139417
             BT-v3       BT 0.35625         0.5000     3.0       0.977046    0.395777
 RL-s13-b300-a1.00       RL 0.34375         0.3350     5.0       0.943653    0.011683
  RL-s8-b300-a1.00       RL 0.32500         0.3175     4.0       0.960471    0.021010
 RL-s12-b300-a1.00       RL 0.31875         0.3350     6.0       0.925367    0.151111
   PPO-s0-b1500000      PPO 0.30125         0.3800     7.0       0.883941    0.320594
 RL-s14-b300-a1.00       RL 0.29375         0.4325     5.0       0.942064    0.603536
 RL-s18-b300-a1.00       RL 0.27250         0.2625     5.0       0.942606    0.307513
EXIT 0
