=== RES seed 0 Wed Sep 23 12:27:36     2026
[residual] 학습 파라미터 1827개, pop 32, 후보당 8교전, σ 0.05, lr 0.01, β 0.35
[gen    1] fit mean=  -1.564 max=   5.535 theta=  -1.692 accept=0/1 lr=0.0070 |δ|=0.011±0.000 (13s)
[gen   10] fit mean=   0.949 max=   5.834 theta=   0.179 accept=4/10 lr=0.0025 |δ|=0.032±0.002 (133s)
[gen   20] fit mean=   0.736 max=   5.982 theta=   4.552 accept=9/20 lr=0.0035 |δ|=0.046±0.002 (259s)
[gen   30] fit mean=  -1.439 max=   2.487 theta=   1.140 accept=15/30 lr=0.0025 |δ|=0.041±0.002 (400s)
[gen   40] fit mean=   2.494 max=  10.165 theta=   4.682 accept=21/40 lr=0.0033 |δ|=0.038±0.005 (493s)
[gen   50] fit mean=  -3.322 max=   3.751 theta=   4.675 accept=27/50 lr=0.0025 |δ|=0.050±0.011 (627s)
[gen   60] fit mean=   3.779 max=   8.529 theta=   2.355 accept=33/60 lr=0.0031 |δ|=0.061±0.009 (753s)
[gen   70] fit mean=  -4.975 max=  -0.261 theta=  -3.920 accept=37/70 lr=0.0029 |δ|=0.065±0.007 (891s)
[gen   80] fit mean=   0.386 max=   5.444 theta=   0.722 accept=42/80 lr=0.0029 |δ|=0.075±0.008 (1020s)
[gen   90] fit mean=  10.939 max=  18.400 theta=  16.848 accept=46/90 lr=0.0033 |δ|=0.055±0.009 (1154s)
[gen  100] fit mean=   8.095 max=  11.338 theta=   9.367 accept=53/100 lr=0.0033 |δ|=0.044±0.015 (1293s)
[gen  110] fit mean=   4.105 max=  10.671 theta=   3.995 accept=58/110 lr=0.0025 |δ|=0.042±0.014 (1415s)
[gen  120] fit mean=   5.847 max=  11.791 theta=   8.559 accept=64/120 lr=0.0025 |δ|=0.065±0.027 (1544s)
[gen  130] fit mean=   2.734 max=   7.015 theta=   0.096 accept=70/130 lr=0.0029 |δ|=0.055±0.017 (1665s)
[gen  140] fit mean=   9.176 max=  14.494 theta=  11.640 accept=77/140 lr=0.0033 |δ|=0.104±0.027 (1780s)
[gen  150] fit mean=   0.548 max=   7.487 theta=   5.903 accept=82/150 lr=0.0025 |δ|=0.106±0.031 (1900s)
[gen  160] fit mean=   1.658 max=   5.197 theta=   3.057 accept=88/160 lr=0.0033 |δ|=0.101±0.037 (2027s)
[gen  170] fit mean=   2.607 max=   7.798 theta=   6.637 accept=93/170 lr=0.0029 |δ|=0.155±0.044 (2160s)
[gen  180] fit mean=  -0.963 max=   4.176 theta=  -3.477 accept=101/180 lr=0.0043 |δ|=0.165±0.044 (2248s)
[gen  190] fit mean=  -1.259 max=   1.229 theta=  -1.453 accept=108/190 lr=0.0039 |δ|=0.192±0.053 (2383s)
[gen  200] fit mean=  11.234 max=  16.378 theta=  13.464 accept=116/200 lr=0.0059 |δ|=0.226±0.057 (2514s)
=== RES seed 1 Wed Sep 23 13:09:32     2026
[residual] 학습 파라미터 1827개, pop 32, 후보당 8교전, σ 0.05, lr 0.01, β 0.35
[gen    1] fit mean=  -1.556 max=   6.238 theta=   1.711 accept=1/1 lr=0.0100 |δ|=0.023±0.001 (16s)
[gen   10] fit mean=  -4.023 max=   0.999 theta=   0.533 accept=6/10 lr=0.0048 |δ|=0.018±0.004 (137s)
[gen   20] fit mean=   1.877 max=   6.512 theta=   3.212 accept=11/20 lr=0.0025 |δ|=0.046±0.006 (269s)
[gen   30] fit mean=  -3.239 max=   1.235 theta=  -1.423 accept=17/30 lr=0.0033 |δ|=0.080±0.018 (410s)
[gen   40] fit mean=   5.964 max=  11.094 theta=   9.787 accept=23/40 lr=0.0027 |δ|=0.086±0.019 (553s)
[gen   50] fit mean=   5.493 max=   9.430 theta=   6.295 accept=29/50 lr=0.0025 |δ|=0.054±0.016 (678s)
[gen   60] fit mean=   0.061 max=   5.573 theta=   3.359 accept=35/60 lr=0.0025 |δ|=0.064±0.020 (828s)
[gen   70] fit mean=  -3.119 max=   2.414 theta=  -0.528 accept=41/70 lr=0.0040 |δ|=0.045±0.022 (920s)
[gen   80] fit mean=  -1.226 max=   2.003 theta=   0.331 accept=44/80 lr=0.0025 |δ|=0.068±0.032 (1054s)
[gen   90] fit mean=   8.144 max=  13.539 theta=   9.223 accept=51/90 lr=0.0047 |δ|=0.059±0.026 (1183s)
[gen  100] fit mean=   0.014 max=   4.337 theta=  -0.679 accept=59/100 lr=0.0065 |δ|=0.147±0.048 (1327s)
[gen  110] fit mean=   0.721 max=   4.649 theta=   1.769 accept=64/110 lr=0.0025 |δ|=0.152±0.069 (1448s)
[gen  120] fit mean=  -0.014 max=   3.711 theta=   1.302 accept=70/120 lr=0.0031 |δ|=0.264±0.059 (1581s)
[gen  130] fit mean=   0.393 max=   4.469 theta=   4.006 accept=77/130 lr=0.0029 |δ|=0.197±0.060 (1707s)
[gen  140] fit mean=   0.940 max=   6.512 theta=   3.036 accept=83/140 lr=0.0025 |δ|=0.212±0.077 (1846s)
[gen  150] fit mean=  -1.607 max=   2.352 theta=   2.072 accept=88/150 lr=0.0035 |δ|=0.252±0.076 (1964s)
[gen  160] fit mean=   3.492 max=  12.314 theta=  11.204 accept=93/160 lr=0.0029 |δ|=0.196±0.095 (2101s)
[gen  170] fit mean=   3.032 max=   6.330 theta=   3.562 accept=99/170 lr=0.0027 |δ|=0.172±0.068 (2244s)
[gen  180] fit mean=   6.463 max=  12.412 theta=   4.943 accept=105/180 lr=0.0033 |δ|=0.211±0.087 (2375s)
[gen  190] fit mean=   2.614 max=   6.999 theta=   3.380 accept=109/190 lr=0.0029 |δ|=0.205±0.080 (2505s)
[gen  200] fit mean=   7.879 max=  12.847 theta=   9.789 accept=114/200 lr=0.0029 |δ|=0.199±0.046 (2637s)
=== RES seed 2 Wed Sep 23 13:53:31     2026
[residual] 학습 파라미터 1827개, pop 32, 후보당 8교전, σ 0.05, lr 0.01, β 0.35
[gen    1] fit mean=  12.136 max=  14.664 theta=  13.859 accept=0/1 lr=0.0070 |δ|=0.008±0.000 (15s)
[gen   10] fit mean=   5.387 max=  11.380 theta=   6.257 accept=4/10 lr=0.0025 |δ|=0.055±0.003 (131s)
[gen   20] fit mean=   0.001 max=   5.773 theta=   6.181 accept=10/20 lr=0.0038 |δ|=0.037±0.002 (240s)
[gen   30] fit mean=  -1.907 max=   3.648 theta=  -1.573 accept=15/30 lr=0.0025 |δ|=0.040±0.003 (376s)
[gen   40] fit mean=  -0.117 max=   5.491 theta=   2.417 accept=22/40 lr=0.0031 |δ|=0.039±0.005 (500s)
[gen   50] fit mean=   3.542 max=   6.228 theta=   4.979 accept=28/50 lr=0.0025 |δ|=0.030±0.011 (635s)
[gen   60] fit mean=   2.339 max=   5.609 theta=   3.995 accept=34/60 lr=0.0025 |δ|=0.034±0.011 (754s)
[gen   70] fit mean=   5.778 max=  10.974 theta=   6.793 accept=39/70 lr=0.0029 |δ|=0.051±0.013 (881s)
[gen   80] fit mean=   4.132 max=   7.961 theta=   7.304 accept=41/80 lr=0.0025 |δ|=0.061±0.014 (1015s)
[gen   90] fit mean=   2.960 max=   6.288 theta=   6.593 accept=45/90 lr=0.0025 |δ|=0.069±0.017 (1141s)
[gen  100] fit mean= -10.982 max=  -7.152 theta= -11.439 accept=52/100 lr=0.0029 |δ|=0.072±0.026 (1252s)
[gen  110] fit mean=  -1.033 max=   3.364 theta=   0.880 accept=59/110 lr=0.0033 |δ|=0.120±0.026 (1293s)
[gen  120] fit mean=   0.273 max=   2.996 theta=  -0.986 accept=64/120 lr=0.0025 |δ|=0.147±0.021 (1331s)
[gen  130] fit mean=   8.197 max=  11.326 theta=   8.815 accept=70/130 lr=0.0044 |δ|=0.138±0.033 (1369s)
[gen  140] fit mean=   0.209 max=   4.630 theta=   1.712 accept=75/140 lr=0.0029 |δ|=0.139±0.049 (1407s)
[gen  150] fit mean=  10.015 max=  15.857 theta=  12.687 accept=79/150 lr=0.0029 |δ|=0.132±0.051 (1445s)
[gen  160] fit mean=   7.574 max=  12.921 theta=  10.710 accept=84/160 lr=0.0025 |δ|=0.143±0.043 (1485s)
[gen  170] fit mean=   2.140 max=   7.447 theta=   1.483 accept=88/170 lr=0.0029 |δ|=0.138±0.036 (1523s)
[gen  180] fit mean=   2.875 max=   6.374 theta=   4.234 accept=94/180 lr=0.0033 |δ|=0.144±0.045 (1562s)
[gen  190] fit mean=   1.667 max=   6.041 theta=   2.243 accept=98/190 lr=0.0025 |δ|=0.166±0.040 (1598s)
[gen  200] fit mean=   6.164 max=   9.931 theta=   5.471 accept=102/200 lr=0.0025 |δ|=0.159±0.038 (1636s)
=== GATE seed 0 Wed Sep 23 14:20:49     2026
[gating] 학습 파라미터 177개, pop 32, 후보당 8교전, σ 0.05, lr 0.01, rl results/es/ckpt_seed11_gen00300.npz
[gen    1] fit mean=   1.559 max=   4.874 theta=   3.689 accept=1/1 lr=0.0100 g=0.494±0.005 (6s)
[gen   10] fit mean=   1.940 max=   5.995 theta=   4.409 accept=6/10 lr=0.0032 g=0.454±0.011 (43s)
[gen   20] fit mean=   6.386 max=   8.141 theta=   7.165 accept=15/20 lr=0.0070 g=0.471±0.010 (86s)
[gen   30] fit mean=   1.878 max=   2.972 theta=   2.151 accept=21/30 lr=0.0032 g=0.337±0.016 (129s)
[gen   40] fit mean=  -2.873 max=  -0.444 theta=  -1.355 accept=28/40 lr=0.0044 g=0.339±0.026 (171s)
[gen   50] fit mean=   6.194 max=   8.938 theta=   6.253 accept=33/50 lr=0.0025 g=0.336±0.019 (217s)
[gen   60] fit mean=  -3.126 max=   2.557 theta=  -1.696 accept=39/60 lr=0.0025 g=0.305±0.012 (260s)
[gen   70] fit mean=   3.020 max=   7.437 theta=   3.618 accept=44/70 lr=0.0025 g=0.316±0.015 (302s)
[gen   80] fit mean=  -1.643 max=   0.481 theta=   0.549 accept=50/80 lr=0.0033 g=0.305±0.023 (347s)
[gen   90] fit mean=   1.795 max=   3.230 theta=   2.700 accept=56/90 lr=0.0040 g=0.298±0.019 (389s)
[gen  100] fit mean=  -4.856 max=  -3.349 theta=  -5.091 accept=61/100 lr=0.0025 g=0.280±0.016 (432s)
[gen  110] fit mean=  -0.093 max=   1.905 theta=   0.575 accept=67/110 lr=0.0040 g=0.280±0.020 (477s)
[gen  120] fit mean=   2.123 max=   5.202 theta=   0.095 accept=73/120 lr=0.0028 g=0.255±0.016 (518s)
[gen  130] fit mean=   3.729 max=   5.907 theta=   4.185 accept=82/130 lr=0.0070 g=0.297±0.032 (561s)
[gen  140] fit mean=  -4.766 max=   1.167 theta=  -3.989 accept=85/140 lr=0.0025 g=0.291±0.034 (602s)
[gen  150] fit mean=   1.950 max=   6.069 theta=   4.725 accept=89/150 lr=0.0025 g=0.303±0.028 (646s)
[gen  160] fit mean=   0.517 max=   3.983 theta=   0.834 accept=94/160 lr=0.0025 g=0.315±0.027 (691s)
[gen  170] fit mean=   0.887 max=   3.230 theta=   2.686 accept=99/170 lr=0.0044 g=0.311±0.031 (730s)
[gen  180] fit mean=   1.141 max=   4.913 theta=  -0.711 accept=107/180 lr=0.0066 g=0.328±0.027 (771s)
[gen  190] fit mean=   7.545 max=   9.729 theta=   8.066 accept=113/190 lr=0.0036 g=0.356±0.031 (813s)
[gen  200] fit mean=  -1.584 max=   4.234 theta=  -1.466 accept=121/200 lr=0.0055 g=0.369±0.029 (856s)
=== GATE seed 1 Wed Sep 23 14:35:06     2026
[gating] 학습 파라미터 177개, pop 32, 후보당 8교전, σ 0.05, lr 0.01, rl results/es/ckpt_seed11_gen00300.npz
[gen    1] fit mean=   0.999 max=   5.738 theta=   0.859 accept=0/1 lr=0.0070 g=0.491±0.002 (6s)
[gen   10] fit mean=  -3.584 max=   1.551 theta=  -1.401 accept=7/10 lr=0.0070 g=0.537±0.007 (48s)
[gen   20] fit mean=  -1.171 max=   1.669 theta=  -0.405 accept=13/20 lr=0.0039 g=0.490±0.011 (131s)
[gen   30] fit mean=  10.396 max=  15.464 theta=  16.409 accept=19/30 lr=0.0038 g=0.515±0.010 (273s)
[gen   40] fit mean=   4.496 max=   9.393 theta=   8.023 accept=25/40 lr=0.0029 g=0.506±0.007 (403s)
[gen   50] fit mean=   5.572 max=   8.947 theta=   8.152 accept=34/50 lr=0.0070 g=0.526±0.013 (545s)
[gen   60] fit mean=   6.381 max=  12.128 theta=   7.817 accept=42/60 lr=0.0100 g=0.568±0.013 (684s)
[gen   70] fit mean=   6.064 max=  10.858 theta=   2.912 accept=47/70 lr=0.0034 g=0.571±0.014 (819s)
[gen   80] fit mean=   2.625 max=   6.041 theta=   3.452 accept=54/80 lr=0.0031 g=0.527±0.017 (966s)
[gen   90] fit mean=   3.382 max=   6.427 theta=   4.592 accept=59/90 lr=0.0029 g=0.524±0.014 (1112s)
[gen  100] fit mean=   7.264 max=  10.898 theta=   7.521 accept=63/100 lr=0.0029 g=0.527±0.016 (1242s)
[gen  110] fit mean=   3.546 max=   6.809 theta=   3.418 accept=69/110 lr=0.0050 g=0.514±0.018 (1336s)
[gen  120] fit mean=   4.098 max=   8.000 theta=   5.954 accept=74/120 lr=0.0029 g=0.532±0.021 (1484s)
[gen  130] fit mean=  -5.282 max=  -0.842 theta=  -5.462 accept=82/130 lr=0.0043 g=0.501±0.028 (1617s)
[gen  140] fit mean=  -1.993 max=   3.627 theta=  -0.728 accept=91/140 lr=0.0100 g=0.527±0.047 (1765s)
[gen  150] fit mean=   5.876 max=  10.343 theta=   7.832 accept=97/150 lr=0.0037 g=0.518±0.050 (1901s)
[gen  160] fit mean=   4.905 max=   6.358 theta=   5.950 accept=106/160 lr=0.0090 g=0.569±0.050 (2042s)
[gen  170] fit mean=   1.506 max=   4.669 theta=   0.262 accept=109/170 lr=0.0029 g=0.520±0.052 (2190s)
[gen  180] fit mean=  -0.104 max=   2.889 theta=   2.394 accept=114/180 lr=0.0029 g=0.517±0.057 (2350s)
[gen  190] fit mean=   1.716 max=   4.847 theta=   3.145 accept=118/190 lr=0.0029 g=0.537±0.062 (2471s)
[gen  200] fit mean=   2.963 max=   4.984 theta=   4.456 accept=125/200 lr=0.0040 g=0.583±0.051 (2619s)
=== GATE seed 2 Wed Sep 23 15:18:46     2026
[gating] 학습 파라미터 177개, pop 32, 후보당 8교전, σ 0.05, lr 0.01, rl results/es/ckpt_seed11_gen00300.npz
[gen    1] fit mean=  12.797 max=  16.449 theta=  14.306 accept=1/1 lr=0.0100 g=0.466±0.003 (16s)
[gen   10] fit mean=  -1.276 max=   3.157 theta=  -0.369 accept=6/10 lr=0.0032 g=0.486±0.012 (153s)
[gen   20] fit mean=   4.083 max=   7.206 theta=   5.146 accept=11/20 lr=0.0029 g=0.447±0.016 (286s)
Process SpawnPoolWorker-1:
Traceback (most recent call last):
  File "C:\Users\User\anaconda3\Lib\multiprocessing\pool.py", line 131, in worker
    put((job, i, result))
    ~~~^^^^^^^^^^^^^^^^^^
  File "C:\Users\User\anaconda3\Lib\multiprocessing\queues.py", line 394, in put
    self._writer.send_bytes(obj)
    ~~~~~~~~~~~~~~~~~~~~~~~^^^^^
  File "C:\Users\User\anaconda3\Lib\multiprocessing\connection.py", line 200, in send_bytes
    self._send_bytes(m[offset:offset + size])
    ~~~~~~~~~~~~~~~~^^^^^^^^^^^^^^^^^^^^^^^^^
  File "C:\Users\User\anaconda3\Lib\multiprocessing\connection.py", line 289, in _send_bytes
    ov, err = _winapi.WriteFile(self._handle, buf, overlapped=True)
              ~~~~~~~~~~~~~~~~~^^^^^^^^^^^^^^^^^^^^^^^^^^^^^^^^^^^^
BrokenPipeError: [WinError 232] 파이프가 닫히는 중입니다

During handling of the above exception, another exception occurred:

Traceback (most recent call last):
  File "C:\Users\User\anaconda3\Lib\multiprocessing\process.py", line 313, in _bootstrap
    self.run()
    ~~~~~~~~^^
  File "C:\Users\User\anaconda3\Lib\multiprocessing\process.py", line 108, in run
    self._target(*self._args, **self._kwargs)
    ~~~~~~~~~~~~^^^^^^^^^^^^^^^^^^^^^^^^^^^^^
  File "C:\Users\User\anaconda3\Lib\multiprocessing\pool.py", line 136, in worker
    put((job, i, (False, wrapped)))
    ~~~^^^^^^^^^^^^^^^^^^^^^^^^^^^^
  File "C:\Users\User\anaconda3\Lib\multiprocessing\queues.py", line 394, in put
    self._writer.send_bytes(obj)
    ~~~~~~~~~~~~~~~~~~~~~~~^^^^^
  File "C:\Users\User\anaconda3\Lib\multiprocessing\connection.py", line 200, in send_bytes
    self._send_bytes(m[offset:offset + size])
    ~~~~~~~~~~~~~~~~^^^^^^^^^^^^^^^^^^^^^^^^^
  File "C:\Users\User\anaconda3\Lib\multiprocessing\connection.py", line 289, in _send_bytes
    ov, err = _winapi.WriteFile(self._handle, buf, overlapped=True)
              ~~~~~~~~~~~~~~~~~^^^^^^^^^^^^^^^^^^^^^^^^^^^^^^^^^^^^
BrokenPipeError: [WinError 232] 파이프가 닫히는 중입니다
Process SpawnPoolWorker-10:
Traceback (most recent call last):
  File "C:\Users\User\anaconda3\Lib\multiprocessing\pool.py", line 131, in worker
    put((job, i, result))
    ~~~^^^^^^^^^^^^^^^^^^
  File "C:\Users\User\anaconda3\Lib\multiprocessing\queues.py", line 394, in put
    self._writer.send_bytes(obj)
    ~~~~~~~~~~~~~~~~~~~~~~~^^^^^
  File "C:\Users\User\anaconda3\Lib\multiprocessing\connection.py", line 200, in send_bytes
    self._send_bytes(m[offset:offset + size])
    ~~~~~~~~~~~~~~~~^^^^^^^^^^^^^^^^^^^^^^^^^
  File "C:\Users\User\anaconda3\Lib\multiprocessing\connection.py", line 289, in _send_bytes
    ov, err = _winapi.WriteFile(self._handle, buf, overlapped=True)
              ~~~~~~~~~~~~~~~~~^^^^^^^^^^^^^^^^^^^^^^^^^^^^^^^^^^^^
BrokenPipeError: [WinError 232] 파이프가 닫히는 중입니다

During handling of the above exception, another exception occurred:

Traceback (most recent call last):
  File "C:\Users\User\anaconda3\Lib\multiprocessing\process.py", line 313, in _bootstrap
    self.run()
    ~~~~~~~~^^
  File "C:\Users\User\anaconda3\Lib\multiprocessing\process.py", line 108, in run
    self._target(*self._args, **self._kwargs)
    ~~~~~~~~~~~~^^^^^^^^^^^^^^^^^^^^^^^^^^^^^
  File "C:\Users\User\anaconda3\Lib\multiprocessing\pool.py", line 136, in worker
    put((job, i, (False, wrapped)))
    ~~~^^^^^^^^^^^^^^^^^^^^^^^^^^^^
  File "C:\Users\User\anaconda3\Lib\multiprocessing\queues.py", line 394, in put
    self._writer.send_bytes(obj)
    ~~~~~~~~~~~~~~~~~~~~~~~^^^^^
  File "C:\Users\User\anaconda3\Lib\multiprocessing\connection.py", line 200, in send_bytes
    self._send_bytes(m[offset:offset + size])
    ~~~~~~~~~~~~~~~~^^^^^^^^^^^^^^^^^^^^^^^^^
  File "C:\Users\User\anaconda3\Lib\multiprocessing\connection.py", line 289, in _send_bytes
    ov, err = _winapi.WriteFile(self._handle, buf, overlapped=True)
              ~~~~~~~~~~~~~~~~~^^^^^^^^^^^^^^^^^^^^^^^^^^^^^^^^^^^^
BrokenPipeError: [WinError 232] 파이프가 닫히는 중입니다
