[gen    1] fit mean= -14.451 max=  -7.199 alpha>=0.15 (6s)
[gen   20] fit mean=  -6.952 max=   1.172 alpha>=0.21 (105s)
[gen   40] fit mean=  -1.930 max=   1.600 alpha>=0.27 (219s)
[gen   60] fit mean=  -0.651 max=   3.007 alpha>=0.33 (342s)
[gen   80] fit mean=  -0.229 max=   1.669 alpha>=0.39 (472s)
[gen  100] fit mean=  -2.108 max=  -0.111 alpha>=0.45 (601s)
[gen  120] fit mean=   0.985 max=   1.627 alpha>=0.51 (717s)
[gen  140] fit mean=   1.204 max=   1.879 alpha>=0.57 (833s)
[gen  160] fit mean=  -1.365 max=   1.698 alpha>=0.64 (948s)
[gen  180] fit mean=   0.142 max=   1.982 alpha>=0.70 (1068s)
[gen  200] fit mean=   1.288 max=   2.066 alpha>=0.76 (1196s)
[gen  220] fit mean=   0.600 max=   1.970 alpha>=0.82 (1320s)
[gen  240] fit mean=   0.081 max=   0.438 alpha>=0.88 (1454s)
[gen  260] fit mean=   1.428 max=   1.780 alpha>=0.90 (1589s)
[gen  280] fit mean=  -3.980 max=  -1.614 alpha>=0.90 (1723s)
[gen  300] fit mean=  -2.925 max=  -2.443 alpha>=0.90 (1870s)
[gen  320] fit mean=   1.486 max=   1.937 alpha>=0.90 (2062s)
[gen  340] fit mean=   1.812 max=   2.070 alpha>=0.90 (2214s)
[gen  360] fit mean=   0.107 max=   0.253 alpha>=0.90 (2356s)
[gen  380] fit mean=  -0.121 max=   0.117 alpha>=0.90 (2495s)
[gen  400] fit mean=  -0.587 max=  -0.258 alpha>=0.90 (2633s)
