ÃÊ±âÈ­: results/es/bc_init.npz (hidden=(32, 32), 1827 params)
[gen    1] fit mean=  -5.633 max=   3.712 theta=  -0.381 accept=1/1 lr=0.0100 alpha>=0.25 (7s)
[gen   15] fit mean=   2.496 max=  11.034 theta=   1.281 accept=7/15 lr=0.0044 alpha>=0.25 (92s)
[gen   30] fit mean=  -5.502 max=   1.238 theta=  -0.407 accept=15/30 lr=0.0029 alpha>=0.25 (186s)
[gen   45] fit mean=   0.502 max=  12.501 theta=   5.652 accept=28/45 lr=0.0087 alpha>=0.25 (281s)
[gen   60] fit mean=  -1.995 max=   8.847 theta=   6.954 accept=36/60 lr=0.0038 alpha>=0.25 (374s)
[gen   75] fit mean=  13.482 max=  24.236 theta=  23.666 accept=43/75 lr=0.0025 alpha>=0.25 (467s)
[gen   90] fit mean=   6.609 max=  17.811 theta=  13.402 accept=51/90 lr=0.0029 alpha>=0.25 (543s)
[gen  105] fit mean=  -4.954 max=   3.748 theta=   1.539 accept=63/105 lr=0.0062 alpha>=0.25 (611s)
[gen  120] fit mean=  -3.823 max=   2.754 theta=  -1.946 accept=71/120 lr=0.0035 alpha>=0.25 (683s)
[gen  135] fit mean=   2.577 max=   9.950 theta=   7.791 accept=82/135 lr=0.0039 alpha>=0.25 (751s)
[gen  150] fit mean=  -7.097 max=  -1.905 theta=  -4.461 accept=91/150 lr=0.0027 alpha>=0.25 (827s)
[gen  165] fit mean=  -6.216 max=   3.613 theta=   2.618 accept=101/165 lr=0.0050 alpha>=0.25 (906s)
[gen  180] fit mean=  -2.874 max=   6.350 theta=   1.831 accept=108/180 lr=0.0029 alpha>=0.25 (985s)
[gen  195] fit mean=  -2.923 max=   5.413 theta=   2.251 accept=116/195 lr=0.0029 alpha>=0.25 (1064s)
[gen  210] fit mean=   2.508 max=  14.797 theta=   9.029 accept=129/210 lr=0.0080 alpha>=0.25 (1143s)
[gen  225] fit mean=  -8.110 max=  -1.836 theta=  -5.585 accept=142/225 lr=0.0070 alpha>=0.25 (1217s)
[gen  240] fit mean=  -2.708 max=   1.277 theta=   0.689 accept=152/240 lr=0.0048 alpha>=0.25 (1292s)
[gen  255] fit mean=  -1.010 max=  10.296 theta=   8.767 accept=161/255 lr=0.0025 alpha>=0.25 (1364s)
[gen  270] fit mean=  -3.527 max=   8.771 theta=  -0.522 accept=171/270 lr=0.0035 alpha>=0.25 (1484s)
[gen  285] fit mean=   2.699 max=  14.878 theta=  12.610 accept=179/285 lr=0.0029 alpha>=0.25 (1583s)
[gen  300] fit mean=  -4.083 max=   1.216 theta=   3.328 accept=190/300 lr=0.0047 alpha>=0.25 (1668s)
